Archive member included to satisfy reference by file (symbol)

C:/devkitPro/libctru/lib\libcitro2d.a(base.o)
                              main.o (C2D_Init)
C:/devkitPro/libctru/lib\libcitro2d.a(render2d.shbin.o)
                              C:/devkitPro/libctru/lib\libcitro2d.a(base.o) (render2d_shbin_size)
C:/devkitPro/libctru/lib\libcitro3d.a(base.o)
                              main.o (C3D_Init)
C:/devkitPro/libctru/lib\libcitro3d.a(renderqueue.o)
                              main.o (C3D_FrameBegin)
C:/devkitPro/libctru/lib\libcitro3d.a(texture.o)
                              C:/devkitPro/libctru/lib\libcitro2d.a(base.o) (C3D_TexBind)
C:/devkitPro/libctru/lib\libcitro3d.a(framebuffer.o)
                              C:/devkitPro/libctru/lib\libcitro3d.a(renderqueue.o) (C3D_CalcColorBufSize)
C:/devkitPro/libctru/lib\libcitro3d.a(texenv.o)
                              C:/devkitPro/libctru/lib\libcitro2d.a(base.o) (C3D_GetTexEnv)
C:/devkitPro/libctru/lib\libcitro3d.a(proctex.o)
                              C:/devkitPro/libctru/lib\libcitro2d.a(base.o) (C3D_ProcTexInit)
C:/devkitPro/libctru/lib\libcitro3d.a(buffers.o)
                              C:/devkitPro/libctru/lib\libcitro2d.a(base.o) (BufInfo_Init)
C:/devkitPro/libctru/lib\libcitro3d.a(drawArrays.o)
                              C:/devkitPro/libctru/lib\libcitro2d.a(base.o) (C3D_DrawArrays)
C:/devkitPro/libctru/lib\libcitro3d.a(effect.o)
                              C:/devkitPro/libctru/lib\libcitro3d.a(base.o) (C3D_DepthMap)
C:/devkitPro/libctru/lib\libcitro3d.a(attribs.o)
                              C:/devkitPro/libctru/lib\libcitro2d.a(base.o) (AttrInfo_Init)
C:/devkitPro/libctru/lib\libcitro3d.a(immediate.o)
                              C:/devkitPro/libctru/lib\libcitro3d.a(base.o) (C3D_ImmSendAttrib)
C:/devkitPro/libctru/lib\libcitro3d.a(uniforms.o)
                              C:/devkitPro/libctru/lib\libcitro3d.a(base.o) (C3D_UpdateUniforms)
C:/devkitPro/libctru/lib\libcitro3d.a(mtx_ortho.o)
                              C:/devkitPro/libctru/lib\libcitro2d.a(base.o) (Mtx_Ortho)
C:/devkitPro/libctru/lib\libcitro3d.a(mtx_orthotilt.o)
                              C:/devkitPro/libctru/lib\libcitro2d.a(base.o) (Mtx_OrthoTilt)
C:/devkitPro/libctru/lib\libctru.a(vram.o)
                              C:/devkitPro/libctru/lib\libcitro3d.a(renderqueue.o) (vramAlloc)
C:/devkitPro/libctru/lib\libctru.a(linear.o)
                              C:/devkitPro/libctru/lib\libcitro2d.a(base.o) (linearAlloc)
C:/devkitPro/libctru/lib\libctru.a(mem_pool.o)
                              C:/devkitPro/libctru/lib\libctru.a(vram.o) (MemPool::Allocate(MemChunk&, unsigned long, int))
C:/devkitPro/libctru/lib\libctru.a(os.o)
                              C:/devkitPro/libctru/lib\libcitro3d.a(texture.o) (osConvertVirtToPhys)
C:/devkitPro/libctru/lib\libctru.a(console.o)
                              main.o (consoleInit)
C:/devkitPro/libctru/lib\libctru.a(gfx.o)
                              C:/devkitPro/libctru/lib\libcitro3d.a(renderqueue.o) (gfxIs3D)
C:/devkitPro/libctru/lib\libctru.a(shaderProgram.o)
                              C:/devkitPro/libctru/lib\libcitro2d.a(base.o) (shaderInstanceGetUniformLocation)
C:/devkitPro/libctru/lib\libctru.a(shbin.o)
                              C:/devkitPro/libctru/lib\libcitro2d.a(base.o) (DVLB_ParseFile)
C:/devkitPro/libctru/lib\libctru.a(gx.o)
                              C:/devkitPro/libctru/lib\libctru.a(gfx.o) (gxCmdBuf)
C:/devkitPro/libctru/lib\libctru.a(gxqueue.o)
                              C:/devkitPro/libctru/lib\libcitro3d.a(renderqueue.o) (gxCmdQueueClear)
C:/devkitPro/libctru/lib\libctru.a(gpu.o)
                              C:/devkitPro/libctru/lib\libcitro3d.a(base.o) (gpuCmdBufOffset)
C:/devkitPro/libctru/lib\libctru.a(gspgpu.o)
                              C:/devkitPro/libctru/lib\libctru.a(gfx.o) (gspInit)
C:/devkitPro/libctru/lib\libctru.a(apt.o)
                              C:/devkitPro/libctru/lib\libcitro3d.a(base.o) (aptHook)
C:/devkitPro/libctru/lib\libctru.a(hid.o)
                              main.o (hidScanInput)
C:/devkitPro/libctru/lib\libctru.a(ptmsysm.o)
                              C:/devkitPro/libctru/lib\libctru.a(os.o) (ptmSysmInit)
C:/devkitPro/libctru/lib\libctru.a(rbtree_init.o)
                              C:/devkitPro/libctru/lib\libctru.a(vram.o) (rbtree_init)
C:/devkitPro/libctru/lib\libctru.a(rbtree_insert.o)
                              C:/devkitPro/libctru/lib\libctru.a(vram.o) (rbtree_insert)
C:/devkitPro/libctru/lib\libctru.a(rbtree_rotate.o)
                              C:/devkitPro/libctru/lib\libctru.a(rbtree_insert.o) (rbtree_rotate)
C:/devkitPro/libctru/lib\libctru.a(rbtree_remove.o)
                              C:/devkitPro/libctru/lib\libctru.a(vram.o) (rbtree_remove)
C:/devkitPro/libctru/lib\libctru.a(rbtree_find.o)
                              C:/devkitPro/libctru/lib\libctru.a(vram.o) (rbtree_find)
C:/devkitPro/libctru/lib\libctru.a(initSystem.o)
[...]
Memory Configuration

Name             Origin             Length             Attributes
*default*        0x0000000000000000 0xffffffffffffffff

Linker script and memory map

                0x0000000000100000                PROVIDE (__start__ = 0x100000)
                0x0000000000100000                . = __start__

.text           0x0000000000100000    0x216ec
 *(.crt0)
 .crt0          0x0000000000100000       0x94 c:/devkitpro/devkitarm/bin/../lib/gcc/arm-none-eabi/8.3.0/../../../../arm-none-eabi/lib/armv6k/fpu/3dsx_crt0.o
                0x0000000000100000                _start
                0x0000000000100008                __service_ptr
                0x000000000010000c                __apt_appid
                0x0000000000100010                __heap_size
                0x0000000000100014                __linear_heap_size
                0x0000000000100018                __system_arglist
                0x000000000010001c                __system_runflags
 *(.init)
 .init          0x0000000000100094        0xc c:/devkitpro/devkitarm/bin/../lib/gcc/arm-none-eabi/8.3.0/armv6k/fpu/crti.o
                0x0000000000100094                _init
 .init          0x00000000001000a0        0xc c:/devkitpro/devkitarm/bin/../lib/gcc/arm-none-eabi/8.3.0/armv6k/fpu/crtn.o
                0x00000000001000ac                . = ALIGN (0x4)
 *(.text)
 .text          0x00000000001000ac       0x64 C:/devkitPro/libctru/lib\libctru.a(stack_adjust.o)
                0x00000000001000ac                initSystem
                0x00000000001000f0                __ctru_exit
 .text          0x0000000000100110      0x240 c:/devkitpro/devkitarm/bin/../lib/gcc/arm-none-eabi/8.3.0/armv6k/fpu\libgcc.a(_divsi3.o)
                0x0000000000100110                __divsi3
                0x0000000000100110                __aeabi_idiv
                0x0000000000100330                __aeabi_idivmod
 .text          0x0000000000100350        0x4 c:/devkitpro/devkitarm/bin/../lib/gcc/arm-none-eabi/8.3.0/armv6k/fpu\libgcc.a(_dvmd_tls.o)
                0x0000000000100350                __aeabi_idiv0
                0x0000000000100350                __aeabi_ldiv0
 .text          0x0000000000100354      0x3c0 c:/devkitpro/devkitarm/bin/../lib/gcc/arm-none-eabi/8.3.0/armv6k/fpu\libgcc.a(_arm_addsubdf3.o)
                0x0000000000100354                __aeabi_drsub
                0x000000000010035c                __aeabi_dsub
                0x000000000010035c                __subdf3
                0x0000000000100360                __aeabi_dadd
                0x0000000000100360                __adddf3
                0x000000000010060c                __floatunsidf
                0x000000000010060c                __aeabi_ui2d
                0x0000000000100630                __floatsidf
                0x0000000000100630                __aeabi_i2d
                0x0000000000100658                __aeabi_f2d
                0x0000000000100658                __extendsfdf2
                0x00000000001006a0                __floatundidf
                0x00000000001006a0                __aeabi_ul2d
                0x00000000001006b4                __floatdidf
                0x00000000001006b4                __aeabi_l2d
 .text          0x0000000000100714       0x3c c:/devkitpro/devkitarm/bin/../lib/gcc/arm-none-eabi/8.3.0/armv6k/fpu\libgcc.a(_aeabi_uldivmod.o)
                0x0000000000100714                __aeabi_uldivmod
 *fill*         0x0000000000100750       0x10 
 .text          0x0000000000100760      0x390 c:/devkitpro/devkitarm/bin/../lib/gcc/arm-none-eabi/8.3.0/../../../../arm-none-eabi/lib/armv6k/fpu\libg.a(lib_a-strcmp.o)
                0x0000000000100768                strcmp
 .text          0x0000000000100af0      0x20c c:/devkitpro/devkitarm/bin/../lib/gcc/arm-none-eabi/8.3.0/armv6k/fpu\libgcc.a(_udivsi3.o)
                0x0000000000100af0                __aeabi_uidiv
                0x0000000000100af0                __udivsi3
                0x0000000000100cdc                __aeabi_uidivmod
 *(.text.*)
 .text.deregister_tm_clones
                0x0000000000100cfc       0x2c c:/devkitpro/devkitarm/bin/../lib/gcc/arm-none-eabi/8.3.0/armv6k/fpu/crtbegin.o
 .text.register_tm_clones
                0x0000000000100d28       0x38 c:/devkitpro/devkitarm/bin/../lib/gcc/arm-none-eabi/8.3.0/armv6k/fpu/crtbegin.o
 .text.__do_global_dtors_aux
                0x0000000000100d60       0x44 c:/devkitpro/devkitarm/bin/../lib/gcc/arm-none-eabi/8.3.0/armv6k/fpu/crtbegin.o
 .text.frame_dummy
                0x0000000000100da4       0x34 c:/devkitpro/devkitarm/bin/../lib/gcc/arm-none-eabi/8.3.0/armv6k/fpu/crtbegin.o
 .text.startup.main
                0x0000000000100dd8      0x26c main.o
                0x0000000000100dd8                main
 .text.C2D_Init
                0x0000000000101044      0x32c C:/devkitPro/libctru/lib\libcitro2d.a(base.o)
                0x0000000000101044                C2D_Init
 .text.C2D_Fini
                0x0000000000101370       0x48 C:/devkitPro/libctru/lib\libcitro2d.a(base.o)
                0x0000000000101370                C2D_Fini
 .text.C2D_Prepare
                0x00000000001013b8       0xc8 C:/devkitPro/libctru/lib\libcitro2d.a(base.o)
                0x00000000001013b8                C2D_Prepare
 .text.C2D_SceneSize
                0x0000000000101480      0x10c C:/devkitPro/libctru/lib\libcitro2d.a(base.o)
                0x0000000000101480                C2D_SceneSize
 .text.C2D_CreateScreenTarget
                0x000000000010158c       0x44 C:/devkitPro/libctru/lib\libcitro2d.a(base.o)
                0x000000000010158c                C2D_CreateScreenTarget
 .text.C2Di_FlushVtxBuf
                0x00000000001015d0       0x30 C:/devkitPro/libctru/lib\libcitro2d.a(base.o)
                0x00000000001015d0                C2Di_FlushVtxBuf
 .text.C2Di_FrameEndHook
                0x0000000000101600       0x20 C:/devkitPro/libctru/lib\libcitro2d.a(base.o)
 .text.C2D_Flush
                0x0000000000101620       0x18 C:/devkitPro/libctru/lib\libcitro2d.a(base.o)
                0x0000000000101620                C2D_Flush
 .text.C2D_TargetClear
                0x0000000000101638       0x30 C:/devkitPro/libctru/lib\libcitro2d.a(base.o)
                0x0000000000101638                C2D_TargetClear
 .text.C2Di_Update
                0x0000000000101668      0x218 C:/devkitPro/libctru/lib\libcitro2d.a(base.o)
                0x0000000000101668                C2Di_Update
 .text.C2D_DrawTriangle
                0x0000000000101880      0x130 C:/devkitPro/libctru/lib\libcitro2d.a(base.o)
                0x0000000000101880                C2D_DrawTriangle
 .text.C2D_DrawRectangle
                0x00000000001019b0      0x1c0 C:/devkitPro/libctru/lib\libcitro2d.a(base.o)
                0x00000000001019b0                C2D_DrawRectangle
 .text.C2D_DrawEllipse
                0x0000000000101b70      0x1a8 C:/devkitPro/libctru/lib\libcitro2d.a(base.o)
                0x0000000000101b70                C2D_DrawEllipse
 .text.C3Di_SplitFrame.part.1
                0x0000000000101d18       0xc4 C:/devkitPro/libctru/lib\libcitro3d.a(base.o)
 .text.C3Di_LightEnvUpdate
                0x0000000000101ddc        0x4 C:/devkitPro/libctru/lib\libcitro3d.a(base.o)
                0x0000000000101ddc                C3Di_LightEnvUpdate
 .text.C3Di_LightEnvDirty
                0x0000000000101de0        0x4 C:/devkitPro/libctru/lib\libcitro3d.a(base.o)
                0x0000000000101de0                C3Di_LightEnvDirty
 .text.C3Di_AptEventHook
                0x0000000000101de4       0xac C:/devkitPro/libctru/lib\libcitro3d.a(base.o)
 .text.C3Di_GasUpdate
                0x0000000000101e90        0x4 C:/devkitPro/libctru/lib\libcitro3d.a(base.o)
                0x0000000000101e90                C3Di_GasUpdate
 .text.C3D_Init
                0x0000000000101e94      0x21c C:/devkitPro/libctru/lib\libcitro3d.a(base.o)
                0x0000000000101e94                C3D_Init
 .text.C3D_SetViewport
                0x00000000001020b0       0x98 C:/devkitPro/libctru/lib\libcitro3d.a(base.o)
                0x00000000001020b0                C3D_SetViewport
 .text.C3Di_UpdateContext
                0x0000000000102148      0x50c C:/devkitPro/libctru/lib\libcitro3d.a(base.o)
                0x0000000000102148                C3Di_UpdateContext
 .text.C3Di_SplitFrame
                0x0000000000102654       0x20 C:/devkitPro/libctru/lib\libcitro3d.a(base.o)
                0x0000000000102654                C3Di_SplitFrame
 .text.C3D_GetCmdBufUsage
                0x0000000000102674       0x10 C:/devkitPro/libctru/lib\libcitro3d.a(base.o)
                0x0000000000102674                C3D_GetCmdBufUsage
 .text.C3D_Fini
                0x0000000000102684       0x64 C:/devkitPro/libctru/lib\libcitro3d.a(base.o)
                0x0000000000102684                C3D_Fini
 .text.C3D_BindProgram
                0x00000000001026e8      0x114 C:/devkitPro/libctru/lib\libcitro3d.a(base.o)
                0x00000000001026e8                C3D_BindProgram
 .text.C3Di_RenderQueueInit
                0x00000000001027fc       0x54 C:/devkitPro/libctru/lib\libcitro3d.a(renderqueue.o)
 .text.C3Di_RenderTargetDestroy
                0x0000000000102850       0x80 C:/devkitPro/libctru/lib\libcitro3d.a(renderqueue.o)
 .text.onVBlank1
                0x00000000001028d0       0xac C:/devkitPro/libctru/lib\libcitro3d.a(renderqueue.o)
 .text.onVBlank0
                0x000000000010297c      0x13c C:/devkitPro/libctru/lib\libcitro3d.a(renderqueue.o)
 .text.C3Di_RenderTargetNew
                0x0000000000102ab8        0xc C:/devkitPro/libctru/lib\libcitro3d.a(renderqueue.o)
 .text.C3Di_WaitAndClearQueue
                0x0000000000102ac4       0x7c C:/devkitPro/libctru/lib\libcitro3d.a(renderqueue.o)
 .text.onQueueFinish
                0x0000000000102b40       0xc0 C:/devkitPro/libctru/lib\libcitro3d.a(renderqueue.o)
 .text.C3D_FrameSplit.part.6
                0x0000000000102c00       0x44 C:/devkitPro/libctru/lib\libcitro3d.a(renderqueue.o)
 .text.C3D_FrameSync
                0x0000000000102c44       0x30 C:/devkitPro/libctru/lib\libcitro3d.a(renderqueue.o)
                0x0000000000102c44                C3D_FrameSync
 .text.C3Di_RenderQueueExit
                0x0000000000102c74       0xa0 C:/devkitPro/libctru/lib\libcitro3d.a(renderqueue.o)
                0x0000000000102c74                C3Di_RenderQueueExit
 .text.C3Di_RenderQueueWaitDone
                0x0000000000102d14       0x20 C:/devkitPro/libctru/lib\libcitro3d.a(renderqueue.o)
                0x0000000000102d14                C3Di_RenderQueueWaitDone
 .text.C3D_FrameBegin
                0x0000000000102d34       0x7c C:/devkitPro/libctru/lib\libcitro3d.a(renderqueue.o)
                0x0000000000102d34                C3D_FrameBegin
 .text.C3D_FrameDrawOn
                0x0000000000102db0       0x48 C:/devkitPro/libctru/lib\libcitro3d.a(renderqueue.o)
                0x0000000000102db0                C3D_FrameDrawOn
 .text.C3D_FrameSplit
                0x0000000000102df8       0x18 C:/devkitPro/libctru/lib\libcitro3d.a(renderqueue.o)
                0x0000000000102df8                C3D_FrameSplit
 .text.C3D_FrameEnd
                0x0000000000102e10      0x164 C:/devkitPro/libctru/lib\libcitro3d.a(renderqueue.o)
                0x0000000000102e10                C3D_FrameEnd
 .text.C3D_FrameEndHook
                0x0000000000102f74       0x1c C:/devkitPro/libctru/lib\libcitro3d.a(renderqueue.o)
                0x0000000000102f74                C3D_FrameEndHook
 .text.C3D_GetDrawingTime
                0x0000000000102f90       0x18 C:/devkitPro/libctru/lib\libcitro3d.a(renderqueue.o)
                0x0000000000102f90                C3D_GetDrawingTime
 .text.C3D_GetProcessingTime
                0x0000000000102fa8       0x18 C:/devkitPro/libctru/lib\libcitro3d.a(renderqueue.o)
                0x0000000000102fa8                C3D_GetProcessingTime
 .text.C3D_RenderTargetCreate
                0x0000000000102fc0      0x17c C:/devkitPro/libctru/lib\libcitro3d.a(renderqueue.o)
                0x0000000000102fc0                C3D_RenderTargetCreate
 .text.C3D_RenderTargetSetOutput
                0x000000000010313c       0x4c C:/devkitPro/libctru/lib\libcitro3d.a(renderqueue.o)
                0x000000000010313c                C3D_RenderTargetSetOutput
 .text.C3D_TexBind
                0x0000000000103188       0x48 C:/devkitPro/libctru/lib\libcitro3d.a(texture.o)
                0x0000000000103188                C3D_TexBind
 .text.C3Di_SetTex
                0x00000000001031d0      0x174 C:/devkitPro/libctru/lib\libcitro3d.a(texture.o)
                0x00000000001031d0                C3Di_SetTex
 .text.C3D_CalcColorBufSize
                0x0000000000103344       0x1c C:/devkitPro/libctru/lib\libcitro3d.a(framebuffer.o)
                0x0000000000103344                C3D_CalcColorBufSize
 .text.C3D_CalcDepthBufSize
                0x0000000000103360       0x1c C:/devkitPro/libctru/lib\libcitro3d.a(framebuffer.o)
                0x0000000000103360                C3D_CalcDepthBufSize
 .text.C3D_SetFrameBuf
                0x000000000010337c       0x44 C:/devkitPro/libctru/lib\libcitro3d.a(framebuffer.o)
                0x000000000010337c                C3D_SetFrameBuf
 .text.C3Di_FrameBufBind
                0x00000000001033c0      0x168 C:/devkitPro/libctru/lib\libcitro3d.a(framebuffer.o)
                0x00000000001033c0                C3Di_FrameBufBind
 .text.C3D_FrameBufClear
                0x0000000000103528       0xc8 C:/devkitPro/libctru/lib\libcitro3d.a(framebuffer.o)
                0x0000000000103528                C3D_FrameBufClear
 .text.C3D_FrameBufTransfer
                0x00000000001035f0       0x48 C:/devkitPro/libctru/lib\libcitro3d.a(framebuffer.o)
                0x00000000001035f0                C3D_FrameBufTransfer
 .text.C3D_GetTexEnv
                0x0000000000103638       0x34 C:/devkitPro/libctru/lib\libcitro3d.a(texenv.o)
                0x0000000000103638                C3D_GetTexEnv
 .text.C3Di_TexEnvBind
                0x000000000010366c       0x24 C:/devkitPro/libctru/lib\libcitro3d.a(texenv.o)
                0x000000000010366c                C3Di_TexEnvBind
 .text.C3D_ProcTexInit
                0x0000000000103690       0x6c C:/devkitPro/libctru/lib\libcitro3d.a(proctex.o)
                0x0000000000103690                C3D_ProcTexInit
 .text.C3D_ProcTexBind
                0x00000000001036fc       0x50 C:/devkitPro/libctru/lib\libcitro3d.a(proctex.o)
                0x00000000001036fc                C3D_ProcTexBind
 .text.C3D_ProcTexLutBind
                0x000000000010374c       0x60 C:/devkitPro/libctru/lib\libcitro3d.a(proctex.o)
                0x000000000010374c                C3D_ProcTexLutBind
 .text.ProcTexLut_FromArray
                0x00000000001037ac       0xa4 C:/devkitPro/libctru/lib\libcitro3d.a(proctex.o)
                0x00000000001037ac                ProcTexLut_FromArray
 .text.C3Di_ProcTexUpdate
                0x0000000000103850      0x174 C:/devkitPro/libctru/lib\libcitro3d.a(proctex.o)
                0x0000000000103850                C3Di_ProcTexUpdate
 .text.C3Di_ProcTexDirty
                0x00000000001039c4       0x68 C:/devkitPro/libctru/lib\libcitro3d.a(proctex.o)
                0x00000000001039c4                C3Di_ProcTexDirty
 .text.BufInfo_Init
                0x0000000000103a2c       0x24 C:/devkitPro/libctru/lib\libcitro3d.a(buffers.o)
                0x0000000000103a2c                BufInfo_Init
 .text.BufInfo_Add
                0x0000000000103a50       0x84 C:/devkitPro/libctru/lib\libcitro3d.a(buffers.o)
                0x0000000000103a50                BufInfo_Add
 .text.C3D_SetBufInfo
                0x0000000000103ad4       0x40 C:/devkitPro/libctru/lib\libcitro3d.a(buffers.o)
                0x0000000000103ad4                C3D_SetBufInfo
 .text.C3Di_BufInfoBind
                0x0000000000103b14       0x48 C:/devkitPro/libctru/lib\libcitro3d.a(buffers.o)
                0x0000000000103b14                C3Di_BufInfoBind
 .text.C3D_DrawArrays
                0x0000000000103b5c      0x148 C:/devkitPro/libctru/lib\libcitro3d.a(drawArrays.o)
                0x0000000000103b5c                C3D_DrawArrays
 .text.C3D_DepthMap
                0x0000000000103ca4       0x40 C:/devkitPro/libctru/lib\libcitro3d.a(effect.o)
                0x0000000000103ca4                C3D_DepthMap
 .text.C3D_CullFace
                0x0000000000103ce4       0x1c C:/devkitPro/libctru/lib\libcitro3d.a(effect.o)
                0x0000000000103ce4                C3D_CullFace
 .text.C3D_StencilTest
                0x0000000000103d00       0x40 C:/devkitPro/libctru/lib\libcitro3d.a(effect.o)
                0x0000000000103d00                C3D_StencilTest
 .text.C3D_StencilOp
                0x0000000000103d40       0x24 C:/devkitPro/libctru/lib\libcitro3d.a(effect.o)
                0x0000000000103d40                C3D_StencilOp
 .text.C3D_BlendingColor
                0x0000000000103d64       0x1c C:/devkitPro/libctru/lib\libcitro3d.a(effect.o)
                0x0000000000103d64                C3D_BlendingColor
 .text.C3D_EarlyDepthTest
                0x0000000000103d80       0x24 C:/devkitPro/libctru/lib\libcitro3d.a(effect.o)
                0x0000000000103d80                C3D_EarlyDepthTest
 .text.C3D_DepthTest
                0x0000000000103da4       0x2c C:/devkitPro/libctru/lib\libcitro3d.a(effect.o)
                0x0000000000103da4                C3D_DepthTest
 .text.C3D_AlphaTest
                0x0000000000103dd0       0x2c C:/devkitPro/libctru/lib\libcitro3d.a(effect.o)
                0x0000000000103dd0                C3D_AlphaTest
 .text.C3D_AlphaBlend
                0x0000000000103dfc       0x50 C:/devkitPro/libctru/lib\libcitro3d.a(effect.o)
                0x0000000000103dfc                C3D_AlphaBlend
 .text.C3D_FragOpMode
                0x0000000000103e4c       0x30 C:/devkitPro/libctru/lib\libcitro3d.a(effect.o)
                0x0000000000103e4c                C3D_FragOpMode
 .text.C3D_FragOpShadow
                0x0000000000103e7c       0x44 C:/devkitPro/libctru/lib\libcitro3d.a(effect.o)
                0x0000000000103e7c                C3D_FragOpShadow
 .text.C3Di_EffectBind
                0x0000000000103ec0      0x1ac C:/devkitPro/libctru/lib\libcitro3d.a(effect.o)
                0x0000000000103ec0                C3Di_EffectBind
 .text.AttrInfo_Init
                0x000000000010406c       0x28 C:/devkitPro/libctru/lib\libcitro3d.a(attribs.o)
                0x000000000010406c                AttrInfo_Init
 .text.AttrInfo_AddLoader
                0x0000000000104094       0xa0 C:/devkitPro/libctru/lib\libcitro3d.a(attribs.o)
                0x0000000000104094                AttrInfo_AddLoader
 .text.C3D_SetAttrInfo
                0x0000000000104134       0x54 C:/devkitPro/libctru/lib\libcitro3d.a(attribs.o)
                0x0000000000104134                C3D_SetAttrInfo
 .text.C3Di_AttrInfoBind
                0x0000000000104188       0x80 C:/devkitPro/libctru/lib\libcitro3d.a(attribs.o)
                0x0000000000104188                C3Di_AttrInfoBind
 .text.C3D_ImmSendAttrib
                0x0000000000104208       0xa4 C:/devkitPro/libctru/lib\libcitro3d.a(immediate.o)
                0x0000000000104208                C3D_ImmSendAttrib
 .text.C3D_UpdateUniforms
                0x00000000001042ac      0x2b8 C:/devkitPro/libctru/lib\libcitro3d.a(uniforms.o)
                0x00000000001042ac                C3D_UpdateUniforms
 .text.C3Di_DirtyUniforms
                0x0000000000104564       0xc0 C:/devkitPro/libctru/lib\libcitro3d.a(uniforms.o)
                0x0000000000104564                C3Di_DirtyUniforms
 .text.C3Di_LoadShaderUniforms
                0x0000000000104624       0xe0 C:/devkitPro/libctru/lib\libcitro3d.a(uniforms.o)
                0x0000000000104624                C3Di_LoadShaderUniforms
 .text.C3Di_ClearShaderUniforms
                0x0000000000104704       0x28 C:/devkitPro/libctru/lib\libcitro3d.a(uniforms.o)
                0x0000000000104704                C3Di_ClearShaderUniforms
 .text.Mtx_Ortho
                0x000000000010472c       0xcc C:/devkitPro/libctru/lib\libcitro3d.a(mtx_ortho.o)
                0x000000000010472c                Mtx_Ortho
 .text.Mtx_OrthoTilt
                0x00000000001047f8       0xcc C:/devkitPro/libctru/lib\libcitro3d.a(mtx_orthotilt.o)
                0x00000000001047f8                Mtx_OrthoTilt
 .text._ZL21addrMapNodeComparatorPK11rbtree_nodeS1_
                0x00000000001048c4       0x24 C:/devkitPro/libctru/lib\libctru.a(vram.o)
 .text._ZL21addrMapNodeDestructorP11rbtree_node
                0x00000000001048e8        0x4 C:/devkitPro/libctru/lib\libctru.a(vram.o)
 .text.vramMemAlign
                0x00000000001048ec      0x110 C:/devkitPro/libctru/lib\libctru.a(vram.o)
                0x00000000001048ec                vramMemAlign
 .text.vramAlloc
                0x00000000001049fc        0x8 C:/devkitPro/libctru/lib\libctru.a(vram.o)
                0x00000000001049fc                vramAlloc
 .text.vramFree
                0x0000000000104a04       0x50 C:/devkitPro/libctru/lib\libctru.a(vram.o)
                0x0000000000104a04                vramFree
 .text._ZL21addrMapNodeComparatorPK11rbtree_nodeS1_
                0x0000000000104a54       0x24 C:/devkitPro/libctru/lib\libctru.a(linear.o)
 .text._ZL21addrMapNodeDestructorP11rbtree_node
                0x0000000000104a78        0x4 C:/devkitPro/libctru/lib\libctru.a(linear.o)
 .text.linearMemAlign
                0x0000000000104a7c      0x11c C:/devkitPro/libctru/lib\libctru.a(linear.o)
                0x0000000000104a7c                linearMemAlign
 .text.linearAlloc
                0x0000000000104b98        0x8 C:/devkitPro/libctru/lib\libctru.a(linear.o)
                0x0000000000104b98                linearAlloc
 .text.linearFree
                0x0000000000104ba0       0x50 C:/devkitPro/libctru/lib\libctru.a(linear.o)
                0x0000000000104ba0                linearFree
 .text._ZN7MemPool13CoalesceRightEP8MemBlock
                0x0000000000104bf0       0x90 C:/devkitPro/libctru/lib\libctru.a(mem_pool.o)
                0x0000000000104bf0                MemPool::CoalesceRight(MemBlock*)
 .text._ZN7MemPool8AllocateER8MemChunkmi
                0x0000000000104c80      0x174 C:/devkitPro/libctru/lib\libctru.a(mem_pool.o)
                0x0000000000104c80                MemPool::Allocate(MemChunk&, unsigned long, int)
 .text._ZN7MemPool10DeallocateERK8MemChunk
                0x0000000000104df4       0xfc C:/devkitPro/libctru/lib\libctru.a(mem_pool.o)
                0x0000000000104df4                MemPool::Deallocate(MemChunk const&)
 .text.getSysTime
                0x0000000000104ef0       0x58 C:/devkitPro/libctru/lib\libctru.a(os.o)
 .text.__ctru_speedup_config.part.0
                0x0000000000104f48       0x28 C:/devkitPro/libctru/lib\libctru.a(os.o)
 .text.osConvertVirtToPhys
                0x0000000000104f70       0x4c C:/devkitPro/libctru/lib\libctru.a(os.o)
                0x0000000000104f70                osConvertVirtToPhys
 .text.osGetMemRegionUsed
                0x0000000000104fbc       0x24 C:/devkitPro/libctru/lib\libctru.a(os.o)
                0x0000000000104fbc                osGetMemRegionUsed
 .text.__libctru_gtod
                0x0000000000104fe0      0x128 C:/devkitPro/libctru/lib\libctru.a(os.o)
                0x0000000000104fe0                __libctru_gtod
 .text.osTickCounterRead
                0x0000000000105108       0x38 C:/devkitPro/libctru/lib\libctru.a(os.o)
                0x0000000000105108                osTickCounterRead
 .text.__ctru_speedup_config
                0x0000000000105140       0x18 C:/devkitPro/libctru/lib\libctru.a(os.o)
                0x0000000000105140                __ctru_speedup_config
 .text.consoleDrawChar
                0x0000000000105158      0x1b8 C:/devkitPro/libctru/lib\libctru.a(console.o)
                0x0000000000105158                consoleDrawChar
 .text.consolePrintChar
                0x0000000000105310      0x124 C:/devkitPro/libctru/lib\libctru.a(console.o)
                0x0000000000105310                consolePrintChar
 .text.consoleCls
                0x0000000000105434      0x164 C:/devkitPro/libctru/lib\libctru.a(console.o)
 .text.consoleInit
                0x0000000000105598      0x104 C:/devkitPro/libctru/lib\libctru.a(console.o)
                0x0000000000105598                consoleInit
 .text.consoleClearLine
                0x000000000010569c      0x114 C:/devkitPro/libctru/lib\libctru.a(console.o)
 .text.newRow   0x00000000001057b0       0xc4 C:/devkitPro/libctru/lib\libctru.a(console.o)
 .text.con_write
                0x0000000000105874      0x7b8 C:/devkitPro/libctru/lib\libctru.a(console.o)
                0x0000000000105874                con_write
 .text.gfxSetFramebufferInfo.part.0
                0x000000000010602c       0x8c C:/devkitPro/libctru/lib\libctru.a(gfx.o)
 .text.gfxSetFramebufferInfo
                0x00000000001060b8       0x6c C:/devkitPro/libctru/lib\libctru.a(gfx.o)
 .text.gfxGetFramebuffer.part.1
                0x0000000000106124       0x58 C:/devkitPro/libctru/lib\libctru.a(gfx.o)
 .text.gfxIs3D  0x000000000010617c       0x10 C:/devkitPro/libctru/lib\libctru.a(gfx.o)
                0x000000000010617c                gfxIs3D
 .text.__get_bytes_per_pixel
                0x000000000010618c       0x18 C:/devkitPro/libctru/lib\libctru.a(gfx.o)
                0x000000000010618c                __get_bytes_per_pixel
 .text.gfxSetScreenFormat
                0x00000000001061a4      0x184 C:/devkitPro/libctru/lib\libctru.a(gfx.o)
                0x00000000001061a4                gfxSetScreenFormat
 .text.gfxSetDoubleBuffering
                0x0000000000106328       0x10 C:/devkitPro/libctru/lib\libctru.a(gfx.o)
                0x0000000000106328                gfxSetDoubleBuffering
 .text.gfxInit  0x0000000000106338      0x210 C:/devkitPro/libctru/lib\libctru.a(gfx.o)
                0x0000000000106338                gfxInit
 .text.gfxInitDefault
                0x0000000000106548       0x10 C:/devkitPro/libctru/lib\libctru.a(gfx.o)
                0x0000000000106548                gfxInitDefault
 .text.gfxExit  0x0000000000106558       0xe0 C:/devkitPro/libctru/lib\libctru.a(gfx.o)
                0x0000000000106558                gfxExit
 .text.gfxGetFramebuffer
                0x0000000000106638       0x60 C:/devkitPro/libctru/lib\libctru.a(gfx.o)
                0x0000000000106638                gfxGetFramebuffer
 .text.gfxFlushBuffers
                0x0000000000106698       0xcc C:/devkitPro/libctru/lib\libctru.a(gfx.o)
                0x0000000000106698                gfxFlushBuffers
 .text.gfxConfigScreen
                0x0000000000106764       0xf8 C:/devkitPro/libctru/lib\libctru.a(gfx.o)
                0x0000000000106764                gfxConfigScreen
 .text.gfxSwapBuffersGpu
                0x000000000010685c       0x20 C:/devkitPro/libctru/lib\libctru.a(gfx.o)
                0x000000000010685c                gfxSwapBuffersGpu
 .text.shaderInstanceInit
                0x000000000010687c      0x1ec C:/devkitPro/libctru/lib\libctru.a(shaderProgram.o)
                0x000000000010687c                shaderInstanceInit
 .text.shaderInstanceFree
                0x0000000000106a68       0x34 C:/devkitPro/libctru/lib\libctru.a(shaderProgram.o)
                0x0000000000106a68                shaderInstanceFree
 .text.shaderInstanceGetUniformLocation
                0x0000000000106a9c       0x18 C:/devkitPro/libctru/lib\libctru.a(shaderProgram.o)
                0x0000000000106a9c                shaderInstanceGetUniformLocation
 .text.shaderProgramInit
                0x0000000000106ab4       0x18 C:/devkitPro/libctru/lib\libctru.a(shaderProgram.o)
                0x0000000000106ab4                shaderProgramInit
 .text.shaderProgramFree
                0x0000000000106acc       0x2c C:/devkitPro/libctru/lib\libctru.a(shaderProgram.o)
                0x0000000000106acc                shaderProgramFree
 .text.shaderProgramSetVsh
                0x0000000000106af8       0x6c C:/devkitPro/libctru/lib\libctru.a(shaderProgram.o)
                0x0000000000106af8                shaderProgramSetVsh
 .text.shaderProgramConfigure
                0x0000000000106b64      0x8d4 C:/devkitPro/libctru/lib\libctru.a(shaderProgram.o)
                0x0000000000106b64                shaderProgramConfigure
 .text.DVLE_GenerateOutmap.part.0
                0x0000000000107438      0x1f8 C:/devkitPro/libctru/lib\libctru.a(shbin.o)
 .text.DVLB_ParseFile
                0x0000000000107630      0x1cc C:/devkitPro/libctru/lib\libctru.a(shbin.o)
                0x0000000000107630                DVLB_ParseFile
 .text.DVLB_Free
                0x00000000001077fc       0x38 C:/devkitPro/libctru/lib\libctru.a(shbin.o)
                0x00000000001077fc                DVLB_Free
 .text.DVLE_GetUniformRegister
                0x0000000000107834       0x78 C:/devkitPro/libctru/lib\libctru.a(shbin.o)
                0x0000000000107834                DVLE_GetUniformRegister
 .text.submitGxCommand
                0x00000000001078ac       0x38 C:/devkitPro/libctru/lib\libctru.a(gx.o)
 .text.GX_BindQueue
                0x00000000001078e4       0x10 C:/devkitPro/libctru/lib\libctru.a(gx.o)
                0x00000000001078e4                GX_BindQueue
 .text.GX_ProcessCommandList
                0x00000000001078f4       0x50 C:/devkitPro/libctru/lib\libctru.a(gx.o)
                0x00000000001078f4                GX_ProcessCommandList
 .text.GX_MemoryFill
                0x0000000000107944       0x54 C:/devkitPro/libctru/lib\libctru.a(gx.o)
                0x0000000000107944                GX_MemoryFill
 .text.GX_DisplayTransfer
                0x0000000000107998       0x48 C:/devkitPro/libctru/lib\libctru.a(gx.o)
                0x0000000000107998                GX_DisplayTransfer
 .text.gxCmdQueueDoCommands.part.0
                0x00000000001079e0       0x74 C:/devkitPro/libctru/lib\libctru.a(gxqueue.o)
 .text.gxCmdQueueInterrupt
                0x0000000000107a54       0xc8 C:/devkitPro/libctru/lib\libctru.a(gxqueue.o)
                0x0000000000107a54                gxCmdQueueInterrupt
 .text.gxCmdQueueClear
                0x0000000000107b1c       0x4c C:/devkitPro/libctru/lib\libctru.a(gxqueue.o)
                0x0000000000107b1c                gxCmdQueueClear
 .text.gxCmdQueueAdd
                0x0000000000107b68       0xf8 C:/devkitPro/libctru/lib\libctru.a(gxqueue.o)
                0x0000000000107b68                gxCmdQueueAdd
 .text.gxCmdQueueRun
                0x0000000000107c60       0x80 C:/devkitPro/libctru/lib\libctru.a(gxqueue.o)
                0x0000000000107c60                gxCmdQueueRun
 .text.gxCmdQueueStop
                0x0000000000107ce0       0x60 C:/devkitPro/libctru/lib\libctru.a(gxqueue.o)
                0x0000000000107ce0                gxCmdQueueStop
 .text.gxCmdQueueWait
                0x0000000000107d40       0x84 C:/devkitPro/libctru/lib\libctru.a(gxqueue.o)
                0x0000000000107d40                gxCmdQueueWait
 .text.GPUCMD_Add
                0x0000000000107dc4      0x138 C:/devkitPro/libctru/lib\libctru.a(gpu.o)
                0x0000000000107dc4                GPUCMD_Add
 .text.GPUCMD_Split
                0x0000000000107efc       0xb0 C:/devkitPro/libctru/lib\libctru.a(gpu.o)
                0x0000000000107efc                GPUCMD_Split
 .text.f32tof16
                0x0000000000107fac       0x34 C:/devkitPro/libctru/lib\libctru.a(gpu.o)
                0x0000000000107fac                f32tof16
 .text.f32tof24
                0x0000000000107fe0       0x34 C:/devkitPro/libctru/lib\libctru.a(gpu.o)
                0x0000000000107fe0                f32tof24
 .text.f32tof31
                0x0000000000108014       0x38 C:/devkitPro/libctru/lib\libctru.a(gpu.o)
                0x0000000000108014                f32tof31
 .text.gspInit  0x000000000010804c       0x74 C:/devkitPro/libctru/lib\libctru.a(gspgpu.o)
                0x000000000010804c                gspInit
 .text.gspExit  0x00000000001080c0       0x3c C:/devkitPro/libctru/lib\libctru.a(gspgpu.o)
                0x00000000001080c0                gspExit
 .text.gspSetEventCallback
                0x00000000001080fc       0x34 C:/devkitPro/libctru/lib\libctru.a(gspgpu.o)
                0x00000000001080fc                gspSetEventCallback
 .text.gspInitEventHandler
                0x0000000000108130       0xa0 C:/devkitPro/libctru/lib\libctru.a(gspgpu.o)
                0x0000000000108130                gspInitEventHandler
 .text.gspExitEventHandler
                0x00000000001081d0       0x40 C:/devkitPro/libctru/lib\libctru.a(gspgpu.o)
                0x00000000001081d0                gspExitEventHandler
 .text.gspWaitForEvent
                0x0000000000108210       0x44 C:/devkitPro/libctru/lib\libctru.a(gspgpu.o)
                0x0000000000108210                gspWaitForEvent
 .text.gspWaitForAnyEvent
                0x0000000000108254       0x64 C:/devkitPro/libctru/lib\libctru.a(gspgpu.o)
                0x0000000000108254                gspWaitForAnyEvent
 .text.gspEventThreadMain
                0x00000000001082b8      0x178 C:/devkitPro/libctru/lib\libctru.a(gspgpu.o)
 .text.gspSubmitGxCommand
                0x0000000000108430      0x120 C:/devkitPro/libctru/lib\libctru.a(gspgpu.o)
                0x0000000000108430                gspSubmitGxCommand
 .text.GSPGPU_SetBufferSwap
                0x0000000000108550       0x6c C:/devkitPro/libctru/lib\libctru.a(gspgpu.o)
                0x0000000000108550                GSPGPU_SetBufferSwap
 .text.GSPGPU_FlushDataCache
                0x00000000001085bc       0x4c C:/devkitPro/libctru/lib\libctru.a(gspgpu.o)
                0x00000000001085bc                GSPGPU_FlushDataCache
 .text.GSPGPU_SetLcdForceBlack
                0x0000000000108608       0x34 C:/devkitPro/libctru/lib\libctru.a(gspgpu.o)
                0x0000000000108608                GSPGPU_SetLcdForceBlack
 .text.GSPGPU_RegisterInterruptRelayQueue
                0x000000000010863c       0x64 C:/devkitPro/libctru/lib\libctru.a(gspgpu.o)
                0x000000000010863c                GSPGPU_RegisterInterruptRelayQueue
 .text.GSPGPU_UnregisterInterruptRelayQueue
                0x00000000001086a0       0x2c C:/devkitPro/libctru/lib\libctru.a(gspgpu.o)
                0x00000000001086a0                GSPGPU_UnregisterInterruptRelayQueue
 .text.GSPGPU_AcquireRight
                0x00000000001086cc       0x48 C:/devkitPro/libctru/lib\libctru.a(gspgpu.o)
                0x00000000001086cc                GSPGPU_AcquireRight
 .text.GSPGPU_ReleaseRight
                0x0000000000108714       0x2c C:/devkitPro/libctru/lib\libctru.a(gspgpu.o)
                0x0000000000108714                GSPGPU_ReleaseRight
 .text.GSPGPU_ImportDisplayCaptureInfo
                0x0000000000108740       0x80 C:/devkitPro/libctru/lib\libctru.a(gspgpu.o)
                0x0000000000108740                GSPGPU_ImportDisplayCaptureInfo
 .text.GSPGPU_SaveVramSysArea
                0x00000000001087c0       0x2c C:/devkitPro/libctru/lib\libctru.a(gspgpu.o)
                0x00000000001087c0                GSPGPU_SaveVramSysArea
 .text.GSPGPU_RestoreVramSysArea
                0x00000000001087ec       0x2c C:/devkitPro/libctru/lib\libctru.a(gspgpu.o)
                0x00000000001087ec                GSPGPU_RestoreVramSysArea
 .text._aptDebug
                0x0000000000108818        0x4 C:/devkitPro/libctru/lib\libctru.a(apt.o)
                0x0000000000108818                _aptDebug
 .text.aptSendCommand
                0x000000000010881c      0x170 C:/devkitPro/libctru/lib\libctru.a(apt.o)
                0x000000000010881c                aptSendCommand
 .text.aptExitProcess
                0x000000000010898c       0x3c C:/devkitPro/libctru/lib\libctru.a(apt.o)
 .text.aptHook  0x00000000001089c8       0x34 C:/devkitPro/libctru/lib\libctru.a(apt.o)
                0x00000000001089c8                aptHook
 .text.aptUnhook
                0x00000000001089fc       0x2c C:/devkitPro/libctru/lib\libctru.a(apt.o)
                0x00000000001089fc                aptUnhook
 .text.APT_InquireNotification
                0x0000000000108a28       0x4c C:/devkitPro/libctru/lib\libctru.a(apt.o)
                0x0000000000108a28                APT_InquireNotification
 .text.aptEventHandler
                0x0000000000108a74      0x198 C:/devkitPro/libctru/lib\libctru.a(apt.o)
 .text.APT_AppletUtility
                0x0000000000108c0c       0x74 C:/devkitPro/libctru/lib\libctru.a(apt.o)
                0x0000000000108c0c                APT_AppletUtility
 .text.aptSetSleepAllowed
                0x0000000000108c80       0xb0 C:/devkitPro/libctru/lib\libctru.a(apt.o)
                0x0000000000108c80                aptSetSleepAllowed
 .text.APT_GlanceParameter
                0x0000000000108d30       0xb0 C:/devkitPro/libctru/lib\libctru.a(apt.o)
                0x0000000000108d30                APT_GlanceParameter
 .text.APT_ReceiveParameter
                0x0000000000108de0       0xc4 C:/devkitPro/libctru/lib\libctru.a(apt.o)
                0x0000000000108de0                APT_ReceiveParameter
 .text.aptReceiveParameter.constprop.0
                0x0000000000108ea4       0xbc C:/devkitPro/libctru/lib\libctru.a(apt.o)
 .text.aptScreenTransfer
                0x0000000000108f60      0x1e0 C:/devkitPro/libctru/lib\libctru.a(apt.o)
 .text.aptWaitForWakeUp
                0x0000000000109140      0x210 C:/devkitPro/libctru/lib\libctru.a(apt.o)
 .text.APT_CancelParameter
                0x0000000000109350       0x70 C:/devkitPro/libctru/lib\libctru.a(apt.o)
                0x0000000000109350                APT_CancelParameter
 .text.aptInit  0x00000000001093c0      0x25c C:/devkitPro/libctru/lib\libctru.a(apt.o)
                0x00000000001093c0                aptInit
 .text.aptClearParamQueue
                0x000000000010961c       0x88 C:/devkitPro/libctru/lib\libctru.a(apt.o)
 .text.aptMainLoop
                0x00000000001096a4      0x208 C:/devkitPro/libctru/lib\libctru.a(apt.o)
                0x00000000001096a4                aptMainLoop
 *fill*         0x00000000001098ac        0x4 
 .text.aptExit  0x00000000001098b0      0x23c C:/devkitPro/libctru/lib\libctru.a(apt.o)
                0x00000000001098b0                aptExit
 .text.APT_CheckNew3DS
                0x0000000000109aec       0x7c C:/devkitPro/libctru/lib\libctru.a(apt.o)
                0x0000000000109aec                APT_CheckNew3DS
 .text.hidCheckSectionUpdateTime.part.0
                0x0000000000109b68       0x28 C:/devkitPro/libctru/lib\libctru.a(hid.o)
 .text.hidExit  0x0000000000109b90       0xd0 C:/devkitPro/libctru/lib\libctru.a(hid.o)
                0x0000000000109b90                hidExit
 .text.hidScanInput
                0x0000000000109c60      0x210 C:/devkitPro/libctru/lib\libctru.a(hid.o)
                0x0000000000109c60                hidScanInput
 .text.hidKeysDown
                0x0000000000109e70       0x10 C:/devkitPro/libctru/lib\libctru.a(hid.o)
                0x0000000000109e70                hidKeysDown
 .text.HIDUSER_GetHandles
                0x0000000000109e80       0x90 C:/devkitPro/libctru/lib\libctru.a(hid.o)
                0x0000000000109e80                HIDUSER_GetHandles
 .text.hidInit  0x0000000000109f10      0x1a4 C:/devkitPro/libctru/lib\libctru.a(hid.o)
                0x0000000000109f10                hidInit
 .text.ptmSysmInit
                0x000000000010a0b4       0x74 C:/devkitPro/libctru/lib\libctru.a(ptmsysm.o)
                0x000000000010a0b4                ptmSysmInit
 .text.ptmSysmExit
                0x000000000010a128       0x3c C:/devkitPro/libctru/lib\libctru.a(ptmsysm.o)
                0x000000000010a128                ptmSysmExit
 .text.PTMSYSM_ConfigureNew3DSCPU
                0x000000000010a164       0x34 C:/devkitPro/libctru/lib\libctru.a(ptmsysm.o)
                0x000000000010a164                PTMSYSM_ConfigureNew3DSCPU
 .text.rbtree_init
                0x000000000010a198       0x14 C:/devkitPro/libctru/lib\libctru.a(rbtree_init.o)
                0x000000000010a198                rbtree_init
 .text.do_insert
                0x000000000010a1ac      0x18c C:/devkitPro/libctru/lib\libctru.a(rbtree_insert.o)
 .text.rbtree_insert
                0x000000000010a338        0x8 C:/devkitPro/libctru/lib\libctru.a(rbtree_insert.o)
                0x000000000010a338                rbtree_insert
 .text.rbtree_rotate
                0x000000000010a340       0x90 C:/devkitPro/libctru/lib\libctru.a(rbtree_rotate.o)
                0x000000000010a340                rbtree_rotate
 .text.rbtree_remove
                0x000000000010a3d0      0x330 C:/devkitPro/libctru/lib\libctru.a(rbtree_remove.o)
                0x000000000010a3d0                rbtree_remove
 .text.rbtree_find
                0x000000000010a700       0x74 C:/devkitPro/libctru/lib\libctru.a(rbtree_find.o)
                0x000000000010a700                rbtree_find
 .text.__libctru_init
                0x000000000010a774       0x38 C:/devkitPro/libctru/lib\libctru.a(initSystem.o)
                0x000000000010a774                __libctru_init
 .text.__libctru_nanosleep
                0x000000000010a7ac       0x38 C:/devkitPro/libctru/lib\libctru.a(syscalls.o)
 .text.__ctru_get_reent
                0x000000000010a7e4       0x30 C:/devkitPro/libctru/lib\libctru.a(syscalls.o)
 .text.__system_initSyscalls
                0x000000000010a814       0xfc C:/devkitPro/libctru/lib\libctru.a(syscalls.o)
                0x000000000010a814                __system_initSyscalls
 .text.__system_allocateHeaps
                0x000000000010a910      0x104 C:/devkitPro/libctru/lib\libctru.a(allocateHeaps.o)
                0x000000000010a910                __system_allocateHeaps
 .text.__system_initArgv
                0x000000000010aa14       0xf0 C:/devkitPro/libctru/lib\libctru.a(initArgv.o)
                0x000000000010aa14                __system_initArgv
 .text.svcControlMemory
                0x000000000010ab04       0x20 C:/devkitPro/libctru/lib\libctru.a(svc.o)
                0x000000000010ab04                svcControlMemory
 .text.svcExitProcess
                0x000000000010ab24        0x8 C:/devkitPro/libctru/lib\libctru.a(svc.o)
                0x000000000010ab24                svcExitProcess
 .text.svcCreateThread
                0x000000000010ab2c       0x20 C:/devkitPro/libctru/lib\libctru.a(svc.o)
                0x000000000010ab2c                svcCreateThread
 .text.svcExitThread
                0x000000000010ab4c        0x8 C:/devkitPro/libctru/lib\libctru.a(svc.o)
                0x000000000010ab4c                svcExitThread
 .text.svcSleepThread
                0x000000000010ab54        0x8 C:/devkitPro/libctru/lib\libctru.a(svc.o)
                0x000000000010ab54                svcSleepThread
 .text.svcReleaseMutex
                0x000000000010ab5c        0x8 C:/devkitPro/libctru/lib\libctru.a(svc.o)
                0x000000000010ab5c                svcReleaseMutex
 .text.svcCreateEvent
                0x000000000010ab64       0x14 C:/devkitPro/libctru/lib\libctru.a(svc.o)
                0x000000000010ab64                svcCreateEvent
 .text.svcSignalEvent
                0x000000000010ab78        0x8 C:/devkitPro/libctru/lib\libctru.a(svc.o)
                0x000000000010ab78                svcSignalEvent
 .text.svcClearEvent
                0x000000000010ab80        0x8 C:/devkitPro/libctru/lib\libctru.a(svc.o)
                0x000000000010ab80                svcClearEvent
 .text.svcMapMemoryBlock
                0x000000000010ab88        0x8 C:/devkitPro/libctru/lib\libctru.a(svc.o)
                0x000000000010ab88                svcMapMemoryBlock
 .text.svcUnmapMemoryBlock
                0x000000000010ab90        0x8 C:/devkitPro/libctru/lib\libctru.a(svc.o)
                0x000000000010ab90                svcUnmapMemoryBlock
 .text.svcCreateAddressArbiter
                0x000000000010ab98       0x14 C:/devkitPro/libctru/lib\libctru.a(svc.o)
                0x000000000010ab98                svcCreateAddressArbiter
 .text.svcArbitrateAddress
                0x000000000010abac       0x18 C:/devkitPro/libctru/lib\libctru.a(svc.o)
                0x000000000010abac                svcArbitrateAddress
 .text.svcCloseHandle
                0x000000000010abc4        0x8 C:/devkitPro/libctru/lib\libctru.a(svc.o)
                0x000000000010abc4                svcCloseHandle
 .text.svcWaitSynchronization
                0x000000000010abcc        0x8 C:/devkitPro/libctru/lib\libctru.a(svc.o)
                0x000000000010abcc                svcWaitSynchronization
 .text.svcWaitSynchronizationN
                0x000000000010abd4       0x28 C:/devkitPro/libctru/lib\libctru.a(svc.o)
                0x000000000010abd4                svcWaitSynchronizationN
 .text.svcDuplicateHandle
                0x000000000010abfc       0x14 C:/devkitPro/libctru/lib\libctru.a(svc.o)
                0x000000000010abfc                svcDuplicateHandle
 .text.svcGetSystemTick
                0x000000000010ac10        0x8 C:/devkitPro/libctru/lib\libctru.a(svc.o)
                0x000000000010ac10                svcGetSystemTick
 .text.svcGetSystemInfo
                0x000000000010ac18       0x18 C:/devkitPro/libctru/lib\libctru.a(svc.o)
                0x000000000010ac18                svcGetSystemInfo
 .text.svcConnectToPort
                0x000000000010ac30       0x14 C:/devkitPro/libctru/lib\libctru.a(svc.o)
                0x000000000010ac30                svcConnectToPort
 .text.svcSendSyncRequest
                0x000000000010ac44        0x8 C:/devkitPro/libctru/lib\libctru.a(svc.o)
                0x000000000010ac44                svcSendSyncRequest
 .text.svcBreak
                0x000000000010ac4c        0x8 C:/devkitPro/libctru/lib\libctru.a(svc.o)
                0x000000000010ac4c                svcBreak
 .text._ZL21addrMapNodeComparatorPK11rbtree_nodeS1_
                0x000000000010ac54       0x24 C:/devkitPro/libctru/lib\libctru.a(mappable.o)
 .text._ZL21addrMapNodeDestructorP11rbtree_node
                0x000000000010ac78        0x4 C:/devkitPro/libctru/lib\libctru.a(mappable.o)
 .text.mappableAlloc
                0x000000000010ac7c       0xe4 C:/devkitPro/libctru/lib\libctru.a(mappable.o)
                0x000000000010ac7c                mappableAlloc
 .text.mappableFree
                0x000000000010ad60       0x50 C:/devkitPro/libctru/lib\libctru.a(mappable.o)
                0x000000000010ad60                mappableFree
 .text.LightLock_Unlock.part.1
                0x000000000010adb0       0x38 C:/devkitPro/libctru/lib\libctru.a(synchronization.o)
 .text.__sync_init
                0x000000000010ade8        0xc C:/devkitPro/libctru/lib\libctru.a(synchronization.o)
                0x000000000010ade8                __sync_init
 .text.__sync_fini
                0x000000000010adf4       0x18 C:/devkitPro/libctru/lib\libctru.a(synchronization.o)
                0x000000000010adf4                __sync_fini
 .text.__sync_get_arbiter
                0x000000000010ae0c       0x10 C:/devkitPro/libctru/lib\libctru.a(synchronization.o)
                0x000000000010ae0c                __sync_get_arbiter
 .text.LightLock_Init
                0x000000000010ae1c       0x18 C:/devkitPro/libctru/lib\libctru.a(synchronization.o)
                0x000000000010ae1c                LightLock_Init
 .text.LightLock_Lock
                0x000000000010ae34       0x9c C:/devkitPro/libctru/lib\libctru.a(synchronization.o)
                0x000000000010ae34                LightLock_Lock
 .text.LightLock_TryLock
                0x000000000010aed0       0x34 C:/devkitPro/libctru/lib\libctru.a(synchronization.o)
                0x000000000010aed0                LightLock_TryLock
 .text.LightLock_Unlock
                0x000000000010af04       0x20 C:/devkitPro/libctru/lib\libctru.a(synchronization.o)
                0x000000000010af04                LightLock_Unlock
 .text.RecursiveLock_Init
                0x000000000010af24       0x24 C:/devkitPro/libctru/lib\libctru.a(synchronization.o)
                0x000000000010af24                RecursiveLock_Init
 .text.RecursiveLock_Lock
                0x000000000010af48       0x30 C:/devkitPro/libctru/lib\libctru.a(synchronization.o)
                0x000000000010af48                RecursiveLock_Lock
 .text.RecursiveLock_TryLock
                0x000000000010af78       0x58 C:/devkitPro/libctru/lib\libctru.a(synchronization.o)
                0x000000000010af78                RecursiveLock_TryLock
 .text.RecursiveLock_Unlock
                0x000000000010afd0       0x38 C:/devkitPro/libctru/lib\libctru.a(synchronization.o)
                0x000000000010afd0                RecursiveLock_Unlock
 .text.LightEvent_Init
                0x000000000010b008       0x38 C:/devkitPro/libctru/lib\libctru.a(synchronization.o)
                0x000000000010b008                LightEvent_Init
 .text.LightEvent_Clear
                0x000000000010b040       0x7c C:/devkitPro/libctru/lib\libctru.a(synchronization.o)
                0x000000000010b040                LightEvent_Clear
 .text.LightEvent_Signal
                0x000000000010b0bc       0xdc C:/devkitPro/libctru/lib\libctru.a(synchronization.o)
                0x000000000010b0bc                LightEvent_Signal
 .text.LightEvent_Wait
                0x000000000010b198       0xc0 C:/devkitPro/libctru/lib\libctru.a(synchronization.o)
                0x000000000010b198                LightEvent_Wait
 .text.srvExit  0x000000000010b258       0x58 C:/devkitPro/libctru/lib\libctru.a(srv.o)
                0x000000000010b258                srvExit
 .text.srvRegisterClient
                0x000000000010b2b0       0x38 C:/devkitPro/libctru/lib\libctru.a(srv.o)
                0x000000000010b2b0                srvRegisterClient
 .text.srvInit  0x000000000010b2e8       0xc8 C:/devkitPro/libctru/lib\libctru.a(srv.o)
                0x000000000010b2e8                srvInit
 .text.srvGetServiceHandleDirect
                0x000000000010b3b0       0x80 C:/devkitPro/libctru/lib\libctru.a(srv.o)
                0x000000000010b3b0                srvGetServiceHandleDirect
 .text.srvGetServiceHandle
                0x000000000010b430       0x38 C:/devkitPro/libctru/lib\libctru.a(srv.o)
                0x000000000010b430                srvGetServiceHandle
 .text.threadFree.part.0
                0x000000000010b468       0x1c C:/devkitPro/libctru/lib\libctru.a(thread.o)
 .text.threadCreate
                0x000000000010b484      0x194 C:/devkitPro/libctru/lib\libctru.a(thread.o)
                0x000000000010b484                threadCreate
 .text.threadJoin
                0x000000000010b618       0x24 C:/devkitPro/libctru/lib\libctru.a(thread.o)
                0x000000000010b618                threadJoin
 .text.threadExit
                0x000000000010b63c       0x68 C:/devkitPro/libctru/lib\libctru.a(thread.o)
                0x000000000010b63c                threadExit
 .text._thread_begin
                0x000000000010b6a4       0x48 C:/devkitPro/libctru/lib\libctru.a(thread.o)
 .text.irrstScanInput
                0x000000000010b6ec       0xac C:/devkitPro/libctru/lib\libctru.a(irrst.o)
                0x000000000010b6ec                irrstScanInput
 .text.irrstKeysHeld
                0x000000000010b798       0x24 C:/devkitPro/libctru/lib\libctru.a(irrst.o)
                0x000000000010b798                irrstKeysHeld
 .text.IRRST_GetHandles
                0x000000000010b7bc       0x50 C:/devkitPro/libctru/lib\libctru.a(irrst.o)
                0x000000000010b7bc                IRRST_GetHandles
 .text.irrstInit
                0x000000000010b80c      0x154 C:/devkitPro/libctru/lib\libctru.a(irrst.o)
                0x000000000010b80c                irrstInit
 .text.IRRST_Shutdown
                0x000000000010b960       0x2c C:/devkitPro/libctru/lib\libctru.a(irrst.o)
                0x000000000010b960                IRRST_Shutdown
 .text.irrstExit
                0x000000000010b98c       0xac C:/devkitPro/libctru/lib\libctru.a(irrst.o)
                0x000000000010b98c                irrstExit
 .text.srvPmGetSessionHandle
                0x000000000010ba38        0xc C:/devkitPro/libctru/lib\libctru.a(srvpm.o)
                0x000000000010ba38                srvPmGetSessionHandle
 .text.rbtree_node_next
                0x000000000010ba44       0x78 C:/devkitPro/libctru/lib\libctru.a(rbtree_iterator.o)
                0x000000000010ba44                rbtree_node_next
 .text.__appInit
                0x000000000010babc       0x1c C:/devkitPro/libctru/lib\libctru.a(appInit.o)
                0x000000000010babc                __appInit
 .text.__appExit
                0x000000000010bad8       0x1c C:/devkitPro/libctru/lib\libctru.a(appExit.o)
                0x000000000010bad8                __appExit
 .text.__libctru_exit
                0x000000000010baf4       0xa0 C:/devkitPro/libctru/lib\libctru.a(ctru_exit.o)
                0x000000000010baf4                __libctru_exit
 .text.envGetHandle
                0x000000000010bb94       0x80 C:/devkitPro/libctru/lib\libctru.a(env.o)
                0x000000000010bb94                envGetHandle
 .text.envDestroyHandles
                0x000000000010bc14       0x4c C:/devkitPro/libctru/lib\libctru.a(env.o)
                0x000000000010bc14                envDestroyHandles
 .text.sdmc_link
                0x000000000010bc60       0x10 C:/devkitPro/libctru/lib\libctru.a(sdmc_dev.o)
 .text.sdmc_dirreset
                0x000000000010bc70       0x10 C:/devkitPro/libctru/lib\libctru.a(sdmc_dev.o)
 .text.sdmc_chmod
                0x000000000010bc80       0x10 C:/devkitPro/libctru/lib\libctru.a(sdmc_dev.o)
 .text.error_cmp
                0x000000000010bc90       0x24 C:/devkitPro/libctru/lib\libctru.a(sdmc_dev.o)
 .text.sdmc_translate_error
                0x000000000010bcb4       0x50 C:/devkitPro/libctru/lib\libctru.a(sdmc_dev.o)
 .text.sdmc_fsync
                0x000000000010bd04       0x34 C:/devkitPro/libctru/lib\libctru.a(sdmc_dev.o)
 .text.sdmc_ftruncate
                0x000000000010bd38       0x54 C:/devkitPro/libctru/lib\libctru.a(sdmc_dev.o)
 .text.sdmc_statvfs
                0x000000000010bd8c       0xb8 C:/devkitPro/libctru/lib\libctru.a(sdmc_dev.o)
 .text.sdmc_dirclose
                0x000000000010be44       0x38 C:/devkitPro/libctru/lib\libctru.a(sdmc_dev.o)
 .text.sdmc_dirnext
                0x000000000010be7c      0x12c C:/devkitPro/libctru/lib\libctru.a(sdmc_dev.o)
 .text.sdmc_close
                0x000000000010bfa8       0x34 C:/devkitPro/libctru/lib\libctru.a(sdmc_dev.o)
 .text.sdmc_fstat
                0x000000000010bfdc       0x74 C:/devkitPro/libctru/lib\libctru.a(sdmc_dev.o)
 .text.sdmc_seek
                0x000000000010c050       0xd8 C:/devkitPro/libctru/lib\libctru.a(sdmc_dev.o)
 .text.sdmc_read
                0x000000000010c128       0x84 C:/devkitPro/libctru/lib\libctru.a(sdmc_dev.o)
 .text.sdmc_write
                0x000000000010c1ac       0xc0 C:/devkitPro/libctru/lib\libctru.a(sdmc_dev.o)
 .text.sdmc_utf16path
                0x000000000010c26c      0x1b0 C:/devkitPro/libctru/lib\libctru.a(sdmc_dev.o)
 .text.sdmc_rmdir
                0x000000000010c41c       0x74 C:/devkitPro/libctru/lib\libctru.a(sdmc_dev.o)
 .text.sdmc_diropen
                0x000000000010c490       0xa4 C:/devkitPro/libctru/lib\libctru.a(sdmc_dev.o)
 .text.sdmc_chdir
                0x000000000010c534       0xb0 C:/devkitPro/libctru/lib\libctru.a(sdmc_dev.o)
 .text.sdmc_mkdir
                0x000000000010c5e4       0x94 C:/devkitPro/libctru/lib\libctru.a(sdmc_dev.o)
 .text.sdmc_rename
                0x000000000010c678      0x108 C:/devkitPro/libctru/lib\libctru.a(sdmc_dev.o)
 .text.sdmc_unlink
                0x000000000010c780       0x74 C:/devkitPro/libctru/lib\libctru.a(sdmc_dev.o)
 .text.sdmc_stat
                0x000000000010c7f4      0x108 C:/devkitPro/libctru/lib\libctru.a(sdmc_dev.o)
 .text.sdmc_open
                0x000000000010c8fc      0x198 C:/devkitPro/libctru/lib\libctru.a(sdmc_dev.o)
 .text.sdmc_fchmod
                0x000000000010ca94       0x10 C:/devkitPro/libctru/lib\libctru.a(sdmc_dev.o)
 .text.sdmcInit
                0x000000000010caa4      0x168 C:/devkitPro/libctru/lib\libctru.a(sdmc_dev.o)
                0x000000000010caa4                sdmcInit
 .text.sdmcExit
                0x000000000010cc0c       0x60 C:/devkitPro/libctru/lib\libctru.a(sdmc_dev.o)
                0x000000000010cc0c                sdmcExit
 .text.fsSessionForArchive.part.0
                0x000000000010cc6c       0x28 C:/devkitPro/libctru/lib\libctru.a(fs.o)
 .text.fsInit   0x000000000010cc94       0xc4 C:/devkitPro/libctru/lib\libctru.a(fs.o)
                0x000000000010cc94                fsInit
 .text.fsExit   0x000000000010cd58       0x3c C:/devkitPro/libctru/lib\libctru.a(fs.o)
                0x000000000010cd58                fsExit
 .text.fsExemptFromSession
                0x000000000010cd94       0x64 C:/devkitPro/libctru/lib\libctru.a(fs.o)
                0x000000000010cd94                fsExemptFromSession
 .text.fsUnexemptFromSession
                0x000000000010cdf8       0x54 C:/devkitPro/libctru/lib\libctru.a(fs.o)
                0x000000000010cdf8                fsUnexemptFromSession
 .text.FSUSER_OpenFile
                0x000000000010ce4c       0xbc C:/devkitPro/libctru/lib\libctru.a(fs.o)
                0x000000000010ce4c                FSUSER_OpenFile
 .text.FSUSER_DeleteFile
                0x000000000010cf08       0xa4 C:/devkitPro/libctru/lib\libctru.a(fs.o)
                0x000000000010cf08                FSUSER_DeleteFile
 .text.FSUSER_RenameFile
                0x000000000010cfac       0xdc C:/devkitPro/libctru/lib\libctru.a(fs.o)
                0x000000000010cfac                FSUSER_RenameFile
 .text.FSUSER_DeleteDirectory
                0x000000000010d088       0xa4 C:/devkitPro/libctru/lib\libctru.a(fs.o)
                0x000000000010d088                FSUSER_DeleteDirectory
 .text.FSUSER_CreateFile
                0x000000000010d12c       0xbc C:/devkitPro/libctru/lib\libctru.a(fs.o)
                0x000000000010d12c                FSUSER_CreateFile
 .text.FSUSER_CreateDirectory
                0x000000000010d1e8       0xac C:/devkitPro/libctru/lib\libctru.a(fs.o)
                0x000000000010d1e8                FSUSER_CreateDirectory
 .text.FSUSER_RenameDirectory
                0x000000000010d294       0xdc C:/devkitPro/libctru/lib\libctru.a(fs.o)
                0x000000000010d294                FSUSER_RenameDirectory
 .text.FSUSER_OpenDirectory
                0x000000000010d370       0xa0 C:/devkitPro/libctru/lib\libctru.a(fs.o)
                0x000000000010d370                FSUSER_OpenDirectory
 .text.FSUSER_OpenArchive
                0x000000000010d410       0x98 C:/devkitPro/libctru/lib\libctru.a(fs.o)
                0x000000000010d410                FSUSER_OpenArchive
 .text.FSUSER_CloseArchive
                0x000000000010d4a8       0x70 C:/devkitPro/libctru/lib\libctru.a(fs.o)
                0x000000000010d4a8                FSUSER_CloseArchive
 .text.FSUSER_GetSdmcArchiveResource
                0x000000000010d518       0x78 C:/devkitPro/libctru/lib\libctru.a(fs.o)
                0x000000000010d518                FSUSER_GetSdmcArchiveResource
 .text.FSUSER_IsSdmcWritable
                0x000000000010d590       0x64 C:/devkitPro/libctru/lib\libctru.a(fs.o)
                0x000000000010d590                FSUSER_IsSdmcWritable
 .text.FSFILE_Read
                0x000000000010d5f4       0x58 C:/devkitPro/libctru/lib\libctru.a(fs.o)
                0x000000000010d5f4                FSFILE_Read
 .text.FSFILE_Write
                0x000000000010d64c       0x64 C:/devkitPro/libctru/lib\libctru.a(fs.o)
                0x000000000010d64c                FSFILE_Write
 .text.FSFILE_GetSize
                0x000000000010d6b0       0x38 C:/devkitPro/libctru/lib\libctru.a(fs.o)
                0x000000000010d6b0                FSFILE_GetSize
 .text.FSFILE_SetSize
                0x000000000010d6e8       0x28 C:/devkitPro/libctru/lib\libctru.a(fs.o)
                0x000000000010d6e8                FSFILE_SetSize
 .text.FSFILE_Close
                0x000000000010d710       0x3c C:/devkitPro/libctru/lib\libctru.a(fs.o)
                0x000000000010d710                FSFILE_Close
 .text.FSFILE_Flush
                0x000000000010d74c       0x24 C:/devkitPro/libctru/lib\libctru.a(fs.o)
                0x000000000010d74c                FSFILE_Flush
 .text.FSDIR_Read
                0x000000000010d770       0x54 C:/devkitPro/libctru/lib\libctru.a(fs.o)
                0x000000000010d770                FSDIR_Read
 .text.FSDIR_Close
                0x000000000010d7c4       0x3c C:/devkitPro/libctru/lib\libctru.a(fs.o)
                0x000000000010d7c4                FSDIR_Close
 .text.utf8_to_utf16
                0x000000000010d800       0xc0 C:/devkitPro/libctru/lib\libctru.a(utf8_to_utf16.o)
                0x000000000010d800                utf8_to_utf16
 .text.decode_utf8
                0x000000000010d8c0      0x138 C:/devkitPro/libctru/lib\libctru.a(decode_utf8.o)
                0x000000000010d8c0                decode_utf8
 .text.utf16_to_utf8
                0x000000000010d9f8       0xe8 C:/devkitPro/libctru/lib\libctru.a(utf16_to_utf8.o)
                0x000000000010d9f8                utf16_to_utf8
 .text.__aeabi_read_tp
                0x000000000010dae0        0xc C:/devkitPro/libctru/lib\libctru.a(readtp.o)
                0x000000000010dae0                __aeabi_read_tp
 .text.encode_utf16
                0x000000000010daec       0x68 C:/devkitPro/libctru/lib\libctru.a(encode_utf16.o)
                0x000000000010daec                encode_utf16
 .text.encode_utf8
                0x000000000010db54      0x104 C:/devkitPro/libctru/lib\libctru.a(encode_utf8.o)
                0x000000000010db54                encode_utf8
 .text.decode_utf16
                0x000000000010dc58       0x60 C:/devkitPro/libctru/lib\libctru.a(decode_utf16.o)
                0x000000000010dc58                decode_utf16
 .text.__fixdfdi
                0x000000000010dcb8       0x2c c:/devkitpro/devkitarm/bin/../lib/gcc/arm-none-eabi/8.3.0/armv6k/fpu\libgcc.a(_fixdfdi.o)
                0x000000000010dcb8                __fixdfdi
                0x000000000010dcb8                __aeabi_d2lz
 *fill*         0x000000000010dce4        0x4 
 .text.__fixunsdfdi
                0x000000000010dce8       0x40 c:/devkitpro/devkitarm/bin/../lib/gcc/arm-none-eabi/8.3.0/armv6k/fpu\libgcc.a(_fixunsdfdi.o)
                0x000000000010dce8                __fixunsdfdi
                0x000000000010dce8                __aeabi_d2ulz
 .text.__udivmoddi4
                0x000000000010dd28      0x128 c:/devkitpro/devkitarm/bin/../lib/gcc/arm-none-eabi/8.3.0/armv6k/fpu\libgcc.a(_udivmoddi4.o)
                0x000000000010dd28                __udivmoddi4
 .text.bsearch  0x000000000010de50       0x7c c:/devkitpro/devkitarm/bin/../lib/gcc/arm-none-eabi/8.3.0/../../../../arm-none-eabi/lib/armv6k/fpu\libg.a(lib_a-bsearch.o)
                0x000000000010de50                bsearch
 .text.calloc   0x000000000010decc       0x20 c:/devkitpro/devkitarm/bin/../lib/gcc/arm-none-eabi/8.3.0/../../../../arm-none-eabi/lib/armv6k/fpu\libg.a(lib_a-calloc.o)
                0x000000000010decc                calloc
 .text._calloc_r
                0x000000000010deec       0x94 c:/devkitpro/devkitarm/bin/../lib/gcc/arm-none-eabi/8.3.0/../../../../arm-none-eabi/lib/armv6k/fpu\libg.a(lib_a-callocr.o)
                0x000000000010deec                _calloc_r
 .text.__libc_fini_array
                0x000000000010df80       0x40 c:/devkitpro/devkitarm/bin/../lib/gcc/arm-none-eabi/8.3.0/../../../../arm-none-eabi/lib/armv6k/fpu\libg.a(lib_a-fini.o)
                0x000000000010df80                __libc_fini_array
 .text.__libc_init_array
                0x000000000010dfc0       0x7c c:/devkitpro/devkitarm/bin/../lib/gcc/arm-none-eabi/8.3.0/../../../../arm-none-eabi/lib/armv6k/fpu\libg.a(lib_a-init.o)
                0x000000000010dfc0                __libc_init_array
 .text.memalign
                0x000000000010e03c       0x20 c:/devkitpro/devkitarm/bin/../lib/gcc/arm-none-eabi/8.3.0/../../../../arm-none-eabi/lib/armv6k/fpu\libg.a(lib_a-malign.o)
                0x000000000010e03c                memalign
 .text._memalign_r
                0x000000000010e05c      0x14c c:/devkitpro/devkitarm/bin/../lib/gcc/arm-none-eabi/8.3.0/../../../../arm-none-eabi/lib/armv6k/fpu\libg.a(lib_a-malignr.o)
                0x000000000010e05c                _memalign_r
 .text.malloc   0x000000000010e1a8       0x18 c:/devkitpro/devkitarm/bin/../lib/gcc/arm-none-eabi/8.3.0/../../../../arm-none-eabi/lib/armv6k/fpu\libg.a(lib_a-malloc.o)
                0x000000000010e1a8                malloc
 .text.free     0x000000000010e1c0       0x18 c:/devkitpro/devkitarm/bin/../lib/gcc/arm-none-eabi/8.3.0/../../../../arm-none-eabi/lib/armv6k/fpu\libg.a(lib_a-malloc.o)
                0x000000000010e1c0                free
 .text._malloc_r
                0x000000000010e1d8      0x7d8 c:/devkitpro/devkitarm/bin/../lib/gcc/arm-none-eabi/8.3.0/../../../../arm-none-eabi/lib/armv6k/fpu\libg.a(lib_a-mallocr.o)
                0x000000000010e1d8                _malloc_r
 .text.memchr   0x000000000010e9b0      0x100 c:/devkitpro/devkitarm/bin/../lib/gcc/arm-none-eabi/8.3.0/../../../../arm-none-eabi/lib/armv6k/fpu\libg.a(lib_a-memchr-stub.o)
                0x000000000010e9b0                memchr
 .text.memcpy   0x000000000010eab0      0x118 c:/devkitpro/devkitarm/bin/../lib/gcc/arm-none-eabi/8.3.0/../../../../arm-none-eabi/lib/armv6k/fpu\libg.a(lib_a-memcpy-stub.o)
                0x000000000010eab0                memcpy
 .text.memset   0x000000000010ebc8      0x114 c:/devkitpro/devkitarm/bin/../lib/gcc/arm-none-eabi/8.3.0/../../../../arm-none-eabi/lib/armv6k/fpu\libg.a(lib_a-memset.o)
                0x000000000010ebc8                memset
 .text.__malloc_lock
                0x000000000010ecdc        0xc c:/devkitpro/devkitarm/bin/../lib/gcc/arm-none-eabi/8.3.0/../../../../arm-none-eabi/lib/armv6k/fpu\libg.a(lib_a-mlock.o)
                0x000000000010ecdc                __malloc_lock
 .text.__malloc_unlock
                0x000000000010ece8        0xc c:/devkitpro/devkitarm/bin/../lib/gcc/arm-none-eabi/8.3.0/../../../../arm-none-eabi/lib/armv6k/fpu\libg.a(lib_a-mlock.o)
                0x000000000010ece8                __malloc_unlock
 .text.printf   0x000000000010ecf4       0x38 c:/devkitpro/devkitarm/bin/../lib/gcc/arm-none-eabi/8.3.0/../../../../arm-none-eabi/lib/armv6k/fpu\libg.a(lib_a-printf.o)
                0x000000000010ecf4                printf
 .text.setvbuf  0x000000000010ed2c      0x25c c:/devkitpro/devkitarm/bin/../lib/gcc/arm-none-eabi/8.3.0/../../../../arm-none-eabi/lib/armv6k/fpu\libg.a(lib_a-setvbuf.o)
                0x000000000010ed2c                setvbuf
 .text.sscanf   0x000000000010ef88       0x74 c:/devkitpro/devkitarm/bin/../lib/gcc/arm-none-eabi/8.3.0/../../../../arm-none-eabi/lib/armv6k/fpu\libg.a(lib_a-sscanf.o)
                0x000000000010ef88                sscanf
 .text.__sread  0x000000000010effc       0x3c c:/devkitpro/devkitarm/bin/../lib/gcc/arm-none-eabi/8.3.0/../../../../arm-none-eabi/lib/armv6k/fpu\libg.a(lib_a-stdio.o)
                0x000000000010effc                __sread
 .text.__seofread
                0x000000000010f038        0x8 c:/devkitpro/devkitarm/bin/../lib/gcc/arm-none-eabi/8.3.0/../../../../arm-none-eabi/lib/armv6k/fpu\libg.a(lib_a-stdio.o)
                0x000000000010f038                __seofread
 .text.__swrite
                0x000000000010f040       0x68 c:/devkitpro/devkitarm/bin/../lib/gcc/arm-none-eabi/8.3.0/../../../../arm-none-eabi/lib/armv6k/fpu\libg.a(lib_a-stdio.o)
                0x000000000010f040                __swrite
 .text.__sseek  0x000000000010f0a8       0x48 c:/devkitpro/devkitarm/bin/../lib/gcc/arm-none-eabi/8.3.0/../../../../arm-none-eabi/lib/armv6k/fpu\libg.a(lib_a-stdio.o)
                0x000000000010f0a8                __sseek
 .text.__sclose
                0x000000000010f0f0        0x8 c:/devkitpro/devkitarm/bin/../lib/gcc/arm-none-eabi/8.3.0/../../../../arm-none-eabi/lib/armv6k/fpu\libg.a(lib_a-stdio.o)
                0x000000000010f0f0                __sclose
 .text.strlen   0x000000000010f0f8       0x5c c:/devkitpro/devkitarm/bin/../lib/gcc/arm-none-eabi/8.3.0/../../../../arm-none-eabi/lib/armv6k/fpu\libg.a(lib_a-strlen-stub.o)
                0x000000000010f0f8                strlen
 .text.strncat  0x000000000010f154       0x98 c:/devkitpro/devkitarm/bin/../lib/gcc/arm-none-eabi/8.3.0/../../../../arm-none-eabi/lib/armv6k/fpu\libg.a(lib_a-strncat.o)
                0x000000000010f154                strncat
 .text.strncpy  0x000000000010f1ec       0xe0 c:/devkitpro/devkitarm/bin/../lib/gcc/arm-none-eabi/8.3.0/../../../../arm-none-eabi/lib/armv6k/fpu\libg.a(lib_a-strncpy.o)
                0x000000000010f1ec                strncpy
 .text.strnlen  0x000000000010f2cc       0x5c c:/devkitpro/devkitarm/bin/../lib/gcc/arm-none-eabi/8.3.0/../../../../arm-none-eabi/lib/armv6k/fpu\libg.a(lib_a-strnlen.o)
                0x000000000010f2cc                strnlen
 .text.get_arg  0x000000000010f328       0x48 c:/devkitpro/devkitarm/bin/../lib/gcc/arm-none-eabi/8.3.0/../../../../arm-none-eabi/lib/armv6k/fpu\libg.a(lib_a-svfscanf.o)
 .text.__ssvfscanf_r
                0x000000000010f370     0x2acc c:/devkitpro/devkitarm/bin/../lib/gcc/arm-none-eabi/8.3.0/../../../../arm-none-eabi/lib/armv6k/fpu\libg.a(lib_a-svfscanf.o)
                0x000000000010f370                __ssvfscanf_r
 .text.__sprint_r
                0x0000000000111e3c       0x34 c:/devkitpro/devkitarm/bin/../lib/gcc/arm-none-eabi/8.3.0/../../../../arm-none-eabi/lib/armv6k/fpu\libg.a(lib_a-vfiprintf.o)
                0x0000000000111e3c                __sprint_r
 .text.get_arg  0x0000000000111e70      0x620 c:/devkitpro/devkitarm/bin/../lib/gcc/arm-none-eabi/8.3.0/../../../../arm-none-eabi/lib/armv6k/fpu\libg.a(lib_a-vfprintf.o)
 .text._vfprintf_r
                0x0000000000112490     0x373c c:/devkitpro/devkitarm/bin/../lib/gcc/arm-none-eabi/8.3.0/../../../../arm-none-eabi/lib/armv6k/fpu\libg.a(lib_a-vfprintf.o)
                0x0000000000112490                _vfprintf_r
 .text.__sbprintf
                0x0000000000115bcc       0xd0 c:/devkitpro/devkitarm/bin/../lib/gcc/arm-none-eabi/8.3.0/../../../../arm-none-eabi/lib/armv6k/fpu\libg.a(lib_a-vfprintf.o)
 .text._wcrtomb_r
                0x0000000000115c9c       0x54 c:/devkitpro/devkitarm/bin/../lib/gcc/arm-none-eabi/8.3.0/../../../../arm-none-eabi/lib/armv6k/fpu\libg.a(lib_a-wcrtomb.o)
                0x0000000000115c9c                _wcrtomb_r
 .text._wcsrtombs_r
                0x0000000000115cf0       0x20 c:/devkitpro/devkitarm/bin/../lib/gcc/arm-none-eabi/8.3.0/../../../../arm-none-eabi/lib/armv6k/fpu\libg.a(lib_a-wcsrtombs.o)
                0x0000000000115cf0                _wcsrtombs_r
 .text.__swsetup_r
                0x0000000000115d10      0x150 c:/devkitpro/devkitarm/bin/../lib/gcc/arm-none-eabi/8.3.0/../../../../arm-none-eabi/lib/armv6k/fpu\libg.a(lib_a-wsetup.o)
                0x0000000000115d10                __swsetup_r
 .text.quorem   0x0000000000115e60      0x1c8 c:/devkitpro/devkitarm/bin/../lib/gcc/arm-none-eabi/8.3.0/../../../../arm-none-eabi/lib/armv6k/fpu\libg.a(lib_a-dtoa.o)
 .text._dtoa_r  0x0000000000116028     0x12ec c:/devkitpro/devkitarm/bin/../lib/gcc/arm-none-eabi/8.3.0/../../../../arm-none-eabi/lib/armv6k/fpu\libg.a(lib_a-dtoa.o)
                0x0000000000116028                _dtoa_r
 .text.__sflush_r
                0x0000000000117314      0x270 c:/devkitpro/devkitarm/bin/../lib/gcc/arm-none-eabi/8.3.0/../../../../arm-none-eabi/lib/armv6k/fpu\libg.a(lib_a-fflush.o)
                0x0000000000117314                __sflush_r
 .text._fflush_r
                0x0000000000117584       0x94 c:/devkitpro/devkitarm/bin/../lib/gcc/arm-none-eabi/8.3.0/../../../../arm-none-eabi/lib/armv6k/fpu\libg.a(lib_a-fflush.o)
                0x0000000000117584                _fflush_r
 .text.std      0x0000000000117618       0x78 c:/devkitpro/devkitarm/bin/../lib/gcc/arm-none-eabi/8.3.0/../../../../arm-none-eabi/lib/armv6k/fpu\libg.a(lib_a-findfp.o)
 .text._cleanup_r
                0x0000000000117690        0xc c:/devkitpro/devkitarm/bin/../lib/gcc/arm-none-eabi/8.3.0/../../../../arm-none-eabi/lib/armv6k/fpu\libg.a(lib_a-findfp.o)
                0x0000000000117690                _cleanup_r
 .text.__sinit  0x000000000011769c       0x8c c:/devkitpro/devkitarm/bin/../lib/gcc/arm-none-eabi/8.3.0/../../../../arm-none-eabi/lib/armv6k/fpu\libg.a(lib_a-findfp.o)
                0x000000000011769c                __sinit
 .text.__sfp_lock_acquire
                0x0000000000117728        0xc c:/devkitpro/devkitarm/bin/../lib/gcc/arm-none-eabi/8.3.0/../../../../arm-none-eabi/lib/armv6k/fpu\libg.a(lib_a-findfp.o)
                0x0000000000117728                __sfp_lock_acquire
 .text.__sfp_lock_release
                0x0000000000117734        0xc c:/devkitpro/devkitarm/bin/../lib/gcc/arm-none-eabi/8.3.0/../../../../arm-none-eabi/lib/armv6k/fpu\libg.a(lib_a-findfp.o)
                0x0000000000117734                __sfp_lock_release
 .text._malloc_trim_r
                0x0000000000117740       0xf8 c:/devkitpro/devkitarm/bin/../lib/gcc/arm-none-eabi/8.3.0/../../../../arm-none-eabi/lib/armv6k/fpu\libg.a(lib_a-freer.o)
                0x0000000000117740                _malloc_trim_r
 .text._free_r  0x0000000000117838      0x2e4 c:/devkitpro/devkitarm/bin/../lib/gcc/arm-none-eabi/8.3.0/../../../../arm-none-eabi/lib/armv6k/fpu\libg.a(lib_a-freer.o)
                0x0000000000117838                _free_r
 .text.__sfvwrite_r
                0x0000000000117b1c      0x4a4 c:/devkitpro/devkitarm/bin/../lib/gcc/arm-none-eabi/8.3.0/../../../../arm-none-eabi/lib/armv6k/fpu\libg.a(lib_a-fvwrite.o)
                0x0000000000117b1c                __sfvwrite_r
 .text._fwalk_reent
                0x0000000000117fc0       0x80 c:/devkitpro/devkitarm/bin/../lib/gcc/arm-none-eabi/8.3.0/../../../../arm-none-eabi/lib/armv6k/fpu\libg.a(lib_a-fwalk.o)
                0x0000000000117fc0                _fwalk_reent
 .text.iswspace
                0x0000000000118040        0x8 c:/devkitpro/devkitarm/bin/../lib/gcc/arm-none-eabi/8.3.0/../../../../arm-none-eabi/lib/armv6k/fpu\libg.a(lib_a-iswspace.o)
                0x0000000000118040                iswspace
 .text._localeconv_r
                0x0000000000118048        0xc c:/devkitpro/devkitarm/bin/../lib/gcc/arm-none-eabi/8.3.0/../../../../arm-none-eabi/lib/armv6k/fpu\libg.a(lib_a-localeconv.o)
                0x0000000000118048                _localeconv_r
 .text.__locale_mb_cur_max
                0x0000000000118054       0x10 c:/devkitpro/devkitarm/bin/../lib/gcc/arm-none-eabi/8.3.0/../../../../arm-none-eabi/lib/armv6k/fpu\libg.a(lib_a-locale.o)
                0x0000000000118054                __locale_mb_cur_max
 .text.__swhatbuf_r
                0x0000000000118064       0x94 c:/devkitpro/devkitarm/bin/../lib/gcc/arm-none-eabi/8.3.0/../../../../arm-none-eabi/lib/armv6k/fpu\libg.a(lib_a-makebuf.o)
                0x0000000000118064                __swhatbuf_r
 .text.__smakebuf_r
                0x00000000001180f8       0xf4 c:/devkitpro/devkitarm/bin/../lib/gcc/arm-none-eabi/8.3.0/../../../../arm-none-eabi/lib/armv6k/fpu\libg.a(lib_a-makebuf.o)
                0x00000000001180f8                __smakebuf_r
 .text._mbrtowc_r
                0x00000000001181ec       0x60 c:/devkitpro/devkitarm/bin/../lib/gcc/arm-none-eabi/8.3.0/../../../../arm-none-eabi/lib/armv6k/fpu\libg.a(lib_a-mbrtowc.o)
                0x00000000001181ec                _mbrtowc_r
 .text.__utf8_mbtowc
                0x000000000011824c      0x2fc c:/devkitpro/devkitarm/bin/../lib/gcc/arm-none-eabi/8.3.0/../../../../arm-none-eabi/lib/armv6k/fpu\libg.a(lib_a-mbtowc_r.o)
                0x000000000011824c                __utf8_mbtowc
 .text.memmove  0x0000000000118548      0x154 c:/devkitpro/devkitarm/bin/../lib/gcc/arm-none-eabi/8.3.0/../../../../arm-none-eabi/lib/armv6k/fpu\libg.a(lib_a-memmove.o)
                0x0000000000118548                memmove
 .text._Balloc  0x000000000011869c       0x88 c:/devkitpro/devkitarm/bin/../lib/gcc/arm-none-eabi/8.3.0/../../../../arm-none-eabi/lib/armv6k/fpu\libg.a(lib_a-mprec.o)
                0x000000000011869c                _Balloc
 .text._Bfree   0x0000000000118724       0x1c c:/devkitpro/devkitarm/bin/../lib/gcc/arm-none-eabi/8.3.0/../../../../arm-none-eabi/lib/armv6k/fpu\libg.a(lib_a-mprec.o)
                0x0000000000118724                _Bfree
 .text.__multadd
                0x0000000000118740       0xe0 c:/devkitpro/devkitarm/bin/../lib/gcc/arm-none-eabi/8.3.0/../../../../arm-none-eabi/lib/armv6k/fpu\libg.a(lib_a-mprec.o)
                0x0000000000118740                __multadd
 .text.__s2b    0x0000000000118820       0xe4 c:/devkitpro/devkitarm/bin/../lib/gcc/arm-none-eabi/8.3.0/../../../../arm-none-eabi/lib/armv6k/fpu\libg.a(lib_a-mprec.o)
                0x0000000000118820                __s2b
 .text.__hi0bits
                0x0000000000118904       0x58 c:/devkitpro/devkitarm/bin/../lib/gcc/arm-none-eabi/8.3.0/../../../../arm-none-eabi/lib/armv6k/fpu\libg.a(lib_a-mprec.o)
                0x0000000000118904                __hi0bits
 .text.__lo0bits
                0x000000000011895c       0x9c c:/devkitpro/devkitarm/bin/../lib/gcc/arm-none-eabi/8.3.0/../../../../arm-none-eabi/lib/armv6k/fpu\libg.a(lib_a-mprec.o)
                0x000000000011895c                __lo0bits
 .text.__i2b    0x00000000001189f8       0x20 c:/devkitpro/devkitarm/bin/../lib/gcc/arm-none-eabi/8.3.0/../../../../arm-none-eabi/lib/armv6k/fpu\libg.a(lib_a-mprec.o)
                0x00000000001189f8                __i2b
 .text.__multiply
                0x0000000000118a18      0x1c4 c:/devkitpro/devkitarm/bin/../lib/gcc/arm-none-eabi/8.3.0/../../../../arm-none-eabi/lib/armv6k/fpu\libg.a(lib_a-mprec.o)
                0x0000000000118a18                __multiply
 .text.__pow5mult
                0x0000000000118bdc      0x100 c:/devkitpro/devkitarm/bin/../lib/gcc/arm-none-eabi/8.3.0/../../../../arm-none-eabi/lib/armv6k/fpu\libg.a(lib_a-mprec.o)
                0x0000000000118bdc                __pow5mult
 .text.__lshift
                0x0000000000118cdc       0xf4 c:/devkitpro/devkitarm/bin/../lib/gcc/arm-none-eabi/8.3.0/../../../../arm-none-eabi/lib/armv6k/fpu\libg.a(lib_a-mprec.o)
                0x0000000000118cdc                __lshift
 .text.__mcmp   0x0000000000118dd0       0x5c c:/devkitpro/devkitarm/bin/../lib/gcc/arm-none-eabi/8.3.0/../../../../arm-none-eabi/lib/armv6k/fpu\libg.a(lib_a-mprec.o)
                0x0000000000118dd0                __mcmp
 .text.__mdiff  0x0000000000118e2c      0x168 c:/devkitpro/devkitarm/bin/../lib/gcc/arm-none-eabi/8.3.0/../../../../arm-none-eabi/lib/armv6k/fpu\libg.a(lib_a-mprec.o)
                0x0000000000118e2c                __mdiff
 .text.__ulp    0x0000000000118f94       0x74 c:/devkitpro/devkitarm/bin/../lib/gcc/arm-none-eabi/8.3.0/../../../../arm-none-eabi/lib/armv6k/fpu\libg.a(lib_a-mprec.o)
                0x0000000000118f94                __ulp
 .text.__b2d    0x0000000000119008       0xd4 c:/devkitpro/devkitarm/bin/../lib/gcc/arm-none-eabi/8.3.0/../../../../arm-none-eabi/lib/armv6k/fpu\libg.a(lib_a-mprec.o)
                0x0000000000119008                __b2d
 .text.__d2b    0x00000000001190dc      0x100 c:/devkitpro/devkitarm/bin/../lib/gcc/arm-none-eabi/8.3.0/../../../../arm-none-eabi/lib/armv6k/fpu\libg.a(lib_a-mprec.o)
                0x00000000001190dc                __d2b
 .text.__ratio  0x00000000001191dc       0x84 c:/devkitpro/devkitarm/bin/../lib/gcc/arm-none-eabi/8.3.0/../../../../arm-none-eabi/lib/armv6k/fpu\libg.a(lib_a-mprec.o)
                0x00000000001191dc                __ratio
 .text.__copybits
                0x0000000000119260       0x6c c:/devkitpro/devkitarm/bin/../lib/gcc/arm-none-eabi/8.3.0/../../../../arm-none-eabi/lib/armv6k/fpu\libg.a(lib_a-mprec.o)
                0x0000000000119260                __copybits
 .text.__any_on
                0x00000000001192cc       0x78 c:/devkitpro/devkitarm/bin/../lib/gcc/arm-none-eabi/8.3.0/../../../../arm-none-eabi/lib/armv6k/fpu\libg.a(lib_a-mprec.o)
                0x00000000001192cc                __any_on
 .text.realloc  0x0000000000119344       0x20 c:/devkitpro/devkitarm/bin/../lib/gcc/arm-none-eabi/8.3.0/../../../../arm-none-eabi/lib/armv6k/fpu\libg.a(lib_a-realloc.o)
                0x0000000000119344                realloc
 .text._realloc_r
                0x0000000000119364      0x4bc c:/devkitpro/devkitarm/bin/../lib/gcc/arm-none-eabi/8.3.0/../../../../arm-none-eabi/lib/armv6k/fpu\libg.a(lib_a-reallocr.o)
                0x0000000000119364                _realloc_r
 .text.__sccl   0x0000000000119820       0xcc c:/devkitpro/devkitarm/bin/../lib/gcc/arm-none-eabi/8.3.0/../../../../arm-none-eabi/lib/armv6k/fpu\libg.a(lib_a-sccl.o)
                0x0000000000119820                __sccl
 .text.nanf     0x00000000001198ec        0xc c:/devkitpro/devkitarm/bin/../lib/gcc/arm-none-eabi/8.3.0/../../../../arm-none-eabi/lib/armv6k/fpu\libg.a(lib_a-sf_nan.o)
                0x00000000001198ec                nanf
 .text.frexp    0x00000000001198f8       0xa8 c:/devkitpro/devkitarm/bin/../lib/gcc/arm-none-eabi/8.3.0/../../../../arm-none-eabi/lib/armv6k/fpu\libg.a(lib_a-s_frexp.o)
                0x00000000001198f8                frexp
 .text.sprintf  0x00000000001199a0       0x64 c:/devkitpro/devkitarm/bin/../lib/gcc/arm-none-eabi/8.3.0/../../../../arm-none-eabi/lib/armv6k/fpu\libg.a(lib_a-sprintf.o)
                0x00000000001199a0                sprintf
 .text.stpncpy  0x0000000000119a04      0x100 c:/devkitpro/devkitarm/bin/../lib/gcc/arm-none-eabi/8.3.0/../../../../arm-none-eabi/lib/armv6k/fpu\libg.a(lib_a-stpncpy.o)
                0x0000000000119a04                stpncpy
 .text.strchr   0x0000000000119b04      0x180 c:/devkitpro/devkitarm/bin/../lib/gcc/arm-none-eabi/8.3.0/../../../../arm-none-eabi/lib/armv6k/fpu\libg.a(lib_a-strchr.o)
                0x0000000000119b04                strchr
 .text.strncmp  0x0000000000119c84      0x10c c:/devkitpro/devkitarm/bin/../lib/gcc/arm-none-eabi/8.3.0/../../../../arm-none-eabi/lib/armv6k/fpu\libg.a(lib_a-strncmp.o)
                0x0000000000119c84                strncmp
 .text.sulp     0x0000000000119d90       0x54 c:/devkitpro/devkitarm/bin/../lib/gcc/arm-none-eabi/8.3.0/../../../../arm-none-eabi/lib/armv6k/fpu\libg.a(lib_a-strtod.o)
 *fill*         0x0000000000119de4        0x4 
 .text._strtod_l
                0x0000000000119de8     0x13c4 c:/devkitpro/devkitarm/bin/../lib/gcc/arm-none-eabi/8.3.0/../../../../arm-none-eabi/lib/armv6k/fpu\libg.a(lib_a-strtod.o)
                0x0000000000119de8                _strtod_l
 .text._strtod_r
                0x000000000011b1ac        0xc c:/devkitpro/devkitarm/bin/../lib/gcc/arm-none-eabi/8.3.0/../../../../arm-none-eabi/lib/armv6k/fpu\libg.a(lib_a-strtod.o)
                0x000000000011b1ac                _strtod_r
 .text._strtoll_l.isra.0
                0x000000000011b1b8      0x25c c:/devkitpro/devkitarm/bin/../lib/gcc/arm-none-eabi/8.3.0/../../../../arm-none-eabi/lib/armv6k/fpu\libg.a(lib_a-strtoll.o)
 .text._strtoll_r
                0x000000000011b414        0x4 c:/devkitpro/devkitarm/bin/../lib/gcc/arm-none-eabi/8.3.0/../../../../arm-none-eabi/lib/armv6k/fpu\libg.a(lib_a-strtoll.o)
                0x000000000011b414                _strtoll_r
 .text._strtol_l.isra.0
                0x000000000011b418      0x1bc c:/devkitpro/devkitarm/bin/../lib/gcc/arm-none-eabi/8.3.0/../../../../arm-none-eabi/lib/armv6k/fpu\libg.a(lib_a-strtol.o)
 .text._strtol_r
                0x000000000011b5d4        0x4 c:/devkitpro/devkitarm/bin/../lib/gcc/arm-none-eabi/8.3.0/../../../../arm-none-eabi/lib/armv6k/fpu\libg.a(lib_a-strtol.o)
                0x000000000011b5d4                _strtol_r
 .text._strtoull_l.isra.0
                0x000000000011b5d8      0x25c c:/devkitpro/devkitarm/bin/../lib/gcc/arm-none-eabi/8.3.0/../../../../arm-none-eabi/lib/armv6k/fpu\libg.a(lib_a-strtoull.o)
 .text._strtoull_r
                0x000000000011b834        0x4 c:/devkitpro/devkitarm/bin/../lib/gcc/arm-none-eabi/8.3.0/../../../../arm-none-eabi/lib/armv6k/fpu\libg.a(lib_a-strtoull.o)
                0x000000000011b834                _strtoull_r
 .text._strtoul_l.isra.0
                0x000000000011b838      0x1d0 c:/devkitpro/devkitarm/bin/../lib/gcc/arm-none-eabi/8.3.0/../../../../arm-none-eabi/lib/armv6k/fpu\libg.a(lib_a-strtoul.o)
 .text._strtoul_r
                0x000000000011ba08        0x4 c:/devkitpro/devkitarm/bin/../lib/gcc/arm-none-eabi/8.3.0/../../../../arm-none-eabi/lib/armv6k/fpu\libg.a(lib_a-strtoul.o)
                0x000000000011ba08                _strtoul_r
 .text.__ssprint_r
                0x000000000011ba0c      0x188 c:/devkitpro/devkitarm/bin/../lib/gcc/arm-none-eabi/8.3.0/../../../../arm-none-eabi/lib/armv6k/fpu\libg.a(lib_a-svfiprintf.o)
                0x000000000011ba0c                __ssprint_r
 .text._sungetc_r
                0x000000000011bb94       0xe4 c:/devkitpro/devkitarm/bin/../lib/gcc/arm-none-eabi/8.3.0/../../../../arm-none-eabi/lib/armv6k/fpu\libg.a(lib_a-svfiscanf.o)
                0x000000000011bb94                _sungetc_r
 .text.__ssrefill_r
                0x000000000011bc78       0x6c c:/devkitpro/devkitarm/bin/../lib/gcc/arm-none-eabi/8.3.0/../../../../arm-none-eabi/lib/armv6k/fpu\libg.a(lib_a-svfiscanf.o)
                0x000000000011bc78                __ssrefill_r
 .text._sfread_r
                0x000000000011bce4       0xc8 c:/devkitpro/devkitarm/bin/../lib/gcc/arm-none-eabi/8.3.0/../../../../arm-none-eabi/lib/armv6k/fpu\libg.a(lib_a-svfiscanf.o)
                0x000000000011bce4                _sfread_r
 .text.get_arg  0x000000000011bdac      0x620 c:/devkitpro/devkitarm/bin/../lib/gcc/arm-none-eabi/8.3.0/../../../../arm-none-eabi/lib/armv6k/fpu\libg.a(lib_a-svfprintf.o)
 *fill*         0x000000000011c3cc        0x4 
 .text._svfprintf_r
                0x000000000011c3d0     0x35c0 c:/devkitpro/devkitarm/bin/../lib/gcc/arm-none-eabi/8.3.0/../../../../arm-none-eabi/lib/armv6k/fpu\libg.a(lib_a-svfprintf.o)
                0x000000000011c3d0                _svfprintf_r
 .text.__submore
                0x000000000011f990       0xa4 c:/devkitpro/devkitarm/bin/../lib/gcc/arm-none-eabi/8.3.0/../../../../arm-none-eabi/lib/armv6k/fpu\libg.a(lib_a-ungetc.o)
                0x000000000011f990                __submore
 .text._wcsnrtombs_l
                0x000000000011fa34      0x184 c:/devkitpro/devkitarm/bin/../lib/gcc/arm-none-eabi/8.3.0/../../../../arm-none-eabi/lib/armv6k/fpu\libg.a(lib_a-wcsnrtombs.o)
                0x000000000011fa34                _wcsnrtombs_l
 .text._wcsnrtombs_r
                0x000000000011fbb8       0x4c c:/devkitpro/devkitarm/bin/../lib/gcc/arm-none-eabi/8.3.0/../../../../arm-none-eabi/lib/armv6k/fpu\libg.a(lib_a-wcsnrtombs.o)
                0x000000000011fbb8                _wcsnrtombs_r
 .text.__utf8_wctomb
                0x000000000011fc04       0xe8 c:/devkitpro/devkitarm/bin/../lib/gcc/arm-none-eabi/8.3.0/../../../../arm-none-eabi/lib/armv6k/fpu\libg.a(lib_a-wctomb_r.o)
                0x000000000011fc04                __utf8_wctomb
 .text._fclose_r
                0x000000000011fcec      0x160 c:/devkitpro/devkitarm/bin/../lib/gcc/arm-none-eabi/8.3.0/../../../../arm-none-eabi/lib/armv6k/fpu\libg.a(lib_a-fclose.o)
                0x000000000011fcec                _fclose_r
 .text.rshift   0x000000000011fe4c       0xec c:/devkitpro/devkitarm/bin/../lib/gcc/arm-none-eabi/8.3.0/../../../../arm-none-eabi/lib/armv6k/fpu\libg.a(lib_a-gdtoa-gethex.o)
 .text.__gethex
                0x000000000011ff38      0x828 c:/devkitpro/devkitarm/bin/../lib/gcc/arm-none-eabi/8.3.0/../../../../arm-none-eabi/lib/armv6k/fpu\libg.a(lib_a-gdtoa-gethex.o)
                0x000000000011ff38                __gethex
 .text.__match  0x0000000000120760       0x60 c:/devkitpro/devkitarm/bin/../lib/gcc/arm-none-eabi/8.3.0/../../../../arm-none-eabi/lib/armv6k/fpu\libg.a(lib_a-gdtoa-hexnan.o)
                0x0000000000120760                __match
 .text.__hexnan
                0x00000000001207c0      0x254 c:/devkitpro/devkitarm/bin/../lib/gcc/arm-none-eabi/8.3.0/../../../../arm-none-eabi/lib/armv6k/fpu\libg.a(lib_a-gdtoa-hexnan.o)
                0x00000000001207c0                __hexnan
 .text.iswspace_l
                0x0000000000120a14       0x3c c:/devkitpro/devkitarm/bin/../lib/gcc/arm-none-eabi/8.3.0/../../../../arm-none-eabi/lib/armv6k/fpu\libg.a(lib_a-iswspace_l.o)
                0x0000000000120a14                iswspace_l
 .text.__jp2uc  0x0000000000120a50      0x1e0 c:/devkitpro/devkitarm/bin/../lib/gcc/arm-none-eabi/8.3.0/../../../../arm-none-eabi/lib/armv6k/fpu\libg.a(lib_a-jp2uc.o)
 .text._jp2uc_l
                0x0000000000120c30       0x94 c:/devkitpro/devkitarm/bin/../lib/gcc/arm-none-eabi/8.3.0/../../../../arm-none-eabi/lib/armv6k/fpu\libg.a(lib_a-jp2uc.o)
                0x0000000000120c30                _jp2uc_l
 *fill*         0x0000000000120cc4        0x4 
 .text.nan      0x0000000000120cc8       0x10 c:/devkitpro/devkitarm/bin/../lib/gcc/arm-none-eabi/8.3.0/../../../../arm-none-eabi/lib/armv6k/fpu\libg.a(lib_a-s_nan.o)
                0x0000000000120cc8                nan
 .text.category
                0x0000000000120cd8       0x84 c:/devkitpro/devkitarm/bin/../lib/gcc/arm-none-eabi/8.3.0/../../../../arm-none-eabi/lib/armv6k/fpu\libg.a(lib_a-categories.o)
                0x0000000000120cd8                category
 .text.null_write
                0x0000000000120d5c        0x8 c:/devkitpro/devkitarm/bin/../lib/gcc/arm-none-eabi/8.3.0/../../../../arm-none-eabi/lib/armv6k/fpu\libsysbase.a(iosupport.o)
 .text.setDefaultDevice
                0x0000000000120d64       0x18 c:/devkitpro/devkitarm/bin/../lib/gcc/arm-none-eabi/8.3.0/../../../../arm-none-eabi/lib/armv6k/fpu\libsysbase.a(iosupport.o)
                0x0000000000120d64                setDefaultDevice
 .text.FindDevice
                0x0000000000120d7c       0xc8 c:/devkitpro/devkitarm/bin/../lib/gcc/arm-none-eabi/8.3.0/../../../../arm-none-eabi/lib/armv6k/fpu\libsysbase.a(iosupport.o)
                0x0000000000120d7c                FindDevice
 .text.RemoveDevice
                0x0000000000120e44       0x28 c:/devkitpro/devkitarm/bin/../lib/gcc/arm-none-eabi/8.3.0/../../../../arm-none-eabi/lib/armv6k/fpu\libsysbase.a(iosupport.o)
                0x0000000000120e44                RemoveDevice
 .text.AddDevice
                0x0000000000120e6c       0x9c c:/devkitpro/devkitarm/bin/../lib/gcc/arm-none-eabi/8.3.0/../../../../arm-none-eabi/lib/armv6k/fpu\libsysbase.a(iosupport.o)
                0x0000000000120e6c                AddDevice
 .text._close_r
                0x0000000000120f08       0x84 c:/devkitpro/devkitarm/bin/../lib/gcc/arm-none-eabi/8.3.0/../../../../arm-none-eabi/lib/armv6k/fpu\libsysbase.a(close.o)
                0x0000000000120f08                _close_r
 .text._fstat_r
                0x0000000000120f8c       0x74 c:/devkitpro/devkitarm/bin/../lib/gcc/arm-none-eabi/8.3.0/../../../../arm-none-eabi/lib/armv6k/fpu\libsysbase.a(fstat.o)
                0x0000000000120f8c                _fstat_r
 .text._isatty_r
                0x0000000000121000        0x8 c:/devkitpro/devkitarm/bin/../lib/gcc/arm-none-eabi/8.3.0/../../../../arm-none-eabi/lib/armv6k/fpu\libsysbase.a(isatty.o)
                0x0000000000121000                _isatty_r
 .text._lseek_r
                0x0000000000121008       0x84 c:/devkitpro/devkitarm/bin/../lib/gcc/arm-none-eabi/8.3.0/../../../../arm-none-eabi/lib/armv6k/fpu\libsysbase.a(lseek.o)
                0x0000000000121008                _lseek_r
 .text._read_r  0x000000000012108c       0x80 c:/devkitpro/devkitarm/bin/../lib/gcc/arm-none-eabi/8.3.0/../../../../arm-none-eabi/lib/armv6k/fpu\libsysbase.a(read.o)
                0x000000000012108c                _read_r
 .text._sbrk_r  0x000000000012110c       0x70 c:/devkitpro/devkitarm/bin/../lib/gcc/arm-none-eabi/8.3.0/../../../../arm-none-eabi/lib/armv6k/fpu\libsysbase.a(sbrk.o)
                0x000000000012110c                _sbrk_r
 .text._write_r
                0x000000000012117c       0x80 c:/devkitpro/devkitarm/bin/../lib/gcc/arm-none-eabi/8.3.0/../../../../arm-none-eabi/lib/armv6k/fpu\libsysbase.a(write.o)
                0x000000000012117c                _write_r
 .text._concatenate_path
                0x00000000001211fc      0x1cc c:/devkitpro/devkitarm/bin/../lib/gcc/arm-none-eabi/8.3.0/../../../../arm-none-eabi/lib/armv6k/fpu\libsysbase.a(chdir.o)
                0x00000000001211fc                _concatenate_path
 .text.chdir    0x00000000001213c8      0x15c c:/devkitpro/devkitarm/bin/../lib/gcc/arm-none-eabi/8.3.0/../../../../arm-none-eabi/lib/armv6k/fpu\libsysbase.a(chdir.o)
                0x00000000001213c8                chdir
 .text.__flockfile
                0x0000000000121524        0x8 c:/devkitpro/devkitarm/bin/../lib/gcc/arm-none-eabi/8.3.0/../../../../arm-none-eabi/lib/armv6k/fpu\libsysbase.a(flock.o)
                0x0000000000121524                __flockfile
 .text.__funlockfile
                0x000000000012152c        0x8 c:/devkitpro/devkitarm/bin/../lib/gcc/arm-none-eabi/8.3.0/../../../../arm-none-eabi/lib/armv6k/fpu\libsysbase.a(flock.o)
                0x000000000012152c                __funlockfile
 .text.__libc_lock_acquire
                0x0000000000121534       0x18 c:/devkitpro/devkitarm/bin/../lib/gcc/arm-none-eabi/8.3.0/../../../../arm-none-eabi/lib/armv6k/fpu\libsysbase.a(syscall_support.o)
                0x0000000000121534                __libc_lock_acquire
 .text.__libc_lock_release
                0x000000000012154c       0x18 c:/devkitpro/devkitarm/bin/../lib/gcc/arm-none-eabi/8.3.0/../../../../arm-none-eabi/lib/armv6k/fpu\libsysbase.a(syscall_support.o)
                0x000000000012154c                __libc_lock_release
 .text.__libc_lock_init_recursive