Archive member included to satisfy reference by file (symbol)

C:/devkitPro/libctru/lib\libcitro2d.a(base.o)
                              main.o (C2D_Init)
C:/devkitPro/libctru/lib\libcitro2d.a(render2d.shbin.o)
                              C:/devkitPro/libctru/lib\libcitro2d.a(base.o) (render2d_shbin_size)
C:/devkitPro/libctru/lib\libcitro3d.a(base.o)
                              main.o (C3D_Init)
C:/devkitPro/libctru/lib\libcitro3d.a(renderqueue.o)
                              main.o (C3D_FrameBegin)
C:/devkitPro/libctru/lib\libcitro3d.a(texture.o)
                              C:/devkitPro/libctru/lib\libcitro2d.a(base.o) (C3D_TexBind)
C:/devkitPro/libctru/lib\libcitro3d.a(framebuffer.o)
                              C:/devkitPro/libctru/lib\libcitro3d.a(renderqueue.o) (C3D_CalcColorBufSize)
C:/devkitPro/libctru/lib\libcitro3d.a(texenv.o)
                              C:/devkitPro/libctru/lib\libcitro2d.a(base.o) (C3D_GetTexEnv)
C:/devkitPro/libctru/lib\libcitro3d.a(proctex.o)
                              C:/devkitPro/libctru/lib\libcitro2d.a(base.o) (C3D_ProcTexInit)
C:/devkitPro/libctru/lib\libcitro3d.a(buffers.o)
                              C:/devkitPro/libctru/lib\libcitro2d.a(base.o) (BufInfo_Init)
C:/devkitPro/libctru/lib\libcitro3d.a(drawArrays.o)
                              C:/devkitPro/libctru/lib\libcitro2d.a(base.o) (C3D_DrawArrays)
C:/devkitPro/libctru/lib\libcitro3d.a(effect.o)
                              C:/devkitPro/libctru/lib\libcitro3d.a(base.o) (C3D_DepthMap)
C:/devkitPro/libctru/lib\libcitro3d.a(attribs.o)
                              C:/devkitPro/libctru/lib\libcitro2d.a(base.o) (AttrInfo_Init)
C:/devkitPro/libctru/lib\libcitro3d.a(immediate.o)
                              C:/devkitPro/libctru/lib\libcitro3d.a(base.o) (C3D_ImmSendAttrib)
C:/devkitPro/libctru/lib\libcitro3d.a(uniforms.o)
                              C:/devkitPro/libctru/lib\libcitro3d.a(base.o) (C3D_UpdateUniforms)
C:/devkitPro/libctru/lib\libcitro3d.a(mtx_ortho.o)
                              C:/devkitPro/libctru/lib\libcitro2d.a(base.o) (Mtx_Ortho)
C:/devkitPro/libctru/lib\libcitro3d.a(mtx_orthotilt.o)
                              C:/devkitPro/libctru/lib\libcitro2d.a(base.o) (Mtx_OrthoTilt)
C:/devkitPro/libctru/lib\libctru.a(vram.o)
                              C:/devkitPro/libctru/lib\libcitro3d.a(renderqueue.o) (vramAlloc)
C:/devkitPro/libctru/lib\libctru.a(linear.o)
                              C:/devkitPro/libctru/lib\libcitro2d.a(base.o) (linearAlloc)
C:/devkitPro/libctru/lib\libctru.a(mem_pool.o)
                              C:/devkitPro/libctru/lib\libctru.a(vram.o) (MemPool::Allocate(MemChunk&, unsigned long, int))
C:/devkitPro/libctru/lib\libctru.a(os.o)
                              C:/devkitPro/libctru/lib\libcitro3d.a(texture.o) (osConvertVirtToPhys)
C:/devkitPro/libctru/lib\libctru.a(console.o)
                              main.o (consoleInit)
C:/devkitPro/libctru/lib\libctru.a(gfx.o)
                              C:/devkitPro/libctru/lib\libcitro3d.a(renderqueue.o) (gfxIs3D)
C:/devkitPro/libctru/lib\libctru.a(shaderProgram.o)
                              C:/devkitPro/libctru/lib\libcitro2d.a(base.o) (shaderInstanceGetUniformLocation)
C:/devkitPro/libctru/lib\libctru.a(shbin.o)
                              C:/devkitPro/libctru/lib\libcitro2d.a(base.o) (DVLB_ParseFile)
C:/devkitPro/libctru/lib\libctru.a(gx.o)
                              C:/devkitPro/libctru/lib\libctru.a(gfx.o) (gxCmdBuf)
C:/devkitPro/libctru/lib\libctru.a(gxqueue.o)
                              C:/devkitPro/libctru/lib\libcitro3d.a(renderqueue.o) (gxCmdQueueClear)
C:/devkitPro/libctru/lib\libctru.a(gpu.o)
                              C:/devkitPro/libctru/lib\libcitro3d.a(base.o) (gpuCmdBufOffset)
C:/devkitPro/libctru/lib\libctru.a(gspgpu.o)
                              C:/devkitPro/libctru/lib\libctru.a(gfx.o) (gspInit)
C:/devkitPro/libctru/lib\libctru.a(apt.o)
                              C:/devkitPro/libctru/lib\libcitro3d.a(base.o) (aptHook)
C:/devkitPro/libctru/lib\libctru.a(hid.o)
                              main.o (hidScanInput)
C:/devkitPro/libctru/lib\libctru.a(ptmsysm.o)
                              C:/devkitPro/libctru/lib\libctru.a(os.o) (ptmSysmInit)
C:/devkitPro/libctru/lib\libctru.a(rbtree_init.o)
                              C:/devkitPro/libctru/lib\libctru.a(vram.o) (rbtree_init)
C:/devkitPro/libctru/lib\libctru.a(rbtree_insert.o)
                              C:/devkitPro/libctru/lib\libctru.a(vram.o) (rbtree_insert)
C:/devkitPro/libctru/lib\libctru.a(rbtree_rotate.o)
                              C:/devkitPro/libctru/lib\libctru.a(rbtree_insert.o) (rbtree_rotate)
C:/devkitPro/libctru/lib\libctru.a(rbtree_remove.o)
                              C:/devkitPro/libctru/lib\libctru.a(vram.o) (rbtree_remove)
C:/devkitPro/libctru/lib\libctru.a(rbtree_find.o)
                              C:/devkitPro/libctru/lib\libctru.a(vram.o) (rbtree_find)
C:/devkitPro/libctru/lib\libctru.a(initSystem.o)
[...]
Memory Configuration

Name             Origin             Length             Attributes
*default*        0x0000000000000000 0xffffffffffffffff

Linker script and memory map

                0x0000000000100000                PROVIDE (__start__ = 0x100000)
                0x0000000000100000                . = __start__

.text           0x0000000000100000    0x24c68
 *(.crt0)
 .crt0          0x0000000000100000       0x94 c:/devkitpro/devkitarm/bin/../lib/gcc/arm-none-eabi/8.3.0/../../../../arm-none-eabi/lib/armv6k/fpu/3dsx_crt0.o
                0x0000000000100000                _start
                0x0000000000100008                __service_ptr
                0x000000000010000c                __apt_appid
                0x0000000000100010                __heap_size
                0x0000000000100014                __linear_heap_size
                0x0000000000100018                __system_arglist
                0x000000000010001c                __system_runflags
 *(.init)
 .init          0x0000000000100094        0xc c:/devkitpro/devkitarm/bin/../lib/gcc/arm-none-eabi/8.3.0/armv6k/fpu/crti.o
                0x0000000000100094                _init
 .init          0x00000000001000a0        0xc c:/devkitpro/devkitarm/bin/../lib/gcc/arm-none-eabi/8.3.0/armv6k/fpu/crtn.o
                0x00000000001000ac                . = ALIGN (0x4)
 *(.text)
 .text          0x00000000001000ac       0x64 C:/devkitPro/libctru/lib\libctru.a(stack_adjust.o)
                0x00000000001000ac                initSystem
                0x00000000001000f0                __ctru_exit
 .text          0x0000000000100110      0x240 c:/devkitpro/devkitarm/bin/../lib/gcc/arm-none-eabi/8.3.0/armv6k/fpu\libgcc.a(_divsi3.o)
                0x0000000000100110                __divsi3
                0x0000000000100110                __aeabi_idiv
                0x0000000000100330                __aeabi_idivmod
 .text          0x0000000000100350        0x4 c:/devkitpro/devkitarm/bin/../lib/gcc/arm-none-eabi/8.3.0/armv6k/fpu\libgcc.a(_dvmd_tls.o)
                0x0000000000100350                __aeabi_idiv0
                0x0000000000100350                __aeabi_ldiv0
 .text          0x0000000000100354      0x3c0 c:/devkitpro/devkitarm/bin/../lib/gcc/arm-none-eabi/8.3.0/armv6k/fpu\libgcc.a(_arm_addsubdf3.o)
                0x0000000000100354                __aeabi_drsub
                0x000000000010035c                __aeabi_dsub
                0x000000000010035c                __subdf3
                0x0000000000100360                __aeabi_dadd
                0x0000000000100360                __adddf3
                0x000000000010060c                __floatunsidf
                0x000000000010060c                __aeabi_ui2d
                0x0000000000100630                __floatsidf
                0x0000000000100630                __aeabi_i2d
                0x0000000000100658                __aeabi_f2d
                0x0000000000100658                __extendsfdf2
                0x00000000001006a0                __floatundidf
                0x00000000001006a0                __aeabi_ul2d
                0x00000000001006b4                __floatdidf
                0x00000000001006b4                __aeabi_l2d
 .text          0x0000000000100714       0x3c c:/devkitpro/devkitarm/bin/../lib/gcc/arm-none-eabi/8.3.0/armv6k/fpu\libgcc.a(_aeabi_uldivmod.o)
                0x0000000000100714                __aeabi_uldivmod
 .text          0x0000000000100750      0x1a8 c:/devkitpro/devkitarm/bin/../lib/gcc/arm-none-eabi/8.3.0/armv6k/fpu\libgcc.a(libunwind.o)
                0x0000000000100750                __restore_core_regs
                0x0000000000100750                restore_core_regs
                0x0000000000100764                __gnu_Unwind_Restore_VFP
                0x000000000010076c                __gnu_Unwind_Save_VFP
                0x0000000000100774                __gnu_Unwind_Restore_VFP_D
                0x000000000010077c                __gnu_Unwind_Save_VFP_D
                0x0000000000100784                __gnu_Unwind_Restore_VFP_D_16_to_31
                0x000000000010078c                __gnu_Unwind_Save_VFP_D_16_to_31
                0x0000000000100794                __gnu_Unwind_Restore_WMMXD
                0x00000000001007d8                __gnu_Unwind_Save_WMMXD
                0x000000000010081c                __gnu_Unwind_Restore_WMMXC
                0x0000000000100830                __gnu_Unwind_Save_WMMXC
                0x0000000000100844                ___Unwind_RaiseException
                0x0000000000100844                _Unwind_RaiseException
                0x0000000000100868                _Unwind_Resume
                0x0000000000100868                ___Unwind_Resume
                0x000000000010088c                _Unwind_Resume_or_Rethrow
                0x000000000010088c                ___Unwind_Resume_or_Rethrow
                0x00000000001008b0                _Unwind_ForcedUnwind
                0x00000000001008b0                ___Unwind_ForcedUnwind
                0x00000000001008d4                ___Unwind_Backtrace
                0x00000000001008d4                _Unwind_Backtrace
 *fill*         0x00000000001008f8        0x8 
 .text          0x0000000000100900      0x390 c:/devkitpro/devkitarm/bin/../lib/gcc/arm-none-eabi/8.3.0/../../../../arm-none-eabi/lib/armv6k/fpu\libg.a(lib_a-strcmp.o)
                0x0000000000100908                strcmp
 .text          0x0000000000100c90      0x20c c:/devkitpro/devkitarm/bin/../lib/gcc/arm-none-eabi/8.3.0/armv6k/fpu\libgcc.a(_udivsi3.o)
                0x0000000000100c90                __aeabi_uidiv
                0x0000000000100c90                __udivsi3
                0x0000000000100e7c                __aeabi_uidivmod
 *(.text.*)
 .text.deregister_tm_clones
                0x0000000000100e9c       0x2c c:/devkitpro/devkitarm/bin/../lib/gcc/arm-none-eabi/8.3.0/armv6k/fpu/crtbegin.o
 .text.register_tm_clones
                0x0000000000100ec8       0x38 c:/devkitpro/devkitarm/bin/../lib/gcc/arm-none-eabi/8.3.0/armv6k/fpu/crtbegin.o
 .text.__do_global_dtors_aux
                0x0000000000100f00       0x44 c:/devkitpro/devkitarm/bin/../lib/gcc/arm-none-eabi/8.3.0/armv6k/fpu/crtbegin.o
 .text.frame_dummy
                0x0000000000100f44       0x34 c:/devkitpro/devkitarm/bin/../lib/gcc/arm-none-eabi/8.3.0/armv6k/fpu/crtbegin.o
 .text._ZNSt6vectorIS_IiSaIiEESaIS1_EED2Ev
                0x0000000000100f78       0x4c main.o
                0x0000000000100f78                std::vector<std::vector<int, std::allocator<int> >, std::allocator<std::vector<int, std::allocator<int> > > >::~vector()
                0x0000000000100f78                std::vector<std::vector<int, std::allocator<int> >, std::allocator<std::vector<int, std::allocator<int> > > >::~vector()
 .text._Z7canMovev
                0x0000000000100fc4       0xa0 main.o
                0x0000000000100fc4                canMove()
 .text._Z12InitAllStuffv
                0x0000000000101064       0x1c main.o
                0x0000000000101064                InitAllStuff()
 .text._Z9DrawBoardv
                0x0000000000101080       0x8c main.o
                0x0000000000101080                DrawBoard()
 .text._Z5DrawLii
                0x000000000010110c      0x138 main.o
                0x000000000010110c                DrawL(int, int)
 .text._Z17printMatrixStatusv
                0x0000000000101244       0x64 main.o
                0x0000000000101244                printMatrixStatus()
 .text.startup.main
                0x00000000001012a8      0x1c0 main.o
                0x00000000001012a8                main
 .text._ZNSt6vectorIS_IiSaIiEESaIS1_EEC2EjRKS1_RKS2_
                0x0000000000101468      0x100 main.o
                0x0000000000101468                std::vector<std::vector<int, std::allocator<int> >, std::allocator<std::vector<int, std::allocator<int> > > >::vector(unsigned int, std::vector<int, std::allocator<int> > const&, std::allocator<std::vector<int, std::allocator<int> > > const&)
                0x0000000000101468                std::vector<std::vector<int, std::allocator<int> >, std::allocator<std::vector<int, std::allocator<int> > > >::vector(unsigned int, std::vector<int, std::allocator<int> > const&, std::allocator<std::vector<int, std::allocator<int> > > const&)
 .text.startup._GLOBAL__sub_I_gameTable
                0x0000000000101568      0x100 main.o
 .text.C2D_Init
                0x0000000000101668      0x32c C:/devkitPro/libctru/lib\libcitro2d.a(base.o)
                0x0000000000101668                C2D_Init
 .text.C2D_Fini
                0x0000000000101994       0x48 C:/devkitPro/libctru/lib\libcitro2d.a(base.o)
                0x0000000000101994                C2D_Fini
 .text.C2D_Prepare
                0x00000000001019dc       0xc8 C:/devkitPro/libctru/lib\libcitro2d.a(base.o)
                0x00000000001019dc                C2D_Prepare
 .text.C2D_SceneSize
                0x0000000000101aa4      0x10c C:/devkitPro/libctru/lib\libcitro2d.a(base.o)
                0x0000000000101aa4                C2D_SceneSize
 .text.C2D_CreateScreenTarget
                0x0000000000101bb0       0x44 C:/devkitPro/libctru/lib\libcitro2d.a(base.o)
                0x0000000000101bb0                C2D_CreateScreenTarget
 .text.C2Di_FlushVtxBuf
                0x0000000000101bf4       0x30 C:/devkitPro/libctru/lib\libcitro2d.a(base.o)
                0x0000000000101bf4                C2Di_FlushVtxBuf
 .text.C2Di_FrameEndHook
                0x0000000000101c24       0x20 C:/devkitPro/libctru/lib\libcitro2d.a(base.o)
 .text.C2D_Flush
                0x0000000000101c44       0x18 C:/devkitPro/libctru/lib\libcitro2d.a(base.o)
                0x0000000000101c44                C2D_Flush
 .text.C2D_TargetClear
                0x0000000000101c5c       0x30 C:/devkitPro/libctru/lib\libcitro2d.a(base.o)
                0x0000000000101c5c                C2D_TargetClear
 .text.C2Di_Update
                0x0000000000101c8c      0x218 C:/devkitPro/libctru/lib\libcitro2d.a(base.o)
                0x0000000000101c8c                C2Di_Update
 .text.C2D_DrawRectangle
                0x0000000000101ea4      0x1c0 C:/devkitPro/libctru/lib\libcitro2d.a(base.o)
                0x0000000000101ea4                C2D_DrawRectangle
 .text.C3Di_SplitFrame.part.1
                0x0000000000102064       0xc4 C:/devkitPro/libctru/lib\libcitro3d.a(base.o)
 .text.C3Di_LightEnvUpdate
                0x0000000000102128        0x4 C:/devkitPro/libctru/lib\libcitro3d.a(base.o)
                0x0000000000102128                C3Di_LightEnvUpdate
 .text.C3Di_LightEnvDirty
                0x000000000010212c        0x4 C:/devkitPro/libctru/lib\libcitro3d.a(base.o)
                0x000000000010212c                C3Di_LightEnvDirty
 .text.C3Di_AptEventHook
                0x0000000000102130       0xac C:/devkitPro/libctru/lib\libcitro3d.a(base.o)
 .text.C3Di_GasUpdate
                0x00000000001021dc        0x4 C:/devkitPro/libctru/lib\libcitro3d.a(base.o)
                0x00000000001021dc                C3Di_GasUpdate
 .text.C3D_Init
                0x00000000001021e0      0x21c C:/devkitPro/libctru/lib\libcitro3d.a(base.o)
                0x00000000001021e0                C3D_Init
 .text.C3D_SetViewport
                0x00000000001023fc       0x98 C:/devkitPro/libctru/lib\libcitro3d.a(base.o)
                0x00000000001023fc                C3D_SetViewport
 .text.C3Di_UpdateContext
                0x0000000000102494      0x50c C:/devkitPro/libctru/lib\libcitro3d.a(base.o)
                0x0000000000102494                C3Di_UpdateContext
 .text.C3Di_SplitFrame
                0x00000000001029a0       0x20 C:/devkitPro/libctru/lib\libcitro3d.a(base.o)
                0x00000000001029a0                C3Di_SplitFrame
 .text.C3D_Fini
                0x00000000001029c0       0x64 C:/devkitPro/libctru/lib\libcitro3d.a(base.o)
                0x00000000001029c0                C3D_Fini
 .text.C3D_BindProgram
                0x0000000000102a24      0x114 C:/devkitPro/libctru/lib\libcitro3d.a(base.o)
                0x0000000000102a24                C3D_BindProgram
 .text.C3Di_RenderQueueInit
                0x0000000000102b38       0x54 C:/devkitPro/libctru/lib\libcitro3d.a(renderqueue.o)
 .text.C3Di_RenderTargetDestroy
                0x0000000000102b8c       0x80 C:/devkitPro/libctru/lib\libcitro3d.a(renderqueue.o)
 .text.onVBlank1
                0x0000000000102c0c       0xac C:/devkitPro/libctru/lib\libcitro3d.a(renderqueue.o)
 .text.onVBlank0
                0x0000000000102cb8      0x13c C:/devkitPro/libctru/lib\libcitro3d.a(renderqueue.o)
 .text.C3Di_RenderTargetNew
                0x0000000000102df4        0xc C:/devkitPro/libctru/lib\libcitro3d.a(renderqueue.o)
 .text.C3Di_WaitAndClearQueue
                0x0000000000102e00       0x7c C:/devkitPro/libctru/lib\libcitro3d.a(renderqueue.o)
 .text.onQueueFinish
                0x0000000000102e7c       0xc0 C:/devkitPro/libctru/lib\libcitro3d.a(renderqueue.o)
 .text.C3D_FrameSplit.part.6
                0x0000000000102f3c       0x44 C:/devkitPro/libctru/lib\libcitro3d.a(renderqueue.o)
 .text.C3D_FrameSync
                0x0000000000102f80       0x30 C:/devkitPro/libctru/lib\libcitro3d.a(renderqueue.o)
                0x0000000000102f80                C3D_FrameSync
 .text.C3Di_RenderQueueExit
                0x0000000000102fb0       0xa0 C:/devkitPro/libctru/lib\libcitro3d.a(renderqueue.o)
                0x0000000000102fb0                C3Di_RenderQueueExit
 .text.C3Di_RenderQueueWaitDone
                0x0000000000103050       0x20 C:/devkitPro/libctru/lib\libcitro3d.a(renderqueue.o)
                0x0000000000103050                C3Di_RenderQueueWaitDone
 .text.C3D_FrameBegin
                0x0000000000103070       0x7c C:/devkitPro/libctru/lib\libcitro3d.a(renderqueue.o)
                0x0000000000103070                C3D_FrameBegin
 .text.C3D_FrameDrawOn
                0x00000000001030ec       0x48 C:/devkitPro/libctru/lib\libcitro3d.a(renderqueue.o)
                0x00000000001030ec                C3D_FrameDrawOn
 .text.C3D_FrameSplit
                0x0000000000103134       0x18 C:/devkitPro/libctru/lib\libcitro3d.a(renderqueue.o)
                0x0000000000103134                C3D_FrameSplit
 .text.C3D_FrameEnd
                0x000000000010314c      0x164 C:/devkitPro/libctru/lib\libcitro3d.a(renderqueue.o)
                0x000000000010314c                C3D_FrameEnd
 .text.C3D_FrameEndHook
                0x00000000001032b0       0x1c C:/devkitPro/libctru/lib\libcitro3d.a(renderqueue.o)
                0x00000000001032b0                C3D_FrameEndHook
 .text.C3D_RenderTargetCreate
                0x00000000001032cc      0x17c C:/devkitPro/libctru/lib\libcitro3d.a(renderqueue.o)
                0x00000000001032cc                C3D_RenderTargetCreate
 .text.C3D_RenderTargetSetOutput
                0x0000000000103448       0x4c C:/devkitPro/libctru/lib\libcitro3d.a(renderqueue.o)
                0x0000000000103448                C3D_RenderTargetSetOutput
 .text.C3D_TexBind
                0x0000000000103494       0x48 C:/devkitPro/libctru/lib\libcitro3d.a(texture.o)
                0x0000000000103494                C3D_TexBind
 .text.C3Di_SetTex
                0x00000000001034dc      0x174 C:/devkitPro/libctru/lib\libcitro3d.a(texture.o)
                0x00000000001034dc                C3Di_SetTex
 .text.C3D_CalcColorBufSize
                0x0000000000103650       0x1c C:/devkitPro/libctru/lib\libcitro3d.a(framebuffer.o)
                0x0000000000103650                C3D_CalcColorBufSize
 .text.C3D_CalcDepthBufSize
                0x000000000010366c       0x1c C:/devkitPro/libctru/lib\libcitro3d.a(framebuffer.o)
                0x000000000010366c                C3D_CalcDepthBufSize
 .text.C3D_SetFrameBuf
                0x0000000000103688       0x44 C:/devkitPro/libctru/lib\libcitro3d.a(framebuffer.o)
                0x0000000000103688                C3D_SetFrameBuf
 .text.C3Di_FrameBufBind
                0x00000000001036cc      0x168 C:/devkitPro/libctru/lib\libcitro3d.a(framebuffer.o)
                0x00000000001036cc                C3Di_FrameBufBind
 .text.C3D_FrameBufClear
                0x0000000000103834       0xc8 C:/devkitPro/libctru/lib\libcitro3d.a(framebuffer.o)
                0x0000000000103834                C3D_FrameBufClear
 .text.C3D_FrameBufTransfer
                0x00000000001038fc       0x48 C:/devkitPro/libctru/lib\libcitro3d.a(framebuffer.o)
                0x00000000001038fc                C3D_FrameBufTransfer
 .text.C3D_GetTexEnv
                0x0000000000103944       0x34 C:/devkitPro/libctru/lib\libcitro3d.a(texenv.o)
                0x0000000000103944                C3D_GetTexEnv
 .text.C3Di_TexEnvBind
                0x0000000000103978       0x24 C:/devkitPro/libctru/lib\libcitro3d.a(texenv.o)
                0x0000000000103978                C3Di_TexEnvBind
 .text.C3D_ProcTexInit
                0x000000000010399c       0x6c C:/devkitPro/libctru/lib\libcitro3d.a(proctex.o)
                0x000000000010399c                C3D_ProcTexInit
 .text.C3D_ProcTexBind
                0x0000000000103a08       0x50 C:/devkitPro/libctru/lib\libcitro3d.a(proctex.o)
                0x0000000000103a08                C3D_ProcTexBind
 .text.C3D_ProcTexLutBind
                0x0000000000103a58       0x60 C:/devkitPro/libctru/lib\libcitro3d.a(proctex.o)
                0x0000000000103a58                C3D_ProcTexLutBind
 .text.ProcTexLut_FromArray
                0x0000000000103ab8       0xa4 C:/devkitPro/libctru/lib\libcitro3d.a(proctex.o)
                0x0000000000103ab8                ProcTexLut_FromArray
 .text.C3Di_ProcTexUpdate
                0x0000000000103b5c      0x174 C:/devkitPro/libctru/lib\libcitro3d.a(proctex.o)
                0x0000000000103b5c                C3Di_ProcTexUpdate
 .text.C3Di_ProcTexDirty
                0x0000000000103cd0       0x68 C:/devkitPro/libctru/lib\libcitro3d.a(proctex.o)
                0x0000000000103cd0                C3Di_ProcTexDirty
 .text.BufInfo_Init
                0x0000000000103d38       0x24 C:/devkitPro/libctru/lib\libcitro3d.a(buffers.o)
                0x0000000000103d38                BufInfo_Init
 .text.BufInfo_Add
                0x0000000000103d5c       0x84 C:/devkitPro/libctru/lib\libcitro3d.a(buffers.o)
                0x0000000000103d5c                BufInfo_Add
 .text.C3D_SetBufInfo
                0x0000000000103de0       0x40 C:/devkitPro/libctru/lib\libcitro3d.a(buffers.o)
                0x0000000000103de0                C3D_SetBufInfo
 .text.C3Di_BufInfoBind
                0x0000000000103e20       0x48 C:/devkitPro/libctru/lib\libcitro3d.a(buffers.o)
                0x0000000000103e20                C3Di_BufInfoBind
 .text.C3D_DrawArrays
                0x0000000000103e68      0x148 C:/devkitPro/libctru/lib\libcitro3d.a(drawArrays.o)
                0x0000000000103e68                C3D_DrawArrays
 .text.C3D_DepthMap
                0x0000000000103fb0       0x40 C:/devkitPro/libctru/lib\libcitro3d.a(effect.o)
                0x0000000000103fb0                C3D_DepthMap
 .text.C3D_CullFace
                0x0000000000103ff0       0x1c C:/devkitPro/libctru/lib\libcitro3d.a(effect.o)
                0x0000000000103ff0                C3D_CullFace
 .text.C3D_StencilTest
                0x000000000010400c       0x40 C:/devkitPro/libctru/lib\libcitro3d.a(effect.o)
                0x000000000010400c                C3D_StencilTest
 .text.C3D_StencilOp
                0x000000000010404c       0x24 C:/devkitPro/libctru/lib\libcitro3d.a(effect.o)
                0x000000000010404c                C3D_StencilOp
 .text.C3D_BlendingColor
                0x0000000000104070       0x1c C:/devkitPro/libctru/lib\libcitro3d.a(effect.o)
                0x0000000000104070                C3D_BlendingColor
 .text.C3D_EarlyDepthTest
                0x000000000010408c       0x24 C:/devkitPro/libctru/lib\libcitro3d.a(effect.o)
                0x000000000010408c                C3D_EarlyDepthTest
 .text.C3D_DepthTest
                0x00000000001040b0       0x2c C:/devkitPro/libctru/lib\libcitro3d.a(effect.o)
                0x00000000001040b0                C3D_DepthTest
 .text.C3D_AlphaTest
                0x00000000001040dc       0x2c C:/devkitPro/libctru/lib\libcitro3d.a(effect.o)
                0x00000000001040dc                C3D_AlphaTest
 .text.C3D_AlphaBlend
                0x0000000000104108       0x50 C:/devkitPro/libctru/lib\libcitro3d.a(effect.o)
                0x0000000000104108                C3D_AlphaBlend
 .text.C3D_FragOpMode
                0x0000000000104158       0x30 C:/devkitPro/libctru/lib\libcitro3d.a(effect.o)
                0x0000000000104158                C3D_FragOpMode
 .text.C3D_FragOpShadow
                0x0000000000104188       0x44 C:/devkitPro/libctru/lib\libcitro3d.a(effect.o)
                0x0000000000104188                C3D_FragOpShadow
 .text.C3Di_EffectBind
                0x00000000001041cc      0x1ac C:/devkitPro/libctru/lib\libcitro3d.a(effect.o)
                0x00000000001041cc                C3Di_EffectBind
 .text.AttrInfo_Init
                0x0000000000104378       0x28 C:/devkitPro/libctru/lib\libcitro3d.a(attribs.o)
                0x0000000000104378                AttrInfo_Init
 .text.AttrInfo_AddLoader
                0x00000000001043a0       0xa0 C:/devkitPro/libctru/lib\libcitro3d.a(attribs.o)
                0x00000000001043a0                AttrInfo_AddLoader
 .text.C3D_SetAttrInfo
                0x0000000000104440       0x54 C:/devkitPro/libctru/lib\libcitro3d.a(attribs.o)
                0x0000000000104440                C3D_SetAttrInfo
 .text.C3Di_AttrInfoBind
                0x0000000000104494       0x80 C:/devkitPro/libctru/lib\libcitro3d.a(attribs.o)
                0x0000000000104494                C3Di_AttrInfoBind
 .text.C3D_ImmSendAttrib
                0x0000000000104514       0xa4 C:/devkitPro/libctru/lib\libcitro3d.a(immediate.o)
                0x0000000000104514                C3D_ImmSendAttrib
 .text.C3D_UpdateUniforms
                0x00000000001045b8      0x2b8 C:/devkitPro/libctru/lib\libcitro3d.a(uniforms.o)
                0x00000000001045b8                C3D_UpdateUniforms
 .text.C3Di_DirtyUniforms
                0x0000000000104870       0xc0 C:/devkitPro/libctru/lib\libcitro3d.a(uniforms.o)
                0x0000000000104870                C3Di_DirtyUniforms
 .text.C3Di_LoadShaderUniforms
                0x0000000000104930       0xe0 C:/devkitPro/libctru/lib\libcitro3d.a(uniforms.o)
                0x0000000000104930                C3Di_LoadShaderUniforms
 .text.C3Di_ClearShaderUniforms
                0x0000000000104a10       0x28 C:/devkitPro/libctru/lib\libcitro3d.a(uniforms.o)
                0x0000000000104a10                C3Di_ClearShaderUniforms
 .text.Mtx_Ortho
                0x0000000000104a38       0xcc C:/devkitPro/libctru/lib\libcitro3d.a(mtx_ortho.o)
                0x0000000000104a38                Mtx_Ortho
 .text.Mtx_OrthoTilt
                0x0000000000104b04       0xcc C:/devkitPro/libctru/lib\libcitro3d.a(mtx_orthotilt.o)
                0x0000000000104b04                Mtx_OrthoTilt
 .text._ZL21addrMapNodeComparatorPK11rbtree_nodeS1_
                0x0000000000104bd0       0x24 C:/devkitPro/libctru/lib\libctru.a(vram.o)
 .text._ZL21addrMapNodeDestructorP11rbtree_node
                0x0000000000104bf4        0x4 C:/devkitPro/libctru/lib\libctru.a(vram.o)
 .text.vramMemAlign
                0x0000000000104bf8      0x110 C:/devkitPro/libctru/lib\libctru.a(vram.o)
                0x0000000000104bf8                vramMemAlign
 .text.vramAlloc
                0x0000000000104d08        0x8 C:/devkitPro/libctru/lib\libctru.a(vram.o)
                0x0000000000104d08                vramAlloc
 .text.vramFree
                0x0000000000104d10       0x50 C:/devkitPro/libctru/lib\libctru.a(vram.o)
                0x0000000000104d10                vramFree
 .text._ZL21addrMapNodeComparatorPK11rbtree_nodeS1_
                0x0000000000104d60       0x24 C:/devkitPro/libctru/lib\libctru.a(linear.o)
 .text._ZL21addrMapNodeDestructorP11rbtree_node
                0x0000000000104d84        0x4 C:/devkitPro/libctru/lib\libctru.a(linear.o)
 .text.linearMemAlign
                0x0000000000104d88      0x11c C:/devkitPro/libctru/lib\libctru.a(linear.o)
                0x0000000000104d88                linearMemAlign
 .text.linearAlloc
                0x0000000000104ea4        0x8 C:/devkitPro/libctru/lib\libctru.a(linear.o)
                0x0000000000104ea4                linearAlloc
 .text.linearFree
                0x0000000000104eac       0x50 C:/devkitPro/libctru/lib\libctru.a(linear.o)
                0x0000000000104eac                linearFree
 .text._ZN7MemPool13CoalesceRightEP8MemBlock
                0x0000000000104efc       0x90 C:/devkitPro/libctru/lib\libctru.a(mem_pool.o)
                0x0000000000104efc                MemPool::CoalesceRight(MemBlock*)
 .text._ZN7MemPool8AllocateER8MemChunkmi
                0x0000000000104f8c      0x174 C:/devkitPro/libctru/lib\libctru.a(mem_pool.o)
                0x0000000000104f8c                MemPool::Allocate(MemChunk&, unsigned long, int)
 .text._ZN7MemPool10DeallocateERK8MemChunk
                0x0000000000105100       0xfc C:/devkitPro/libctru/lib\libctru.a(mem_pool.o)
                0x0000000000105100                MemPool::Deallocate(MemChunk const&)
 .text.getSysTime
                0x00000000001051fc       0x58 C:/devkitPro/libctru/lib\libctru.a(os.o)
 .text.__ctru_speedup_config.part.0
                0x0000000000105254       0x28 C:/devkitPro/libctru/lib\libctru.a(os.o)
 .text.osConvertVirtToPhys
                0x000000000010527c       0x4c C:/devkitPro/libctru/lib\libctru.a(os.o)
                0x000000000010527c                osConvertVirtToPhys
 .text.osGetMemRegionUsed
                0x00000000001052c8       0x24 C:/devkitPro/libctru/lib\libctru.a(os.o)
                0x00000000001052c8                osGetMemRegionUsed
 *fill*         0x00000000001052ec        0x4 
 .text.__libctru_gtod
                0x00000000001052f0      0x128 C:/devkitPro/libctru/lib\libctru.a(os.o)
                0x00000000001052f0                __libctru_gtod
 .text.osGetTime
                0x0000000000105418       0x78 C:/devkitPro/libctru/lib\libctru.a(os.o)
                0x0000000000105418                osGetTime
 .text.__ctru_speedup_config
                0x0000000000105490       0x18 C:/devkitPro/libctru/lib\libctru.a(os.o)
                0x0000000000105490                __ctru_speedup_config
 .text.consoleDrawChar
                0x00000000001054a8      0x1b8 C:/devkitPro/libctru/lib\libctru.a(console.o)
                0x00000000001054a8                consoleDrawChar
 .text.consolePrintChar
                0x0000000000105660      0x124 C:/devkitPro/libctru/lib\libctru.a(console.o)
                0x0000000000105660                consolePrintChar
 .text.consoleCls
                0x0000000000105784      0x164 C:/devkitPro/libctru/lib\libctru.a(console.o)
 .text.consoleInit
                0x00000000001058e8      0x104 C:/devkitPro/libctru/lib\libctru.a(console.o)
                0x00000000001058e8                consoleInit
 .text.consoleClearLine
                0x00000000001059ec      0x114 C:/devkitPro/libctru/lib\libctru.a(console.o)
 .text.newRow   0x0000000000105b00       0xc4 C:/devkitPro/libctru/lib\libctru.a(console.o)
 .text.con_write
                0x0000000000105bc4      0x7b8 C:/devkitPro/libctru/lib\libctru.a(console.o)
                0x0000000000105bc4                con_write
 .text.gfxSetFramebufferInfo.part.0
                0x000000000010637c       0x8c C:/devkitPro/libctru/lib\libctru.a(gfx.o)
 .text.gfxSetFramebufferInfo
                0x0000000000106408       0x6c C:/devkitPro/libctru/lib\libctru.a(gfx.o)
 .text.gfxGetFramebuffer.part.1
                0x0000000000106474       0x58 C:/devkitPro/libctru/lib\libctru.a(gfx.o)
 .text.gfxIs3D  0x00000000001064cc       0x10 C:/devkitPro/libctru/lib\libctru.a(gfx.o)
                0x00000000001064cc                gfxIs3D
 .text.__get_bytes_per_pixel
                0x00000000001064dc       0x18 C:/devkitPro/libctru/lib\libctru.a(gfx.o)
                0x00000000001064dc                __get_bytes_per_pixel
 .text.gfxSetScreenFormat
                0x00000000001064f4      0x184 C:/devkitPro/libctru/lib\libctru.a(gfx.o)
                0x00000000001064f4                gfxSetScreenFormat
 .text.gfxSetDoubleBuffering
                0x0000000000106678       0x10 C:/devkitPro/libctru/lib\libctru.a(gfx.o)
                0x0000000000106678                gfxSetDoubleBuffering
 .text.gfxInit  0x0000000000106688      0x210 C:/devkitPro/libctru/lib\libctru.a(gfx.o)
                0x0000000000106688                gfxInit
 .text.gfxInitDefault
                0x0000000000106898       0x10 C:/devkitPro/libctru/lib\libctru.a(gfx.o)
                0x0000000000106898                gfxInitDefault
 .text.gfxExit  0x00000000001068a8       0xe0 C:/devkitPro/libctru/lib\libctru.a(gfx.o)
                0x00000000001068a8                gfxExit
 .text.gfxGetFramebuffer
                0x0000000000106988       0x60 C:/devkitPro/libctru/lib\libctru.a(gfx.o)
                0x0000000000106988                gfxGetFramebuffer
 .text.gfxFlushBuffers
                0x00000000001069e8       0xcc C:/devkitPro/libctru/lib\libctru.a(gfx.o)
                0x00000000001069e8                gfxFlushBuffers
 .text.gfxConfigScreen
                0x0000000000106ab4       0xf8 C:/devkitPro/libctru/lib\libctru.a(gfx.o)
                0x0000000000106ab4                gfxConfigScreen
 .text.gfxSwapBuffersGpu
                0x0000000000106bac       0x20 C:/devkitPro/libctru/lib\libctru.a(gfx.o)
                0x0000000000106bac                gfxSwapBuffersGpu
 .text.shaderInstanceInit
                0x0000000000106bcc      0x1ec C:/devkitPro/libctru/lib\libctru.a(shaderProgram.o)
                0x0000000000106bcc                shaderInstanceInit
 .text.shaderInstanceFree
                0x0000000000106db8       0x34 C:/devkitPro/libctru/lib\libctru.a(shaderProgram.o)
                0x0000000000106db8                shaderInstanceFree
 .text.shaderInstanceGetUniformLocation
                0x0000000000106dec       0x18 C:/devkitPro/libctru/lib\libctru.a(shaderProgram.o)
                0x0000000000106dec                shaderInstanceGetUniformLocation
 .text.shaderProgramInit
                0x0000000000106e04       0x18 C:/devkitPro/libctru/lib\libctru.a(shaderProgram.o)
                0x0000000000106e04                shaderProgramInit
 .text.shaderProgramFree
                0x0000000000106e1c       0x2c C:/devkitPro/libctru/lib\libctru.a(shaderProgram.o)
                0x0000000000106e1c                shaderProgramFree
 .text.shaderProgramSetVsh
                0x0000000000106e48       0x6c C:/devkitPro/libctru/lib\libctru.a(shaderProgram.o)
                0x0000000000106e48                shaderProgramSetVsh
 .text.shaderProgramConfigure
                0x0000000000106eb4      0x8d4 C:/devkitPro/libctru/lib\libctru.a(shaderProgram.o)
                0x0000000000106eb4                shaderProgramConfigure
 .text.DVLE_GenerateOutmap.part.0
                0x0000000000107788      0x1f8 C:/devkitPro/libctru/lib\libctru.a(shbin.o)
 .text.DVLB_ParseFile
                0x0000000000107980      0x1cc C:/devkitPro/libctru/lib\libctru.a(shbin.o)
                0x0000000000107980                DVLB_ParseFile
 .text.DVLB_Free
                0x0000000000107b4c       0x38 C:/devkitPro/libctru/lib\libctru.a(shbin.o)
                0x0000000000107b4c                DVLB_Free
 .text.DVLE_GetUniformRegister
                0x0000000000107b84       0x78 C:/devkitPro/libctru/lib\libctru.a(shbin.o)
                0x0000000000107b84                DVLE_GetUniformRegister
 .text.submitGxCommand
                0x0000000000107bfc       0x38 C:/devkitPro/libctru/lib\libctru.a(gx.o)
 .text.GX_BindQueue
                0x0000000000107c34       0x10 C:/devkitPro/libctru/lib\libctru.a(gx.o)
                0x0000000000107c34                GX_BindQueue
 .text.GX_ProcessCommandList
                0x0000000000107c44       0x50 C:/devkitPro/libctru/lib\libctru.a(gx.o)
                0x0000000000107c44                GX_ProcessCommandList
 .text.GX_MemoryFill
                0x0000000000107c94       0x54 C:/devkitPro/libctru/lib\libctru.a(gx.o)
                0x0000000000107c94                GX_MemoryFill
 .text.GX_DisplayTransfer
                0x0000000000107ce8       0x48 C:/devkitPro/libctru/lib\libctru.a(gx.o)
                0x0000000000107ce8                GX_DisplayTransfer
 .text.gxCmdQueueDoCommands.part.0
                0x0000000000107d30       0x74 C:/devkitPro/libctru/lib\libctru.a(gxqueue.o)
 .text.gxCmdQueueInterrupt
                0x0000000000107da4       0xc8 C:/devkitPro/libctru/lib\libctru.a(gxqueue.o)
                0x0000000000107da4                gxCmdQueueInterrupt
 .text.gxCmdQueueClear
                0x0000000000107e6c       0x4c C:/devkitPro/libctru/lib\libctru.a(gxqueue.o)
                0x0000000000107e6c                gxCmdQueueClear
 .text.gxCmdQueueAdd
                0x0000000000107eb8       0xf8 C:/devkitPro/libctru/lib\libctru.a(gxqueue.o)
                0x0000000000107eb8                gxCmdQueueAdd
 .text.gxCmdQueueRun
                0x0000000000107fb0       0x80 C:/devkitPro/libctru/lib\libctru.a(gxqueue.o)
                0x0000000000107fb0                gxCmdQueueRun
 .text.gxCmdQueueStop
                0x0000000000108030       0x60 C:/devkitPro/libctru/lib\libctru.a(gxqueue.o)
                0x0000000000108030                gxCmdQueueStop
 .text.gxCmdQueueWait
                0x0000000000108090       0x84 C:/devkitPro/libctru/lib\libctru.a(gxqueue.o)
                0x0000000000108090                gxCmdQueueWait
 .text.GPUCMD_Add
                0x0000000000108114      0x138 C:/devkitPro/libctru/lib\libctru.a(gpu.o)
                0x0000000000108114                GPUCMD_Add
 .text.GPUCMD_Split
                0x000000000010824c       0xb0 C:/devkitPro/libctru/lib\libctru.a(gpu.o)
                0x000000000010824c                GPUCMD_Split
 .text.f32tof16
                0x00000000001082fc       0x34 C:/devkitPro/libctru/lib\libctru.a(gpu.o)
                0x00000000001082fc                f32tof16
 .text.f32tof24
                0x0000000000108330       0x34 C:/devkitPro/libctru/lib\libctru.a(gpu.o)
                0x0000000000108330                f32tof24
 .text.f32tof31
                0x0000000000108364       0x38 C:/devkitPro/libctru/lib\libctru.a(gpu.o)
                0x0000000000108364                f32tof31
 .text.gspInit  0x000000000010839c       0x74 C:/devkitPro/libctru/lib\libctru.a(gspgpu.o)
                0x000000000010839c                gspInit
 .text.gspExit  0x0000000000108410       0x3c C:/devkitPro/libctru/lib\libctru.a(gspgpu.o)
                0x0000000000108410                gspExit
 .text.gspSetEventCallback
                0x000000000010844c       0x34 C:/devkitPro/libctru/lib\libctru.a(gspgpu.o)
                0x000000000010844c                gspSetEventCallback
 .text.gspInitEventHandler
                0x0000000000108480       0xa0 C:/devkitPro/libctru/lib\libctru.a(gspgpu.o)
                0x0000000000108480                gspInitEventHandler
 .text.gspExitEventHandler
                0x0000000000108520       0x40 C:/devkitPro/libctru/lib\libctru.a(gspgpu.o)
                0x0000000000108520                gspExitEventHandler
 .text.gspWaitForEvent
                0x0000000000108560       0x44 C:/devkitPro/libctru/lib\libctru.a(gspgpu.o)
                0x0000000000108560                gspWaitForEvent
 .text.gspWaitForAnyEvent
                0x00000000001085a4       0x64 C:/devkitPro/libctru/lib\libctru.a(gspgpu.o)
                0x00000000001085a4                gspWaitForAnyEvent
 .text.gspEventThreadMain
                0x0000000000108608      0x178 C:/devkitPro/libctru/lib\libctru.a(gspgpu.o)
 .text.gspSubmitGxCommand
                0x0000000000108780      0x120 C:/devkitPro/libctru/lib\libctru.a(gspgpu.o)
                0x0000000000108780                gspSubmitGxCommand
 .text.GSPGPU_SetBufferSwap
                0x00000000001088a0       0x6c C:/devkitPro/libctru/lib\libctru.a(gspgpu.o)
                0x00000000001088a0                GSPGPU_SetBufferSwap
 .text.GSPGPU_FlushDataCache
                0x000000000010890c       0x4c C:/devkitPro/libctru/lib\libctru.a(gspgpu.o)
                0x000000000010890c                GSPGPU_FlushDataCache
 .text.GSPGPU_SetLcdForceBlack
                0x0000000000108958       0x34 C:/devkitPro/libctru/lib\libctru.a(gspgpu.o)
                0x0000000000108958                GSPGPU_SetLcdForceBlack
 .text.GSPGPU_RegisterInterruptRelayQueue
                0x000000000010898c       0x64 C:/devkitPro/libctru/lib\libctru.a(gspgpu.o)
                0x000000000010898c                GSPGPU_RegisterInterruptRelayQueue
 .text.GSPGPU_UnregisterInterruptRelayQueue
                0x00000000001089f0       0x2c C:/devkitPro/libctru/lib\libctru.a(gspgpu.o)
                0x00000000001089f0                GSPGPU_UnregisterInterruptRelayQueue
 .text.GSPGPU_AcquireRight
                0x0000000000108a1c       0x48 C:/devkitPro/libctru/lib\libctru.a(gspgpu.o)
                0x0000000000108a1c                GSPGPU_AcquireRight
 .text.GSPGPU_ReleaseRight
                0x0000000000108a64       0x2c C:/devkitPro/libctru/lib\libctru.a(gspgpu.o)
                0x0000000000108a64                GSPGPU_ReleaseRight
 .text.GSPGPU_ImportDisplayCaptureInfo
                0x0000000000108a90       0x80 C:/devkitPro/libctru/lib\libctru.a(gspgpu.o)
                0x0000000000108a90                GSPGPU_ImportDisplayCaptureInfo
 .text.GSPGPU_SaveVramSysArea
                0x0000000000108b10       0x2c C:/devkitPro/libctru/lib\libctru.a(gspgpu.o)
                0x0000000000108b10                GSPGPU_SaveVramSysArea
 .text.GSPGPU_RestoreVramSysArea
                0x0000000000108b3c       0x2c C:/devkitPro/libctru/lib\libctru.a(gspgpu.o)
                0x0000000000108b3c                GSPGPU_RestoreVramSysArea
 .text._aptDebug
                0x0000000000108b68        0x4 C:/devkitPro/libctru/lib\libctru.a(apt.o)
                0x0000000000108b68                _aptDebug
 .text.aptSendCommand
                0x0000000000108b6c      0x170 C:/devkitPro/libctru/lib\libctru.a(apt.o)
                0x0000000000108b6c                aptSendCommand
 .text.aptExitProcess
                0x0000000000108cdc       0x3c C:/devkitPro/libctru/lib\libctru.a(apt.o)
 .text.aptHook  0x0000000000108d18       0x34 C:/devkitPro/libctru/lib\libctru.a(apt.o)
                0x0000000000108d18                aptHook
 .text.aptUnhook
                0x0000000000108d4c       0x2c C:/devkitPro/libctru/lib\libctru.a(apt.o)
                0x0000000000108d4c                aptUnhook
 .text.APT_InquireNotification
                0x0000000000108d78       0x4c C:/devkitPro/libctru/lib\libctru.a(apt.o)
                0x0000000000108d78                APT_InquireNotification
 .text.aptEventHandler
                0x0000000000108dc4      0x198 C:/devkitPro/libctru/lib\libctru.a(apt.o)
 .text.APT_AppletUtility
                0x0000000000108f5c       0x74 C:/devkitPro/libctru/lib\libctru.a(apt.o)
                0x0000000000108f5c                APT_AppletUtility
 .text.aptSetSleepAllowed
                0x0000000000108fd0       0xb0 C:/devkitPro/libctru/lib\libctru.a(apt.o)
                0x0000000000108fd0                aptSetSleepAllowed
 .text.APT_GlanceParameter
                0x0000000000109080       0xb0 C:/devkitPro/libctru/lib\libctru.a(apt.o)
                0x0000000000109080                APT_GlanceParameter
 .text.APT_ReceiveParameter
                0x0000000000109130       0xc4 C:/devkitPro/libctru/lib\libctru.a(apt.o)
                0x0000000000109130                APT_ReceiveParameter
 .text.aptReceiveParameter.constprop.0
                0x00000000001091f4       0xbc C:/devkitPro/libctru/lib\libctru.a(apt.o)
 .text.aptScreenTransfer
                0x00000000001092b0      0x1e0 C:/devkitPro/libctru/lib\libctru.a(apt.o)
 .text.aptWaitForWakeUp
                0x0000000000109490      0x210 C:/devkitPro/libctru/lib\libctru.a(apt.o)
 .text.APT_CancelParameter
                0x00000000001096a0       0x70 C:/devkitPro/libctru/lib\libctru.a(apt.o)
                0x00000000001096a0                APT_CancelParameter
 .text.aptInit  0x0000000000109710      0x25c C:/devkitPro/libctru/lib\libctru.a(apt.o)
                0x0000000000109710                aptInit
 .text.aptClearParamQueue
                0x000000000010996c       0x88 C:/devkitPro/libctru/lib\libctru.a(apt.o)
 .text.aptMainLoop
                0x00000000001099f4      0x208 C:/devkitPro/libctru/lib\libctru.a(apt.o)
                0x00000000001099f4                aptMainLoop
 *fill*         0x0000000000109bfc        0x4 
 .text.aptExit  0x0000000000109c00      0x23c C:/devkitPro/libctru/lib\libctru.a(apt.o)
                0x0000000000109c00                aptExit
 .text.APT_CheckNew3DS
                0x0000000000109e3c       0x7c C:/devkitPro/libctru/lib\libctru.a(apt.o)
                0x0000000000109e3c                APT_CheckNew3DS
 .text.hidCheckSectionUpdateTime.part.0
                0x0000000000109eb8       0x28 C:/devkitPro/libctru/lib\libctru.a(hid.o)
 .text.hidExit  0x0000000000109ee0       0xd0 C:/devkitPro/libctru/lib\libctru.a(hid.o)
                0x0000000000109ee0                hidExit
 .text.hidScanInput
                0x0000000000109fb0      0x210 C:/devkitPro/libctru/lib\libctru.a(hid.o)
                0x0000000000109fb0                hidScanInput
 .text.hidKeysDown
                0x000000000010a1c0       0x10 C:/devkitPro/libctru/lib\libctru.a(hid.o)
                0x000000000010a1c0                hidKeysDown
 .text.HIDUSER_GetHandles
                0x000000000010a1d0       0x90 C:/devkitPro/libctru/lib\libctru.a(hid.o)
                0x000000000010a1d0                HIDUSER_GetHandles
 .text.hidInit  0x000000000010a260      0x1a4 C:/devkitPro/libctru/lib\libctru.a(hid.o)
                0x000000000010a260                hidInit
 .text.ptmSysmInit
                0x000000000010a404       0x74 C:/devkitPro/libctru/lib\libctru.a(ptmsysm.o)
                0x000000000010a404                ptmSysmInit
 .text.ptmSysmExit
                0x000000000010a478       0x3c C:/devkitPro/libctru/lib\libctru.a(ptmsysm.o)
                0x000000000010a478                ptmSysmExit
 .text.PTMSYSM_ConfigureNew3DSCPU
                0x000000000010a4b4       0x34 C:/devkitPro/libctru/lib\libctru.a(ptmsysm.o)
                0x000000000010a4b4                PTMSYSM_ConfigureNew3DSCPU
 .text.rbtree_init
                0x000000000010a4e8       0x14 C:/devkitPro/libctru/lib\libctru.a(rbtree_init.o)
                0x000000000010a4e8                rbtree_init
 .text.do_insert
                0x000000000010a4fc      0x18c C:/devkitPro/libctru/lib\libctru.a(rbtree_insert.o)
 .text.rbtree_insert
                0x000000000010a688        0x8 C:/devkitPro/libctru/lib\libctru.a(rbtree_insert.o)
                0x000000000010a688                rbtree_insert
 .text.rbtree_rotate
                0x000000000010a690       0x90 C:/devkitPro/libctru/lib\libctru.a(rbtree_rotate.o)
                0x000000000010a690                rbtree_rotate
 .text.rbtree_remove
                0x000000000010a720      0x330 C:/devkitPro/libctru/lib\libctru.a(rbtree_remove.o)
                0x000000000010a720                rbtree_remove
 .text.rbtree_find
                0x000000000010aa50       0x74 C:/devkitPro/libctru/lib\libctru.a(rbtree_find.o)
                0x000000000010aa50                rbtree_find
 .text.__libctru_init
                0x000000000010aac4       0x38 C:/devkitPro/libctru/lib\libctru.a(initSystem.o)
                0x000000000010aac4                __libctru_init
 .text.__libctru_nanosleep
                0x000000000010aafc       0x38 C:/devkitPro/libctru/lib\libctru.a(syscalls.o)
 .text.__ctru_get_reent
                0x000000000010ab34       0x30 C:/devkitPro/libctru/lib\libctru.a(syscalls.o)
 .text.__system_initSyscalls
                0x000000000010ab64       0xfc C:/devkitPro/libctru/lib\libctru.a(syscalls.o)
                0x000000000010ab64                __system_initSyscalls
 .text.__system_allocateHeaps
                0x000000000010ac60      0x104 C:/devkitPro/libctru/lib\libctru.a(allocateHeaps.o)
                0x000000000010ac60                __system_allocateHeaps
 .text.__system_initArgv
                0x000000000010ad64       0xf0 C:/devkitPro/libctru/lib\libctru.a(initArgv.o)
                0x000000000010ad64                __system_initArgv
 .text.svcControlMemory
                0x000000000010ae54       0x20 C:/devkitPro/libctru/lib\libctru.a(svc.o)
                0x000000000010ae54                svcControlMemory
 .text.svcExitProcess
                0x000000000010ae74        0x8 C:/devkitPro/libctru/lib\libctru.a(svc.o)
                0x000000000010ae74                svcExitProcess
 .text.svcCreateThread
                0x000000000010ae7c       0x20 C:/devkitPro/libctru/lib\libctru.a(svc.o)
                0x000000000010ae7c                svcCreateThread
 .text.svcExitThread
                0x000000000010ae9c        0x8 C:/devkitPro/libctru/lib\libctru.a(svc.o)
                0x000000000010ae9c                svcExitThread
 .text.svcSleepThread
                0x000000000010aea4        0x8 C:/devkitPro/libctru/lib\libctru.a(svc.o)
                0x000000000010aea4                svcSleepThread
 .text.svcReleaseMutex
                0x000000000010aeac        0x8 C:/devkitPro/libctru/lib\libctru.a(svc.o)
                0x000000000010aeac                svcReleaseMutex
 .text.svcCreateEvent
                0x000000000010aeb4       0x14 C:/devkitPro/libctru/lib\libctru.a(svc.o)
                0x000000000010aeb4                svcCreateEvent
 .text.svcSignalEvent
                0x000000000010aec8        0x8 C:/devkitPro/libctru/lib\libctru.a(svc.o)
                0x000000000010aec8                svcSignalEvent
 .text.svcClearEvent
                0x000000000010aed0        0x8 C:/devkitPro/libctru/lib\libctru.a(svc.o)
                0x000000000010aed0                svcClearEvent
 .text.svcMapMemoryBlock
                0x000000000010aed8        0x8 C:/devkitPro/libctru/lib\libctru.a(svc.o)
                0x000000000010aed8                svcMapMemoryBlock
 .text.svcUnmapMemoryBlock
                0x000000000010aee0        0x8 C:/devkitPro/libctru/lib\libctru.a(svc.o)
                0x000000000010aee0                svcUnmapMemoryBlock
 .text.svcCreateAddressArbiter
                0x000000000010aee8       0x14 C:/devkitPro/libctru/lib\libctru.a(svc.o)
                0x000000000010aee8                svcCreateAddressArbiter
 .text.svcArbitrateAddress
                0x000000000010aefc       0x18 C:/devkitPro/libctru/lib\libctru.a(svc.o)
                0x000000000010aefc                svcArbitrateAddress
 .text.svcCloseHandle
                0x000000000010af14        0x8 C:/devkitPro/libctru/lib\libctru.a(svc.o)
                0x000000000010af14                svcCloseHandle
 .text.svcWaitSynchronization
                0x000000000010af1c        0x8 C:/devkitPro/libctru/lib\libctru.a(svc.o)
                0x000000000010af1c                svcWaitSynchronization
 .text.svcWaitSynchronizationN
                0x000000000010af24       0x28 C:/devkitPro/libctru/lib\libctru.a(svc.o)
                0x000000000010af24                svcWaitSynchronizationN
 .text.svcDuplicateHandle
                0x000000000010af4c       0x14 C:/devkitPro/libctru/lib\libctru.a(svc.o)
                0x000000000010af4c                svcDuplicateHandle
 .text.svcGetSystemTick
                0x000000000010af60        0x8 C:/devkitPro/libctru/lib\libctru.a(svc.o)
                0x000000000010af60                svcGetSystemTick
 .text.svcGetSystemInfo
                0x000000000010af68       0x18 C:/devkitPro/libctru/lib\libctru.a(svc.o)
                0x000000000010af68                svcGetSystemInfo
 .text.svcConnectToPort
                0x000000000010af80       0x14 C:/devkitPro/libctru/lib\libctru.a(svc.o)
                0x000000000010af80                svcConnectToPort
 .text.svcSendSyncRequest
                0x000000000010af94        0x8 C:/devkitPro/libctru/lib\libctru.a(svc.o)
                0x000000000010af94                svcSendSyncRequest
 .text.svcBreak
                0x000000000010af9c        0x8 C:/devkitPro/libctru/lib\libctru.a(svc.o)
                0x000000000010af9c                svcBreak
 .text._ZL21addrMapNodeComparatorPK11rbtree_nodeS1_
                0x000000000010afa4       0x24 C:/devkitPro/libctru/lib\libctru.a(mappable.o)
 .text._ZL21addrMapNodeDestructorP11rbtree_node
                0x000000000010afc8        0x4 C:/devkitPro/libctru/lib\libctru.a(mappable.o)
 .text.mappableAlloc
                0x000000000010afcc       0xe4 C:/devkitPro/libctru/lib\libctru.a(mappable.o)
                0x000000000010afcc                mappableAlloc
 .text.mappableFree
                0x000000000010b0b0       0x50 C:/devkitPro/libctru/lib\libctru.a(mappable.o)
                0x000000000010b0b0                mappableFree
 .text.LightLock_Unlock.part.1
                0x000000000010b100       0x38 C:/devkitPro/libctru/lib\libctru.a(synchronization.o)
 .text.__sync_init
                0x000000000010b138        0xc C:/devkitPro/libctru/lib\libctru.a(synchronization.o)
                0x000000000010b138                __sync_init
 .text.__sync_fini
                0x000000000010b144       0x18 C:/devkitPro/libctru/lib\libctru.a(synchronization.o)
                0x000000000010b144                __sync_fini
 .text.__sync_get_arbiter
                0x000000000010b15c       0x10 C:/devkitPro/libctru/lib\libctru.a(synchronization.o)
                0x000000000010b15c                __sync_get_arbiter
 .text.LightLock_Init
                0x000000000010b16c       0x18 C:/devkitPro/libctru/lib\libctru.a(synchronization.o)
                0x000000000010b16c                LightLock_Init
 .text.LightLock_Lock
                0x000000000010b184       0x9c C:/devkitPro/libctru/lib\libctru.a(synchronization.o)
                0x000000000010b184                LightLock_Lock
 .text.LightLock_TryLock
                0x000000000010b220       0x34 C:/devkitPro/libctru/lib\libctru.a(synchronization.o)
                0x000000000010b220                LightLock_TryLock
 .text.LightLock_Unlock
                0x000000000010b254       0x20 C:/devkitPro/libctru/lib\libctru.a(synchronization.o)
                0x000000000010b254                LightLock_Unlock
 .text.RecursiveLock_Init
                0x000000000010b274       0x24 C:/devkitPro/libctru/lib\libctru.a(synchronization.o)
                0x000000000010b274                RecursiveLock_Init
 .text.RecursiveLock_Lock
                0x000000000010b298       0x30 C:/devkitPro/libctru/lib\libctru.a(synchronization.o)
                0x000000000010b298                RecursiveLock_Lock
 .text.RecursiveLock_TryLock
                0x000000000010b2c8       0x58 C:/devkitPro/libctru/lib\libctru.a(synchronization.o)
                0x000000000010b2c8                RecursiveLock_TryLock
 .text.RecursiveLock_Unlock
                0x000000000010b320       0x38 C:/devkitPro/libctru/lib\libctru.a(synchronization.o)
                0x000000000010b320                RecursiveLock_Unlock
 .text.LightEvent_Init
                0x000000000010b358       0x38 C:/devkitPro/libctru/lib\libctru.a(synchronization.o)
                0x000000000010b358                LightEvent_Init
 .text.LightEvent_Clear
                0x000000000010b390       0x7c C:/devkitPro/libctru/lib\libctru.a(synchronization.o)
                0x000000000010b390                LightEvent_Clear
 .text.LightEvent_Signal
                0x000000000010b40c       0xdc C:/devkitPro/libctru/lib\libctru.a(synchronization.o)
                0x000000000010b40c                LightEvent_Signal
 .text.LightEvent_Wait
                0x000000000010b4e8       0xc0 C:/devkitPro/libctru/lib\libctru.a(synchronization.o)
                0x000000000010b4e8                LightEvent_Wait
 .text.srvExit  0x000000000010b5a8       0x58 C:/devkitPro/libctru/lib\libctru.a(srv.o)
                0x000000000010b5a8                srvExit
 .text.srvRegisterClient
                0x000000000010b600       0x38 C:/devkitPro/libctru/lib\libctru.a(srv.o)
                0x000000000010b600                srvRegisterClient
 .text.srvInit  0x000000000010b638       0xc8 C:/devkitPro/libctru/lib\libctru.a(srv.o)
                0x000000000010b638                srvInit
 .text.srvGetServiceHandleDirect
                0x000000000010b700       0x80 C:/devkitPro/libctru/lib\libctru.a(srv.o)
                0x000000000010b700                srvGetServiceHandleDirect
 .text.srvGetServiceHandle
                0x000000000010b780       0x38 C:/devkitPro/libctru/lib\libctru.a(srv.o)
                0x000000000010b780                srvGetServiceHandle
 .text.threadFree.part.0
                0x000000000010b7b8       0x1c C:/devkitPro/libctru/lib\libctru.a(thread.o)
 .text.threadCreate
                0x000000000010b7d4      0x194 C:/devkitPro/libctru/lib\libctru.a(thread.o)
                0x000000000010b7d4                threadCreate
 .text.threadJoin
                0x000000000010b968       0x24 C:/devkitPro/libctru/lib\libctru.a(thread.o)
                0x000000000010b968                threadJoin
 .text.threadExit
                0x000000000010b98c       0x68 C:/devkitPro/libctru/lib\libctru.a(thread.o)
                0x000000000010b98c                threadExit
 .text._thread_begin
                0x000000000010b9f4       0x48 C:/devkitPro/libctru/lib\libctru.a(thread.o)
 .text.irrstScanInput
                0x000000000010ba3c       0xac C:/devkitPro/libctru/lib\libctru.a(irrst.o)
                0x000000000010ba3c                irrstScanInput
 .text.irrstKeysHeld
                0x000000000010bae8       0x24 C:/devkitPro/libctru/lib\libctru.a(irrst.o)
                0x000000000010bae8                irrstKeysHeld
 .text.IRRST_GetHandles
                0x000000000010bb0c       0x50 C:/devkitPro/libctru/lib\libctru.a(irrst.o)
                0x000000000010bb0c                IRRST_GetHandles
 .text.irrstInit
                0x000000000010bb5c      0x154 C:/devkitPro/libctru/lib\libctru.a(irrst.o)
                0x000000000010bb5c                irrstInit
 .text.IRRST_Shutdown
                0x000000000010bcb0       0x2c C:/devkitPro/libctru/lib\libctru.a(irrst.o)
                0x000000000010bcb0                IRRST_Shutdown
 .text.irrstExit
                0x000000000010bcdc       0xac C:/devkitPro/libctru/lib\libctru.a(irrst.o)
                0x000000000010bcdc                irrstExit
 .text.srvPmGetSessionHandle
                0x000000000010bd88        0xc C:/devkitPro/libctru/lib\libctru.a(srvpm.o)
                0x000000000010bd88                srvPmGetSessionHandle
 .text.rbtree_node_next
                0x000000000010bd94       0x78 C:/devkitPro/libctru/lib\libctru.a(rbtree_iterator.o)
                0x000000000010bd94                rbtree_node_next
 .text.__appInit
                0x000000000010be0c       0x1c C:/devkitPro/libctru/lib\libctru.a(appInit.o)
                0x000000000010be0c                __appInit
 .text.__appExit
                0x000000000010be28       0x1c C:/devkitPro/libctru/lib\libctru.a(appExit.o)
                0x000000000010be28                __appExit
 .text.__libctru_exit
                0x000000000010be44       0xa0 C:/devkitPro/libctru/lib\libctru.a(ctru_exit.o)
                0x000000000010be44                __libctru_exit
 .text.envGetHandle
                0x000000000010bee4       0x80 C:/devkitPro/libctru/lib\libctru.a(env.o)
                0x000000000010bee4                envGetHandle
 .text.envDestroyHandles
                0x000000000010bf64       0x4c C:/devkitPro/libctru/lib\libctru.a(env.o)
                0x000000000010bf64                envDestroyHandles
 .text.sdmc_link
                0x000000000010bfb0       0x10 C:/devkitPro/libctru/lib\libctru.a(sdmc_dev.o)
 .text.sdmc_dirreset
                0x000000000010bfc0       0x10 C:/devkitPro/libctru/lib\libctru.a(sdmc_dev.o)
 .text.sdmc_chmod
                0x000000000010bfd0       0x10 C:/devkitPro/libctru/lib\libctru.a(sdmc_dev.o)
 .text.error_cmp
                0x000000000010bfe0       0x24 C:/devkitPro/libctru/lib\libctru.a(sdmc_dev.o)
 .text.sdmc_translate_error
                0x000000000010c004       0x50 C:/devkitPro/libctru/lib\libctru.a(sdmc_dev.o)
 .text.sdmc_fsync
                0x000000000010c054       0x34 C:/devkitPro/libctru/lib\libctru.a(sdmc_dev.o)
 .text.sdmc_ftruncate
                0x000000000010c088       0x54 C:/devkitPro/libctru/lib\libctru.a(sdmc_dev.o)
 .text.sdmc_statvfs
                0x000000000010c0dc       0xb8 C:/devkitPro/libctru/lib\libctru.a(sdmc_dev.o)
 .text.sdmc_dirclose
                0x000000000010c194       0x38 C:/devkitPro/libctru/lib\libctru.a(sdmc_dev.o)
 .text.sdmc_dirnext
                0x000000000010c1cc      0x12c C:/devkitPro/libctru/lib\libctru.a(sdmc_dev.o)
 .text.sdmc_close
                0x000000000010c2f8       0x34 C:/devkitPro/libctru/lib\libctru.a(sdmc_dev.o)
 .text.sdmc_fstat
                0x000000000010c32c       0x74 C:/devkitPro/libctru/lib\libctru.a(sdmc_dev.o)
 .text.sdmc_seek
                0x000000000010c3a0       0xd8 C:/devkitPro/libctru/lib\libctru.a(sdmc_dev.o)
 .text.sdmc_read
                0x000000000010c478       0x84 C:/devkitPro/libctru/lib\libctru.a(sdmc_dev.o)
 .text.sdmc_write
                0x000000000010c4fc       0xc0 C:/devkitPro/libctru/lib\libctru.a(sdmc_dev.o)
 .text.sdmc_utf16path
                0x000000000010c5bc      0x1b0 C:/devkitPro/libctru/lib\libctru.a(sdmc_dev.o)
 .text.sdmc_rmdir
                0x000000000010c76c       0x74 C:/devkitPro/libctru/lib\libctru.a(sdmc_dev.o)
 .text.sdmc_diropen
                0x000000000010c7e0       0xa4 C:/devkitPro/libctru/lib\libctru.a(sdmc_dev.o)
 .text.sdmc_chdir
                0x000000000010c884       0xb0 C:/devkitPro/libctru/lib\libctru.a(sdmc_dev.o)
 .text.sdmc_mkdir
                0x000000000010c934       0x94 C:/devkitPro/libctru/lib\libctru.a(sdmc_dev.o)
 .text.sdmc_rename
                0x000000000010c9c8      0x108 C:/devkitPro/libctru/lib\libctru.a(sdmc_dev.o)
 .text.sdmc_unlink
                0x000000000010cad0       0x74 C:/devkitPro/libctru/lib\libctru.a(sdmc_dev.o)
 .text.sdmc_stat
                0x000000000010cb44      0x108 C:/devkitPro/libctru/lib\libctru.a(sdmc_dev.o)
 .text.sdmc_open
                0x000000000010cc4c      0x198 C:/devkitPro/libctru/lib\libctru.a(sdmc_dev.o)
 .text.sdmc_fchmod
                0x000000000010cde4       0x10 C:/devkitPro/libctru/lib\libctru.a(sdmc_dev.o)
 .text.sdmcInit
                0x000000000010cdf4      0x168 C:/devkitPro/libctru/lib\libctru.a(sdmc_dev.o)
                0x000000000010cdf4                sdmcInit
 .text.sdmcExit
                0x000000000010cf5c       0x60 C:/devkitPro/libctru/lib\libctru.a(sdmc_dev.o)
                0x000000000010cf5c                sdmcExit
 .text.fsSessionForArchive.part.0
                0x000000000010cfbc       0x28 C:/devkitPro/libctru/lib\libctru.a(fs.o)
 .text.fsInit   0x000000000010cfe4       0xc4 C:/devkitPro/libctru/lib\libctru.a(fs.o)
                0x000000000010cfe4                fsInit
 .text.fsExit   0x000000000010d0a8       0x3c C:/devkitPro/libctru/lib\libctru.a(fs.o)
                0x000000000010d0a8                fsExit
 .text.fsExemptFromSession
                0x000000000010d0e4       0x64 C:/devkitPro/libctru/lib\libctru.a(fs.o)
                0x000000000010d0e4                fsExemptFromSession
 .text.fsUnexemptFromSession
                0x000000000010d148       0x54 C:/devkitPro/libctru/lib\libctru.a(fs.o)
                0x000000000010d148                fsUnexemptFromSession
 .text.FSUSER_OpenFile
                0x000000000010d19c       0xbc C:/devkitPro/libctru/lib\libctru.a(fs.o)
                0x000000000010d19c                FSUSER_OpenFile
 .text.FSUSER_DeleteFile
                0x000000000010d258       0xa4 C:/devkitPro/libctru/lib\libctru.a(fs.o)
                0x000000000010d258                FSUSER_DeleteFile
 .text.FSUSER_RenameFile
                0x000000000010d2fc       0xdc C:/devkitPro/libctru/lib\libctru.a(fs.o)
                0x000000000010d2fc                FSUSER_RenameFile
 .text.FSUSER_DeleteDirectory
                0x000000000010d3d8       0xa4 C:/devkitPro/libctru/lib\libctru.a(fs.o)
                0x000000000010d3d8                FSUSER_DeleteDirectory
 .text.FSUSER_CreateFile
                0x000000000010d47c       0xbc C:/devkitPro/libctru/lib\libctru.a(fs.o)
                0x000000000010d47c                FSUSER_CreateFile
 .text.FSUSER_CreateDirectory
                0x000000000010d538       0xac C:/devkitPro/libctru/lib\libctru.a(fs.o)
                0x000000000010d538                FSUSER_CreateDirectory
 .text.FSUSER_RenameDirectory
                0x000000000010d5e4       0xdc C:/devkitPro/libctru/lib\libctru.a(fs.o)
                0x000000000010d5e4                FSUSER_RenameDirectory
 .text.FSUSER_OpenDirectory
                0x000000000010d6c0       0xa0 C:/devkitPro/libctru/lib\libctru.a(fs.o)
                0x000000000010d6c0                FSUSER_OpenDirectory
 .text.FSUSER_OpenArchive
                0x000000000010d760       0x98 C:/devkitPro/libctru/lib\libctru.a(fs.o)
                0x000000000010d760                FSUSER_OpenArchive
 .text.FSUSER_CloseArchive
                0x000000000010d7f8       0x70 C:/devkitPro/libctru/lib\libctru.a(fs.o)
                0x000000000010d7f8                FSUSER_CloseArchive
 .text.FSUSER_GetSdmcArchiveResource
                0x000000000010d868       0x78 C:/devkitPro/libctru/lib\libctru.a(fs.o)
                0x000000000010d868                FSUSER_GetSdmcArchiveResource
 .text.FSUSER_IsSdmcWritable
                0x000000000010d8e0       0x64 C:/devkitPro/libctru/lib\libctru.a(fs.o)
                0x000000000010d8e0                FSUSER_IsSdmcWritable
 .text.FSFILE_Read
                0x000000000010d944       0x58 C:/devkitPro/libctru/lib\libctru.a(fs.o)
                0x000000000010d944                FSFILE_Read
 .text.FSFILE_Write
                0x000000000010d99c       0x64 C:/devkitPro/libctru/lib\libctru.a(fs.o)
                0x000000000010d99c                FSFILE_Write
 .text.FSFILE_GetSize
                0x000000000010da00       0x38 C:/devkitPro/libctru/lib\libctru.a(fs.o)
                0x000000000010da00                FSFILE_GetSize
 .text.FSFILE_SetSize
                0x000000000010da38       0x28 C:/devkitPro/libctru/lib\libctru.a(fs.o)
                0x000000000010da38                FSFILE_SetSize
 .text.FSFILE_Close
                0x000000000010da60       0x3c C:/devkitPro/libctru/lib\libctru.a(fs.o)
                0x000000000010da60                FSFILE_Close
 .text.FSFILE_Flush
                0x000000000010da9c       0x24 C:/devkitPro/libctru/lib\libctru.a(fs.o)
                0x000000000010da9c                FSFILE_Flush
 .text.FSDIR_Read
                0x000000000010dac0       0x54 C:/devkitPro/libctru/lib\libctru.a(fs.o)
                0x000000000010dac0                FSDIR_Read
 .text.FSDIR_Close
                0x000000000010db14       0x3c C:/devkitPro/libctru/lib\libctru.a(fs.o)
                0x000000000010db14                FSDIR_Close
 .text.utf8_to_utf16
                0x000000000010db50       0xc0 C:/devkitPro/libctru/lib\libctru.a(utf8_to_utf16.o)
                0x000000000010db50                utf8_to_utf16
 .text.decode_utf8
                0x000000000010dc10      0x138 C:/devkitPro/libctru/lib\libctru.a(decode_utf8.o)
                0x000000000010dc10                decode_utf8
 .text.utf16_to_utf8
                0x000000000010dd48       0xe8 C:/devkitPro/libctru/lib\libctru.a(utf16_to_utf8.o)
                0x000000000010dd48                utf16_to_utf8
 .text.__aeabi_read_tp
                0x000000000010de30        0xc C:/devkitPro/libctru/lib\libctru.a(readtp.o)
                0x000000000010de30                __aeabi_read_tp
 .text.encode_utf16
                0x000000000010de3c       0x68 C:/devkitPro/libctru/lib\libctru.a(encode_utf16.o)
                0x000000000010de3c                encode_utf16
 .text.encode_utf8
                0x000000000010dea4      0x104 C:/devkitPro/libctru/lib\libctru.a(encode_utf8.o)
                0x000000000010dea4                encode_utf8
 .text.decode_utf16
                0x000000000010dfa8       0x60 C:/devkitPro/libctru/lib\libctru.a(decode_utf16.o)
                0x000000000010dfa8                decode_utf16
 .text.__aeabi_atexit
                0x000000000010e008       0x10 c:/devkitpro/devkitarm/bin/../lib/gcc/arm-none-eabi/8.3.0/../../../../arm-none-eabi/lib/armv6k/fpu\libstdc++.a(atexit_arm.o)
                0x000000000010e008                __aeabi_atexit
 .text._Znwj    0x000000000010e018       0x58 c:/devkitpro/devkitarm/bin/../lib/gcc/arm-none-eabi/8.3.0/../../../../arm-none-eabi/lib/armv6k/fpu\libstdc++.a(new_op.o)
                0x000000000010e018                operator new(unsigned int)
 .text._ZNKSt9bad_alloc4whatEv
                0x000000000010e070        0xc c:/devkitpro/devkitarm/bin/../lib/gcc/arm-none-eabi/8.3.0/../../../../arm-none-eabi/lib/armv6k/fpu\libstdc++.a(bad_alloc.o)
                0x000000000010e070                std::bad_alloc::what() const
 .text._ZNSt9bad_allocD2Ev
                0x000000000010e07c       0x20 c:/devkitpro/devkitarm/bin/../lib/gcc/arm-none-eabi/8.3.0/../../../../arm-none-eabi/lib/armv6k/fpu\libstdc++.a(bad_alloc.o)
                0x000000000010e07c                std::bad_alloc::~bad_alloc()
                0x000000000010e07c                std::bad_alloc::~bad_alloc()
 .text._ZNSt9bad_allocD0Ev
                0x000000000010e09c       0x2c c:/devkitpro/devkitarm/bin/../lib/gcc/arm-none-eabi/8.3.0/../../../../arm-none-eabi/lib/armv6k/fpu\libstdc++.a(bad_alloc.o)
                0x000000000010e09c                std::bad_alloc::~bad_alloc()
 .text._ZSt15get_new_handlerv
                0x000000000010e0c8       0x14 c:/devkitpro/devkitarm/bin/../lib/gcc/arm-none-eabi/8.3.0/../../../../arm-none-eabi/lib/armv6k/fpu\libstdc++.a(new_handler.o)
                0x000000000010e0c8                std::get_new_handler()
 .text._ZNSt9exceptionD2Ev
                0x000000000010e0dc        0x4 c:/devkitpro/devkitarm/bin/../lib/gcc/arm-none-eabi/8.3.0/../../../../arm-none-eabi/lib/armv6k/fpu\libstdc++.a(eh_exception.o)
                0x000000000010e0dc                std::exception::~exception()
                0x000000000010e0dc                std::exception::~exception()
 .text._ZNSt13bad_exceptionD2Ev
                0x000000000010e0e0        0x4 c:/devkitpro/devkitarm/bin/../lib/gcc/arm-none-eabi/8.3.0/../../../../arm-none-eabi/lib/armv6k/fpu\libstdc++.a(eh_exception.o)
                0x000000000010e0e0                std::bad_exception::~bad_exception()
                0x000000000010e0e0                std::bad_exception::~bad_exception()
 .text._ZNKSt13bad_exception4whatEv
                0x000000000010e0e4        0xc c:/devkitpro/devkitarm/bin/../lib/gcc/arm-none-eabi/8.3.0/../../../../arm-none-eabi/lib/armv6k/fpu\libstdc++.a(eh_exception.o)
                0x000000000010e0e4                std::bad_exception::what() const
                0x000000000010e0e4                transaction clone for std::bad_exception::what() const
 .text._ZNSt13bad_exceptionD0Ev
                0x000000000010e0f0       0x18 c:/devkitpro/devkitarm/bin/../lib/gcc/arm-none-eabi/8.3.0/../../../../arm-none-eabi/lib/armv6k/fpu\libstdc++.a(eh_exception.o)
                0x000000000010e0f0                std::bad_exception::~bad_exception()
 .text._ZdlPvj  0x000000000010e108        0x4 c:/devkitpro/devkitarm/bin/../lib/gcc/arm-none-eabi/8.3.0/../../../../arm-none-eabi/lib/armv6k/fpu\libstdc++.a(del_ops.o)
                0x000000000010e108                operator delete(void*, unsigned int)
 .text._ZL23__gxx_exception_cleanup19_Unwind_Reason_CodeP21_Unwind_Control_Block
                0x000000000010e10c       0x60 c:/devkitpro/devkitarm/bin/../lib/gcc/arm-none-eabi/8.3.0/../../../../arm-none-eabi/lib/armv6k/fpu\libstdc++.a(eh_throw.o)
 .text.__cxa_init_primary_exception
                0x000000000010e16c       0x70 c:/devkitpro/devkitarm/bin/../lib/gcc/arm-none-eabi/8.3.0/../../../../arm-none-eabi/lib/armv6k/fpu\libstdc++.a(eh_throw.o)
                0x000000000010e16c                __cxa_init_primary_exception
 .text.__cxa_throw
                0x000000000010e1dc       0x54 c:/devkitpro/devkitarm/bin/../lib/gcc/arm-none-eabi/8.3.0/../../../../arm-none-eabi/lib/armv6k/fpu\libstdc++.a(eh_throw.o)
                0x000000000010e1dc                __cxa_throw
 .text.__cxa_rethrow
                0x000000000010e230       0xb0 c:/devkitpro/devkitarm/bin/../lib/gcc/arm-none-eabi/8.3.0/../../../../arm-none-eabi/lib/armv6k/fpu\libstdc++.a(eh_throw.o)
                0x000000000010e230                __cxa_rethrow
 .text.__cxa_begin_catch
                0x000000000010e2e0       0xcc c:/devkitpro/devkitarm/bin/../lib/gcc/arm-none-eabi/8.3.0/../../../../arm-none-eabi/lib/armv6k/fpu\libstdc++.a(eh_catch.o)
                0x000000000010e2e0                __cxa_begin_catch
 .text.__cxa_end_catch
                0x000000000010e3ac       0xe0 c:/devkitpro/devkitarm/bin/../lib/gcc/arm-none-eabi/8.3.0/../../../../arm-none-eabi/lib/armv6k/fpu\libstdc++.a(eh_catch.o)
                0x000000000010e3ac                __cxa_end_catch
 .text._ZN12_GLOBAL__N_14pool4freeEPv.constprop.4
                0x000000000010e48c       0xec c:/devkitpro/devkitarm/bin/../lib/gcc/arm-none-eabi/8.3.0/../../../../arm-none-eabi/lib/armv6k/fpu\libstdc++.a(eh_alloc.o)
 .text._ZN12_GLOBAL__N_14pool8allocateEj.constprop.5
                0x000000000010e578       0xb4 c:/devkitpro/devkitarm/bin/../lib/gcc/arm-none-eabi/8.3.0/../../../../arm-none-eabi/lib/armv6k/fpu\libstdc++.a(eh_alloc.o)
 .text.__cxa_allocate_exception
                0x000000000010e62c       0x44 c:/devkitpro/devkitarm/bin/../lib/gcc/arm-none-eabi/8.3.0/../../../../arm-none-eabi/lib/armv6k/fpu\libstdc++.a(eh_alloc.o)
                0x000000000010e62c                __cxa_allocate_exception
 .text.__cxa_free_exception
                0x000000000010e670       0x30 c:/devkitpro/devkitarm/bin/../lib/gcc/arm-none-eabi/8.3.0/../../../../arm-none-eabi/lib/armv6k/fpu\libstdc++.a(eh_alloc.o)
                0x000000000010e670                __cxa_free_exception
 .text.startup._GLOBAL__sub_I__ZN9__gnu_cxx9__freeresEv
                0x000000000010e6a0       0x40 c:/devkitpro/devkitarm/bin/../lib/gcc/arm-none-eabi/8.3.0/../../../../arm-none-eabi/lib/armv6k/fpu\libstdc++.a(eh_alloc.o)
 .text._ZdlPv   0x000000000010e6e0        0x4 c:/devkitpro/devkitarm/bin/../lib/gcc/arm-none-eabi/8.3.0/../../../../arm-none-eabi/lib/armv6k/fpu\libstdc++.a(del_op.o)
                0x000000000010e6e0                operator delete(void*)
 .text._ZN10__cxxabiv120__si_class_type_infoD2Ev
                0x000000000010e6e4       0x20 c:/devkitpro/devkitarm/bin/../lib/gcc/arm-none-eabi/8.3.0/../../../../arm-none-eabi/lib/armv6k/fpu\libstdc++.a(si_class_type_info.o)
                0x000000000010e6e4                __cxxabiv1::__si_class_type_info::~__si_class_type_info()
                0x000000000010e6e4                __cxxabiv1::__si_class_type_info::~__si_class_type_info()
 .text._ZN10__cxxabiv120__si_class_type_infoD0Ev
                0x000000000010e704       0x2c c:/devkitpro/devkitarm/bin/../lib/gcc/arm-none-eabi/8.3.0/../../../../arm-none-eabi/lib/armv6k/fpu\libstdc++.a(si_class_type_info.o)
                0x000000000010e704                __cxxabiv1::__si_class_type_info::~__si_class_type_info()
 .text._ZNK10__cxxabiv120__si_class_type_info20__do_find_public_srcEiPKvPKNS_17__class_type_infoES2_
                0x000000000010e730       0x6c c:/devkitpro/devkitarm/bin/../lib/gcc/arm-none-eabi/8.3.0/../../../../arm-none-eabi/lib/armv6k/fpu\libstdc++.a(si_class_type_info.o)
                0x000000000010e730                __cxxabiv1::__si_class_type_info::__do_find_public_src(int, void const*, __cxxabiv1::__class_type_info const*, void const*) const
 .text._ZNK10__cxxabiv120__si_class_type_info12__do_dyncastEiNS_17__class_type_info10__sub_kindEPKS1_PKvS4_S6_RNS1_16__dyncast_resultE
                0x000000000010e79c       0xdc c:/devkitpro/devkitarm/bin/../lib/gcc/arm-none-eabi/8.3.0/../../../../arm-none-eabi/lib/armv6k/fpu\libstdc++.a(si_class_type_info.o)
                0x000000000010e79c                __cxxabiv1::__si_class_type_info::__do_dyncast(int, __cxxabiv1::__class_type_info::__sub_kind, __cxxabiv1::__class_type_info const*, void const*, __cxxabiv1::__class_type_info const*, void const*, __cxxabiv1::__class_type_info::__dyncast_result&) const
 .text._ZNK10__cxxabiv120__si_class_type_info11__do_upcastEPKNS_17__class_type_infoEPKvRNS1_15__upcast_resultE
                0x000000000010e878       0x44 c:/devkitpro/devkitarm/bin/../lib/gcc/arm-none-eabi/8.3.0/../../../../arm-none-eabi/lib/armv6k/fpu\libstdc++.a(si_class_type_info.o)
                0x000000000010e878                __cxxabiv1::__si_class_type_info::__do_upcast(__cxxabiv1::__class_type_info const*, void const*, __cxxabiv1::__class_type_info::__upcast_result&) const
 .text._ZSt17__throw_bad_allocv
                0x000000000010e8bc       0x2c c:/devkitpro/devkitarm/bin/../lib/gcc/arm-none-eabi/8.3.0/../../../../arm-none-eabi/lib/armv6k/fpu\libstdc++.a(functexcept.o)
                0x000000000010e8bc                std::__throw_bad_alloc()
 .text.__cxa_end_cleanup
                0x000000000010e8e8       0x10 c:/devkitpro/devkitarm/bin/../lib/gcc/arm-none-eabi/8.3.0/../../../../arm-none-eabi/lib/armv6k/fpu\libstdc++.a(eh_arm.o)
                0x000000000010e8e8                __cxa_end_cleanup
 .text.__cxa_type_match
                0x000000000010e8f8      0x138 c:/devkitpro/devkitarm/bin/../lib/gcc/arm-none-eabi/8.3.0/../../../../arm-none-eabi/lib/armv6k/fpu\libstdc++.a(eh_arm.o)
                0x000000000010e8f8                __cxa_type_match
 .text.__cxa_begin_cleanup
                0x000000000010ea30       0xb4 c:/devkitpro/devkitarm/bin/../lib/gcc/arm-none-eabi/8.3.0/../../../../arm-none-eabi/lib/armv6k/fpu\libstdc++.a(eh_arm.o)
                0x000000000010ea30                __cxa_begin_cleanup
 .text.__gnu_end_cleanup
                0x000000000010eae4       0xb4 c:/devkitpro/devkitarm/bin/../lib/gcc/arm-none-eabi/8.3.0/../../../../arm-none-eabi/lib/armv6k/fpu\libstdc++.a(eh_arm.o)
                0x000000000010eae4                __gnu_end_cleanup
 .text.__cxa_get_globals_fast
                0x000000000010eb98        0xc c:/devkitpro/devkitarm/bin/../lib/gcc/arm-none-eabi/8.3.0/../../../../arm-none-eabi/lib/armv6k/fpu\libstdc++.a(eh_globals.o)
                0x000000000010eb98                __cxa_get_globals_fast
 .text.__cxa_get_globals
                0x000000000010eba4        0xc c:/devkitpro/devkitarm/bin/../lib/gcc/arm-none-eabi/8.3.0/../../../../arm-none-eabi/lib/armv6k/fpu\libstdc++.a(eh_globals.o)
                0x000000000010eba4                __cxa_get_globals
 .text._ZN10__cxxabiv111__terminateEPFvvE
                0x000000000010ebb0       0x34 c:/devkitpro/devkitarm/bin/../lib/gcc/arm-none-eabi/8.3.0/../../../../arm-none-eabi/lib/armv6k/fpu\libstdc++.a(eh_terminate.o)
                0x000000000010ebb0                __cxxabiv1::__terminate(void (*)())
 .text._ZSt9terminatev
                0x000000000010ebe4       0x18 c:/devkitpro/devkitarm/bin/../lib/gcc/arm-none-eabi/8.3.0/../../../../arm-none-eabi/lib/armv6k/fpu\libstdc++.a(eh_terminate.o)
                0x000000000010ebe4                std::terminate()
 .text._ZN10__cxxabiv112__unexpectedEPFvvE
                0x000000000010ebfc        0xc c:/devkitpro/devkitarm/bin/../lib/gcc/arm-none-eabi/8.3.0/../../../../arm-none-eabi/lib/armv6k/fpu\libstdc++.a(eh_terminate.o)
                0x000000000010ebfc                __cxxabiv1::__unexpected(void (*)())
 .text._ZSt10unexpectedv
                0x000000000010ec08       0x18 c:/devkitpro/devkitarm/bin/../lib/gcc/arm-none-eabi/8.3.0/../../../../arm-none-eabi/lib/armv6k/fpu\libstdc++.a(eh_terminate.o)
                0x000000000010ec08                std::unexpected()
 .text._ZSt13get_terminatev
                0x000000000010ec20       0x14 c:/devkitpro/devkitarm/bin/../lib/gcc/arm-none-eabi/8.3.0/../../../../arm-none-eabi/lib/armv6k/fpu\libstdc++.a(eh_terminate.o)
                0x000000000010ec20                std::get_terminate()
 .text._ZSt14get_unexpectedv
                0x000000000010ec34       0x14 c:/devkitpro/devkitarm/bin/../lib/gcc/arm-none-eabi/8.3.0/../../../../arm-none-eabi/lib/armv6k/fpu\libstdc++.a(eh_terminate.o)
                0x000000000010ec34                std::get_unexpected()
 .text._ZNSt9type_infoD2Ev
                0x000000000010ec48        0x4 c:/devkitpro/devkitarm/bin/../lib/gcc/arm-none-eabi/8.3.0/../../../../arm-none-eabi/lib/armv6k/fpu\libstdc++.a(tinfo.o)
                0x000000000010ec48                std::type_info::~type_info()
                0x000000000010ec48                std::type_info::~type_info()
 .text._ZNKSt9type_info14__is_pointer_pEv
                0x000000000010ec4c        0x8 c:/devkitpro/devkitarm/bin/../lib/gcc/arm-none-eabi/8.3.0/../../../../arm-none-eabi/lib/armv6k/fpu\libstdc++.a(tinfo.o)
                0x000000000010ec4c                std::type_info::__is_pointer_p() const
                0x000000000010ec4c                std::type_info::__is_function_p() const
 .text._ZNKSt9type_infoeqERKS_
                0x000000000010ec54       0x4c c:/devkitpro/devkitarm/bin/../lib/gcc/arm-none-eabi/8.3.0/../../../../arm-none-eabi/lib/armv6k/fpu\libstdc++.a(tinfo.o)
                0x000000000010ec54                std::type_info::operator==(std::type_info const&) const
 .text._ZL28read_encoded_value_with_basehjPKhPj
                0x000000000010eca0      0x168 c:/devkitpro/devkitarm/bin/../lib/gcc/arm-none-eabi/8.3.0/../../../../arm-none-eabi/lib/armv6k/fpu\libstdc++.a(eh_personality.o)
 .text._ZL21base_of_encoded_valuehP15_Unwind_Context
                0x000000000010ee08       0x68 c:/devkitpro/devkitarm/bin/../lib/gcc/arm-none-eabi/8.3.0/../../../../arm-none-eabi/lib/armv6k/fpu\libstdc++.a(eh_personality.o)
 .text._ZL17parse_lsda_headerP15_Unwind_ContextPKhP16lsda_header_info
                0x000000000010ee70       0xd8 c:/devkitpro/devkitarm/bin/../lib/gcc/arm-none-eabi/8.3.0/../../../../arm-none-eabi/lib/armv6k/fpu\libstdc++.a(eh_personality.o)
 .text.__gxx_personality_v0
                0x000000000010ef48      0x6f4 c:/devkitpro/devkitarm/bin/../lib/gcc/arm-none-eabi/8.3.0/../../../../arm-none-eabi/lib/armv6k/fpu\libstdc++.a(eh_personality.o)
                0x000000000010ef48                __gxx_personality_v0
 .text._ZNK10__cxxabiv117__class_type_info11__do_upcastEPKS0_PPv
                0x000000000010f63c       0x5c c:/devkitpro/devkitarm/bin/../lib/gcc/arm-none-eabi/8.3.0/../../../../arm-none-eabi/lib/armv6k/fpu\libstdc++.a(class_type_info.o)
                0x000000000010f63c                __cxxabiv1::__class_type_info::__do_upcast(__cxxabiv1::__class_type_info const*, void**) const
 .text._ZNK10__cxxabiv117__class_type_info20__do_find_public_srcEiPKvPKS0_S2_
                0x000000000010f698       0x14 c:/devkitpro/devkitarm/bin/../lib/gcc/arm-none-eabi/8.3.0/../../../../arm-none-eabi/lib/armv6k/fpu\libstdc++.a(class_type_info.o)
                0x000000000010f698                __cxxabiv1::__class_type_info::__do_find_public_src(int, void const*, __cxxabiv1::__class_type_info const*, void const*) const
 .text._ZN10__cxxabiv117__class_type_infoD2Ev
                0x000000000010f6ac       0x20 c:/devkitpro/devkitarm/bin/../lib/gcc/arm-none-eabi/8.3.0/../../../../arm-none-eabi/lib/armv6k/fpu\libstdc++.a(class_type_info.o)
                0x000000000010f6ac                __cxxabiv1::__class_type_info::~__class_type_info()
                0x000000000010f6ac                __cxxabiv1::__class_type_info::~__class_type_info()
 .text._ZN10__cxxabiv117__class_type_infoD0Ev
                0x000000000010f6cc       0x2c c:/devkitpro/devkitarm/bin/../lib/gcc/arm-none-eabi/8.3.0/../../../../arm-none-eabi/lib/armv6k/fpu\libstdc++.a(class_type_info.o)
                0x000000000010f6cc                __cxxabiv1::__class_type_info::~__class_type_info()
 .text._ZNK10__cxxabiv117__class_type_info12__do_dyncastEiNS0_10__sub_kindEPKS0_PKvS3_S5_RNS0_16__dyncast_resultE
                0x000000000010f6f8       0x68 c:/devkitpro/devkitarm/bin/../lib/gcc/arm-none-eabi/8.3.0/../../../../arm-none-eabi/lib/armv6k/fpu\libstdc++.a(class_type_info.o)
                0x000000000010f6f8                __cxxabiv1::__class_type_info::__do_dyncast(int, __cxxabiv1::__class_type_info::__sub_kind, __cxxabiv1::__class_type_info const*, void const*, __cxxabiv1::__class_type_info const*, void const*, __cxxabiv1::__class_type_info::__dyncast_result&) const
 .text._ZNK10__cxxabiv117__class_type_info11__do_upcastEPKS0_PKvRNS0_15__upcast_resultE
                0x000000000010f760       0x2c c:/devkitpro/devkitarm/bin/../lib/gcc/arm-none-eabi/8.3.0/../../../../arm-none-eabi/lib/armv6k/fpu\libstdc++.a(class_type_info.o)
                0x000000000010f760                __cxxabiv1::__class_type_info::__do_upcast(__cxxabiv1::__class_type_info const*, void const*, __cxxabiv1::__class_type_info::__upcast_result&) const
 .text._ZNK10__cxxabiv117__class_type_info10__do_catchEPKSt9type_infoPPvj
                0x000000000010f78c       0x44 c:/devkitpro/devkitarm/bin/../lib/gcc/arm-none-eabi/8.3.0/../../../../arm-none-eabi/lib/armv6k/fpu\libstdc++.a(class_type_info.o)
                0x000000000010f78c                __cxxabiv1::__class_type_info::__do_catch(std::type_info const*, void**, unsigned int) const
 .text._ZN10__cxxabiv1L24__is_gxx_exception_classEPc
                0x000000000010f7d0       0x70 c:/devkitpro/devkitarm/bin/../lib/gcc/arm-none-eabi/8.3.0/../../../../arm-none-eabi/lib/armv6k/fpu\libstdc++.a(eh_call.o)
 .text.__cxa_call_terminate
                0x000000000010f840       0x2c c:/devkitpro/devkitarm/bin/../lib/gcc/arm-none-eabi/8.3.0/../../../../arm-none-eabi/lib/armv6k/fpu\libstdc++.a(eh_call.o)
                0x000000000010f840                __cxa_call_terminate
 .text.unlikely.__cxa_call_unexpected
                0x000000000010f86c      0x158 c:/devkitpro/devkitarm/bin/../lib/gcc/arm-none-eabi/8.3.0/../../../../arm-none-eabi/lib/armv6k/fpu\libstdc++.a(eh_call.o)
                0x000000000010f86c                __cxa_call_unexpected
 .text.__fixdfdi
                0x000000000010f9c4       0x2c c:/devkitpro/devkitarm/bin/../lib/gcc/arm-none-eabi/8.3.0/armv6k/fpu\libgcc.a(_fixdfdi.o)
                0x000000000010f9c4                __fixdfdi
                0x000000000010f9c4                __aeabi_d2lz
 .text.__fixunsdfdi
                0x000000000010f9f0       0x40 c:/devkitpro/devkitarm/bin/../lib/gcc/arm-none-eabi/8.3.0/armv6k/fpu\libgcc.a(_fixunsdfdi.o)
                0x000000000010f9f0                __fixunsdfdi
                0x000000000010f9f0                __aeabi_d2ulz
 .text.__udivmoddi4
                0x000000000010fa30      0x128 c:/devkitpro/devkitarm/bin/../lib/gcc/arm-none-eabi/8.3.0/armv6k/fpu\libgcc.a(_udivmoddi4.o)
                0x000000000010fa30                __udivmoddi4
 .text.selfrel_offset31
                0x000000000010fb58       0x18 c:/devkitpro/devkitarm/bin/../lib/gcc/arm-none-eabi/8.3.0/armv6k/fpu\libgcc.a(unwind-arm.o)
 .text.search_EIT_table
                0x000000000010fb70       0x94 c:/devkitpro/devkitarm/bin/../lib/gcc/arm-none-eabi/8.3.0/armv6k/fpu\libgcc.a(unwind-arm.o)
 .text.__gnu_unwind_get_pr_addr
                0x000000000010fc04       0x40 c:/devkitpro/devkitarm/bin/../lib/gcc/arm-none-eabi/8.3.0/armv6k/fpu\libgcc.a(unwind-arm.o)
 .text.get_eit_entry
                0x000000000010fc44      0x11c c:/devkitpro/devkitarm/bin/../lib/gcc/arm-none-eabi/8.3.0/armv6k/fpu\libgcc.a(unwind-arm.o)
 .text.restore_non_core_regs
                0x000000000010fd60       0x88 c:/devkitpro/devkitarm/bin/../lib/gcc/arm-none-eabi/8.3.0/armv6k/fpu\libgcc.a(unwind-arm.o)
 .text._Unwind_decode_typeinfo_ptr.isra.0
                0x000000000010fde8       0x14 c:/devkitpro/devkitarm/bin/../lib/gcc/arm-none-eabi/8.3.0/armv6k/fpu\libgcc.a(unwind-arm.o)
 .text._Unwind_DebugHook
                0x000000000010fdfc        0x4 c:/devkitpro/devkitarm/bin/../lib/gcc/arm-none-eabi/8.3.0/armv6k/fpu\libgcc.a(unwind-arm.o)
 .text.unwind_phase2
                0x000000000010fe00       0x64 c:/devkitpro/devkitarm/bin/../lib/gcc/arm-none-eabi/8.3.0/armv6k/fpu\libgcc.a(unwind-arm.o)
 .text.unwind_phase2_forced
                0x000000000010fe64      0x14c c:/devkitpro/devkitarm/bin/../lib/gcc/arm-none-eabi/8.3.0/armv6k/fpu\libgcc.a(unwind-arm.o)
 .text.__gnu_Unwind_RaiseException
                0x000000000010ffb0       0xa4 c:/devkitpro/devkitarm/bin/../lib/gcc/arm-none-eabi/8.3.0/armv6k/fpu\libgcc.a(unwind-arm.o)
                0x000000000010ffb0                __gnu_Unwind_RaiseException
 .text.__gnu_Unwind_ForcedUnwind
                0x0000000000110054       0x24 c:/devkitpro/devkitarm/bin/../lib/gcc/arm-none-eabi/8.3.0/armv6k/fpu\libgcc.a(unwind-arm.o)
                0x0000000000110054                __gnu_Unwind_ForcedUnwind
 .text.__gnu_Unwind_Resume
                0x0000000000110078       0x74 c:/devkitpro/devkitarm/bin/../lib/gcc/arm-none-eabi/8.3.0/armv6k/fpu\libgcc.a(unwind-arm.o)
                0x0000000000110078                __gnu_Unwind_Resume
 .text.__gnu_Unwind_Resume_or_Rethrow
                0x00000000001100ec       0x20 c:/devkitpro/devkitarm/bin/../lib/gcc/arm-none-eabi/8.3.0/armv6k/fpu\libgcc.a(unwind-arm.o)
                0x00000000001100ec                __gnu_Unwind_Resume_or_Rethrow
 .text._Unwind_Complete
                0x000000000011010c        0x4 c:/devkitpro/devkitarm/bin/../lib/gcc/arm-none-eabi/8.3.0/armv6k/fpu\libgcc.a(unwind-arm.o)
                0x000000000011010c                _Unwind_Complete
 .text._Unwind_DeleteException
                0x0000000000110110       0x18 c:/devkitpro/devkitarm/bin/../lib/gcc/arm-none-eabi/8.3.0/armv6k/fpu\libgcc.a(unwind-arm.o)
                0x0000000000110110                _Unwind_DeleteException
 .text._Unwind_VRS_Get
                0x0000000000110128       0x54 c:/devkitpro/devkitarm/bin/../lib/gcc/arm-none-eabi/8.3.0/armv6k/fpu\libgcc.a(unwind-arm.o)
                0x0000000000110128                _Unwind_VRS_Get
 .text._Unwind_GetGR
                0x000000000011017c       0x2c c:/devkitpro/devkitarm/bin/../lib/gcc/arm-none-eabi/8.3.0/armv6k/fpu\libgcc.a(unwind-arm.o)
 .text._Unwind_VRS_Set
                0x00000000001101a8       0x54 c:/devkitpro/devkitarm/bin/../lib/gcc/arm-none-eabi/8.3.0/armv6k/fpu\libgcc.a(unwind-arm.o)
                0x00000000001101a8                _Unwind_VRS_Set
 .text._Unwind_SetGR
                0x00000000001101fc       0x2c c:/devkitpro/devkitarm/bin/../lib/gcc/arm-none-eabi/8.3.0/armv6k/fpu\libgcc.a(unwind-arm.o)
 .text.__gnu_Unwind_Backtrace
                0x0000000000110228       0xc0 c:/devkitpro/devkitarm/bin/../lib/gcc/arm-none-eabi/8.3.0/armv6k/fpu\libgcc.a(unwind-arm.o)
                0x0000000000110228                __gnu_Unwind_Backtrace
 .text.__gnu_unwind_pr_common
                0x00000000001102e8      0x448 c:/devkitpro/devkitarm/bin/../lib/gcc/arm-none-eabi/8.3.0/armv6k/fpu\libgcc.a(unwind-arm.o)
 .text.__aeabi_unwind_cpp_pr0
                0x0000000000110730        0x8 c:/devkitpro/devkitarm/bin/../lib/gcc/arm-none-eabi/8.3.0/armv6k/fpu\libgcc.a(unwind-arm.o)
                0x0000000000110730                __aeabi_unwind_cpp_pr0
 .text.__aeabi_unwind_cpp_pr1
                0x0000000000110738        0x8 c:/devkitpro/devkitarm/bin/../lib/gcc/arm-none-eabi/8.3.0/armv6k/fpu\libgcc.a(unwind-arm.o)
                0x0000000000110738                __aeabi_unwind_cpp_pr1
 .text.__aeabi_unwind_cpp_pr2
                0x0000000000110740        0x8 c:/devkitpro/devkitarm/bin/../lib/gcc/arm-none-eabi/8.3.0/armv6k/fpu\libgcc.a(unwind-arm.o)
                0x0000000000110740                __aeabi_unwind_cpp_pr2
 .text._Unwind_VRS_Pop
                0x0000000000110748      0x3dc c:/devkitpro/devkitarm/bin/../lib/gcc/arm-none-eabi/8.3.0/armv6k/fpu\libgcc.a(unwind-arm.o)
                0x0000000000110748                _Unwind_VRS_Pop
 .text.next_unwind_byte
                0x0000000000110b24       0x60 c:/devkitpro/devkitarm/bin/../lib/gcc/arm-none-eabi/8.3.0/armv6k/fpu\libgcc.a(pr-support.o)
 .text._Unwind_GetGR.constprop.0
                0x0000000000110b84       0x2c c:/devkitpro/devkitarm/bin/../lib/gcc/arm-none-eabi/8.3.0/armv6k/fpu\libgcc.a(pr-support.o)
 .text.unwind_UCB_from_context
                0x0000000000110bb0        0x4 c:/devkitpro/devkitarm/bin/../lib/gcc/arm-none-eabi/8.3.0/armv6k/fpu\libgcc.a(pr-support.o)
 .text.__gnu_unwind_execute
                0x0000000000110bb4      0x3c8 c:/devkitpro/devkitarm/bin/../lib/gcc/arm-none-eabi/8.3.0/armv6k/fpu\libgcc.a(pr-support.o)
                0x0000000000110bb4                __gnu_unwind_execute
 .text.__gnu_unwind_frame
                0x0000000000110f7c       0x48 c:/devkitpro/devkitarm/bin/../lib/gcc/arm-none-eabi/8.3.0/armv6k/fpu\libgcc.a(pr-support.o)
                0x0000000000110f7c                __gnu_unwind_frame
 .text._Unwind_GetRegionStart
                0x0000000000110fc4       0x10 c:/devkitpro/devkitarm/bin/../lib/gcc/arm-none-eabi/8.3.0/armv6k/fpu\libgcc.a(pr-support.o)
                0x0000000000110fc4                _Unwind_GetRegionStart
 .text._Unwind_GetLanguageSpecificData
                0x0000000000110fd4       0x1c c:/devkitpro/devkitarm/bin/../lib/gcc/arm-none-eabi/8.3.0/armv6k/fpu\libgcc.a(pr-support.o)
                0x0000000000110fd4                _Unwind_GetLanguageSpecificData
 .text.unlikely._Unwind_GetDataRelBase
                0x0000000000110ff0        0x8 c:/devkitpro/devkitarm/bin/../lib/gcc/arm-none-eabi/8.3.0/armv6k/fpu\libgcc.a(pr-support.o)
                0x0000000000110ff0                _Unwind_GetDataRelBase
 .text.unlikely._Unwind_GetTextRelBase
                0x0000000000110ff8        0x8 c:/devkitpro/devkitarm/bin/../lib/gcc/arm-none-eabi/8.3.0/armv6k/fpu\libgcc.a(pr-support.o)
                0x0000000000110ff8                _Unwind_GetTextRelBase
 .text.abort    0x0000000000111000       0x14 c:/devkitpro/devkitarm/bin/../lib/gcc/arm-none-eabi/8.3.0/../../../../arm-none-eabi/lib/armv6k/fpu\libg.a(lib_a-abort.o)
                0x0000000000111000                abort
 .text.bsearch  0x0000000000111014       0x7c c:/devkitpro/devkitarm/bin/../lib/gcc/arm-none-eabi/8.3.0/../../../../arm-none-eabi/lib/armv6k/fpu\libg.a(lib_a-bsearch.o)
                0x0000000000111014                bsearch
 .text.calloc   0x0000000000111090       0x20 c:/devkitpro/devkitarm/bin/../lib/gcc/arm-none-eabi/8.3.0/../../../../arm-none-eabi/lib/armv6k/fpu\libg.a(lib_a-calloc.o)
                0x0000000000111090                calloc
 .text._calloc_r
                0x00000000001110b0       0x94 c:/devkitpro/devkitarm/bin/../lib/gcc/arm-none-eabi/8.3.0/../../../../arm-none-eabi/lib/armv6k/fpu\libg.a(lib_a-callocr.o)
                0x00000000001110b0                _calloc_r
 .text.__cxa_atexit
                0x0000000000111144       0x14 c:/devkitpro/devkitarm/bin/../lib/gcc/arm-none-eabi/8.3.0/../../../../arm-none-eabi/lib/armv6k/fpu\libg.a(lib_a-cxa_atexit.o)
                0x0000000000111144                __cxa_atexit
 .text.__libc_fini_array
                0x0000000000111158       0x40 c:/devkitpro/devkitarm/bin/../lib/gcc/arm-none-eabi/8.3.0/../../../../arm-none-eabi/lib/armv6k/fpu\libg.a(lib_a-fini.o)
                0x0000000000111158                __libc_fini_array
 .text.__libc_init_array
                0x0000000000111198       0x7c c:/devkitpro/devkitarm/bin/../lib/gcc/arm-none-eabi/8.3.0/../../../../arm-none-eabi/lib/armv6k/fpu\libg.a(lib_a-init.o)
                0x0000000000111198                __libc_init_array
 .text.__swhatbuf_r
                0x0000000000111214       0x94 c:/devkitpro/devkitarm/bin/../lib/gcc/arm-none-eabi/8.3.0/../../../../arm-none-eabi/lib/armv6k/fpu\libg.a(lib_a-makebuf.o)
                0x0000000000111214                __swhatbuf_r
 .text.__smakebuf_r
                0x00000000001112a8       0xf4 c:/devkitpro/devkitarm/bin/../lib/gcc/arm-none-eabi/8.3.0/../../../../arm-none-eabi/lib/armv6k/fpu\libg.a(lib_a-makebuf.o)
                0x00000000001112a8                __smakebuf_r
 .text.memalign
                0x000000000011139c       0x20 c:/devkitpro/devkitarm/bin/../lib/gcc/arm-none-eabi/8.3.0/../../../../arm-none-eabi/lib/armv6k/fpu\libg.a(lib_a-malign.o)
                0x000000000011139c                memalign
 .text._memalign_r
                0x00000000001113bc      0x14c c:/devkitpro/devkitarm/bin/../lib/gcc/arm-none-eabi/8.3.0/../../../../arm-none-eabi/lib/armv6k/fpu\libg.a(lib_a-malignr.o)
                0x00000000001113bc                _memalign_r
 .text.malloc   0x0000000000111508       0x18 c:/devkitpro/devkitarm/bin/../lib/gcc/arm-none-eabi/8.3.0/../../../../arm-none-eabi/lib/armv6k/fpu\libg.a(lib_a-malloc.o)
                0x0000000000111508                malloc
 .text.free     0x0000000000111520       0x18 c:/devkitpro/devkitarm/bin/../lib/gcc/arm-none-eabi/8.3.0/../../../../arm-none-eabi/lib/armv6k/fpu\libg.a(lib_a-malloc.o)
                0x0000000000111520                free
 .text._malloc_r
                0x0000000000111538      0x7d8 c:/devkitpro/devkitarm/bin/../lib/gcc/arm-none-eabi/8.3.0/../../../../arm-none-eabi/lib/armv6k/fpu\libg.a(lib_a-mallocr.o)
                0x0000000000111538                _malloc_r
 .text.memchr   0x0000000000111d10      0x100 c:/devkitpro/devkitarm/bin/../lib/gcc/arm-none-eabi/8.3.0/../../../../arm-none-eabi/lib/armv6k/fpu\libg.a(lib_a-memchr-stub.o)
                0x0000000000111d10                memchr